Component: ARM Compiler 5.06 update 5 (build 528) Tool: armlink [4d35e2]

==============================================================================

Section Cross References

    main.o(i.main) refers to usart.o(i.USART_Config) for USART_Config
    main.o(i.main) refers to printfb.o(i.__0printf$bare) for __2printf
    main.o(i.main) refers to systick.o(i.SysTick_Init) for SysTick_Init
    main.o(i.main) refers to oled.o(i.OLED_Init) for OLED_Init
    main.o(i.main) refers to nvic.o(i.NVIC_Config) for NVIC_Config
    main.o(i.main) refers to button.o(i.BUTTON_Config) for BUTTON_Config
    main.o(i.main) refers to led.o(i.LED_Config) for LED_Config
    main.o(i.main) refers to led.o(i.LED_On) for LED_On
    main.o(i.main) refers to si24r1.o(i.SI24R1_Config) for SI24R1_Config
    main.o(i.main) refers to tim_octigr.o(i.TIM_OCTigrConfig) for TIM_OCTigrConfig
    main.o(i.main) refers to adc_dma.o(i.ADC_DmaConfig) for ADC_DmaConfig
    main.o(i.main) refers to si24r1.o(i.WaitFlY_Connection) for WaitFlY_Connection
    main.o(i.main) refers to oleddispaly.o(i.Display_init) for Display_init
    main.o(i.main) refers to oleddispaly.o(i.Display_Update) for Display_Update
    nvic.o(i.NVIC_Config) refers to nvic.o(i.NVIC_EncodePriority) for NVIC_EncodePriority
    nvic.o(i.NVIC_Config) refers to nvic.o(i.__NVIC_SetPriority) for __NVIC_SetPriority
    systick.o(i.SysTick_Handler) refers to systick.o(.data) for count
    systick.o(i.SysTick_Init) refers to system_stm32f10x.o(.data) for SystemCoreClock
    systick.o(i.delay_ms) refers to systick.o(.data) for count
    systick.o(i.delay_us) refers to systick.o(.data) for count
    usart.o(i.USART_Config) refers to stm32f10x_rcc.o(i.RCC_APB2PeriphClockCmd) for RCC_APB2PeriphClockCmd
    usart.o(i.USART_Config) refers to stm32f10x_gpio.o(i.GPIO_Init) for GPIO_Init
    usart.o(i.USART_Config) refers to stm32f10x_usart.o(i.USART_Init) for USART_Init
    usart.o(i.USART_Config) refers to stm32f10x_usart.o(i.USART_Cmd) for USART_Cmd
    usart.o(i.fputc) refers to stm32f10x_usart.o(i.USART_SendData) for USART_SendData
    usart.o(i.fputc) refers to stm32f10x_usart.o(i.USART_GetFlagStatus) for USART_GetFlagStatus
    led.o(i.LED_Config) refers to stm32f10x_rcc.o(i.RCC_APB2PeriphClockCmd) for RCC_APB2PeriphClockCmd
    led.o(i.LED_Config) refers to stm32f10x_gpio.o(i.GPIO_Init) for GPIO_Init
    led.o(i.LED_Config) refers to led.o(i.LED_Off) for LED_Off
    led.o(i.LED_Off) refers to stm32f10x_gpio.o(i.GPIO_SetBits) for GPIO_SetBits
    led.o(i.LED_On) refers to stm32f10x_gpio.o(i.GPIO_ResetBits) for GPIO_ResetBits
    tim_octigr.o(i.TIM_OCTigrConfig) refers to stm32f10x_rcc.o(i.RCC_APB1PeriphClockCmd) for RCC_APB1PeriphClockCmd
    tim_octigr.o(i.TIM_OCTigrConfig) refers to stm32f10x_tim.o(i.TIM_TimeBaseInit) for TIM_TimeBaseInit
    tim_octigr.o(i.TIM_OCTigrConfig) refers to stm32f10x_tim.o(i.TIM_OC4Init) for TIM_OC4Init
    tim_octigr.o(i.TIM_OCTigrConfig) refers to stm32f10x_tim.o(i.TIM_ARRPreloadConfig) for TIM_ARRPreloadConfig
    tim_octigr.o(i.TIM_OCTigrConfig) refers to stm32f10x_tim.o(i.TIM_OC4PreloadConfig) for TIM_OC4PreloadConfig
    tim_octigr.o(i.TIM_OCTigrConfig) refers to stm32f10x_tim.o(i.TIM_Cmd) for TIM_Cmd
    adc_dma.o(i.ADC_Calibration) refers to paramsave.o(i.PID_WriteFlash) for PID_WriteFlash
    adc_dma.o(i.ADC_Calibration) refers to adc_dma.o(.data) for ADC_ConvertedValue
    adc_dma.o(i.ADC_DmaConfig) refers to stm32f10x_rcc.o(i.RCC_AHBPeriphClockCmd) for RCC_AHBPeriphClockCmd
    adc_dma.o(i.ADC_DmaConfig) refers to stm32f10x_dma.o(i.DMA_Init) for DMA_Init
    adc_dma.o(i.ADC_DmaConfig) refers to stm32f10x_dma.o(i.DMA_ITConfig) for DMA_ITConfig
    adc_dma.o(i.ADC_DmaConfig) refers to stm32f10x_dma.o(i.DMA_Cmd) for DMA_Cmd
    adc_dma.o(i.ADC_DmaConfig) refers to stm32f10x_rcc.o(i.RCC_APB2PeriphClockCmd) for RCC_APB2PeriphClockCmd
    adc_dma.o(i.ADC_DmaConfig) refers to stm32f10x_gpio.o(i.GPIO_Init) for GPIO_Init
    adc_dma.o(i.ADC_DmaConfig) refers to stm32f10x_adc.o(i.ADC_Init) for ADC_Init
    adc_dma.o(i.ADC_DmaConfig) refers to stm32f10x_adc.o(i.ADC_Cmd) for ADC_Cmd
    adc_dma.o(i.ADC_DmaConfig) refers to stm32f10x_adc.o(i.ADC_DMACmd) for ADC_DMACmd
    adc_dma.o(i.ADC_DmaConfig) refers to stm32f10x_rcc.o(i.RCC_ADCCLKConfig) for RCC_ADCCLKConfig
    adc_dma.o(i.ADC_DmaConfig) refers to stm32f10x_adc.o(i.ADC_RegularChannelConfig) for ADC_RegularChannelConfig
    adc_dma.o(i.ADC_DmaConfig) refers to stm32f10x_adc.o(i.ADC_ResetCalibration) for ADC_ResetCalibration
    adc_dma.o(i.ADC_DmaConfig) refers to stm32f10x_adc.o(i.ADC_GetCalibrationStatus) for ADC_GetCalibrationStatus
    adc_dma.o(i.ADC_DmaConfig) refers to stm32f10x_adc.o(i.ADC_StartCalibration) for ADC_StartCalibration
    adc_dma.o(i.ADC_DmaConfig) refers to stm32f10x_adc.o(i.ADC_ExternalTrigConvCmd) for ADC_ExternalTrigConvCmd
    adc_dma.o(i.ADC_DmaConfig) refers to adc_dma.o(.data) for ADC_ConvertedValue
[...]
    Removing stm32f10x_adc.o(i.ADC_SetInjectedOffset), (20 bytes).
    Removing stm32f10x_adc.o(i.ADC_SoftwareStartConvCmd), (22 bytes).
    Removing stm32f10x_adc.o(i.ADC_SoftwareStartInjectedConvCmd), (22 bytes).
    Removing stm32f10x_adc.o(i.ADC_StructInit), (18 bytes).
    Removing stm32f10x_adc.o(i.ADC_TempSensorVrefintCmd), (36 bytes).
    Removing stm32f10x_dma.o(.rev16_text), (4 bytes).
    Removing stm32f10x_dma.o(.revsh_text), (4 bytes).
    Removing stm32f10x_dma.o(.rrx_text), (6 bytes).
    Removing stm32f10x_dma.o(i.DMA_ClearFlag), (28 bytes).
    Removing stm32f10x_dma.o(i.DMA_DeInit), (332 bytes).
    Removing stm32f10x_dma.o(i.DMA_GetCurrDataCounter), (8 bytes).
    Removing stm32f10x_dma.o(i.DMA_GetFlagStatus), (44 bytes).
    Removing stm32f10x_dma.o(i.DMA_SetCurrDataCounter), (4 bytes).
    Removing stm32f10x_dma.o(i.DMA_StructInit), (26 bytes).
    Removing stm32f10x_exti.o(.rev16_text), (4 bytes).
    Removing stm32f10x_exti.o(.revsh_text), (4 bytes).
    Removing stm32f10x_exti.o(.rrx_text), (6 bytes).
    Removing stm32f10x_exti.o(i.EXTI_ClearFlag), (12 bytes).
    Removing stm32f10x_exti.o(i.EXTI_DeInit), (36 bytes).
    Removing stm32f10x_exti.o(i.EXTI_GenerateSWInterrupt), (16 bytes).
    Removing stm32f10x_exti.o(i.EXTI_GetFlagStatus), (24 bytes).
    Removing stm32f10x_exti.o(i.EXTI_StructInit), (16 bytes).
    Removing stm32f10x_flash.o(.rev16_text), (4 bytes).
    Removing stm32f10x_flash.o(.revsh_text), (4 bytes).
    Removing stm32f10x_flash.o(.rrx_text), (6 bytes).
    Removing stm32f10x_flash.o(i.FLASH_ClearFlag), (12 bytes).
    Removing stm32f10x_flash.o(i.FLASH_EnableWriteProtection), (196 bytes).
    Removing stm32f10x_flash.o(i.FLASH_EraseAllBank1Pages), (72 bytes).
    Removing stm32f10x_flash.o(i.FLASH_EraseAllPages), (72 bytes).
    Removing stm32f10x_flash.o(i.FLASH_EraseOptionBytes), (168 bytes).
    Removing stm32f10x_flash.o(i.FLASH_GetFlagStatus), (48 bytes).
    Removing stm32f10x_flash.o(i.FLASH_GetPrefetchBufferStatus), (24 bytes).
    Removing stm32f10x_flash.o(i.FLASH_GetReadOutProtectionStatus), (24 bytes).
    Removing stm32f10x_flash.o(i.FLASH_GetStatus), (52 bytes).
    Removing stm32f10x_flash.o(i.FLASH_GetUserOptionByte), (12 bytes).
    Removing stm32f10x_flash.o(i.FLASH_GetWriteProtectionOptionByte), (12 bytes).
    Removing stm32f10x_flash.o(i.FLASH_HalfCycleAccessCmd), (28 bytes).
    Removing stm32f10x_flash.o(i.FLASH_ITConfig), (32 bytes).
    Removing stm32f10x_flash.o(i.FLASH_LockBank1), (20 bytes).
    Removing stm32f10x_flash.o(i.FLASH_PrefetchBufferCmd), (28 bytes).
    Removing stm32f10x_flash.o(i.FLASH_ProgramOptionByteData), (84 bytes).
    Removing stm32f10x_flash.o(i.FLASH_ProgramWord), (108 bytes).
    Removing stm32f10x_flash.o(i.FLASH_ReadOutProtection), (172 bytes).
    Removing stm32f10x_flash.o(i.FLASH_SetLatency), (24 bytes).
    Removing stm32f10x_flash.o(i.FLASH_UnlockBank1), (24 bytes).
    Removing stm32f10x_flash.o(i.FLASH_UserOptionByteConfig), (104 bytes).
    Removing stm32f10x_flash.o(i.FLASH_WaitForLastBank1Operation), (38 bytes).
    Removing stm32f10x_gpio.o(.rev16_text), (4 bytes).
    Removing stm32f10x_gpio.o(.revsh_text), (4 bytes).
    Removing stm32f10x_gpio.o(.rrx_text), (6 bytes).
    Removing stm32f10x_gpio.o(i.GPIO_AFIODeInit), (20 bytes).
    Removing stm32f10x_gpio.o(i.GPIO_DeInit), (200 bytes).
    Removing stm32f10x_gpio.o(i.GPIO_ETH_MediaInterfaceConfig), (12 bytes).
    Removing stm32f10x_gpio.o(i.GPIO_EventOutputCmd), (12 bytes).
    Removing stm32f10x_gpio.o(i.GPIO_EventOutputConfig), (32 bytes).
    Removing stm32f10x_gpio.o(i.GPIO_PinLockConfig), (18 bytes).
    Removing stm32f10x_gpio.o(i.GPIO_PinRemapConfig), (144 bytes).
    Removing stm32f10x_gpio.o(i.GPIO_ReadInputData), (8 bytes).
    Removing stm32f10x_gpio.o(i.GPIO_ReadInputDataBit), (18 bytes).
    Removing stm32f10x_gpio.o(i.GPIO_ReadOutputData), (8 bytes).
    Removing stm32f10x_gpio.o(i.GPIO_ReadOutputDataBit), (18 bytes).
    Removing stm32f10x_gpio.o(i.GPIO_StructInit), (16 bytes).
    Removing stm32f10x_gpio.o(i.GPIO_Write), (4 bytes).
    Removing stm32f10x_gpio.o(i.GPIO_WriteBit), (10 bytes).
    Removing stm32f10x_rcc.o(.rev16_text), (4 bytes).
    Removing stm32f10x_rcc.o(.revsh_text), (4 bytes).
    Removing stm32f10x_rcc.o(.rrx_text), (6 bytes).
    Removing stm32f10x_rcc.o(i.RCC_APB1PeriphResetCmd), (32 bytes).
    Removing stm32f10x_rcc.o(i.RCC_APB2PeriphResetCmd), (32 bytes).
    Removing stm32f10x_rcc.o(i.RCC_AdjustHSICalibrationValue), (24 bytes).
    Removing stm32f10x_rcc.o(i.RCC_BackupResetCmd), (12 bytes).
    Removing stm32f10x_rcc.o(i.RCC_ClearFlag), (20 bytes).
    Removing stm32f10x_rcc.o(i.RCC_ClearITPendingBit), (12 bytes).
    Removing stm32f10x_rcc.o(i.RCC_ClockSecuritySystemCmd), (12 bytes).
    Removing stm32f10x_rcc.o(i.RCC_DeInit), (76 bytes).
    Removing stm32f10x_rcc.o(i.RCC_GetFlagStatus), (60 bytes).
    Removing stm32f10x_rcc.o(i.RCC_GetITStatus), (24 bytes).
    Removing stm32f10x_rcc.o(i.RCC_GetSYSCLKSource), (16 bytes).
    Removing stm32f10x_rcc.o(i.RCC_HCLKConfig), (24 bytes).
    Removing stm32f10x_rcc.o(i.RCC_HSEConfig), (76 bytes).
    Removing stm32f10x_rcc.o(i.RCC_HSICmd), (12 bytes).
    Removing stm32f10x_rcc.o(i.RCC_ITConfig), (32 bytes).
    Removing stm32f10x_rcc.o(i.RCC_LSEConfig), (52 bytes).
    Removing stm32f10x_rcc.o(i.RCC_LSICmd), (12 bytes).
    Removing stm32f10x_rcc.o(i.RCC_MCOConfig), (12 bytes).
    Removing stm32f10x_rcc.o(i.RCC_PCLK1Config), (24 bytes).
    Removing stm32f10x_rcc.o(i.RCC_PCLK2Config), (24 bytes).
    Removing stm32f10x_rcc.o(i.RCC_PLLCmd), (12 bytes).
    Removing stm32f10x_rcc.o(i.RCC_PLLConfig), (28 bytes).
    Removing stm32f10x_rcc.o(i.RCC_RTCCLKCmd), (12 bytes).
    Removing stm32f10x_rcc.o(i.RCC_RTCCLKConfig), (16 bytes).
    Removing stm32f10x_rcc.o(i.RCC_SYSCLKConfig), (24 bytes).
    Removing stm32f10x_rcc.o(i.RCC_USBCLKConfig), (12 bytes).
    Removing stm32f10x_rcc.o(i.RCC_WaitForHSEStartUp), (56 bytes).
    Removing stm32f10x_spi.o(.rev16_text), (4 bytes).
    Removing stm32f10x_spi.o(.revsh_text), (4 bytes).
    Removing stm32f10x_spi.o(.rrx_text), (6 bytes).
    Removing stm32f10x_spi.o(i.I2S_Cmd), (24 bytes).
    Removing stm32f10x_spi.o(i.I2S_Init), (232 bytes).
    Removing stm32f10x_spi.o(i.I2S_StructInit), (20 bytes).
    Removing stm32f10x_spi.o(i.SPI_BiDirectionalLineConfig), (28 bytes).
    Removing stm32f10x_spi.o(i.SPI_CalculateCRC), (24 bytes).
    Removing stm32f10x_spi.o(i.SPI_DataSizeConfig), (18 bytes).
    Removing stm32f10x_spi.o(i.SPI_GetCRC), (16 bytes).
    Removing stm32f10x_spi.o(i.SPI_GetCRCPolynomial), (6 bytes).
    Removing stm32f10x_spi.o(i.SPI_I2S_ClearFlag), (6 bytes).
    Removing stm32f10x_spi.o(i.SPI_I2S_ClearITPendingBit), (20 bytes).
    Removing stm32f10x_spi.o(i.SPI_I2S_DMACmd), (18 bytes).
    Removing stm32f10x_spi.o(i.SPI_I2S_DeInit), (88 bytes).
    Removing stm32f10x_spi.o(i.SPI_I2S_GetITStatus), (52 bytes).
    Removing stm32f10x_spi.o(i.SPI_I2S_ITConfig), (32 bytes).
    Removing stm32f10x_spi.o(i.SPI_NSSInternalSoftwareConfig), (30 bytes).
    Removing stm32f10x_spi.o(i.SPI_SSOutputCmd), (24 bytes).
    Removing stm32f10x_spi.o(i.SPI_StructInit), (24 bytes).
    Removing stm32f10x_spi.o(i.SPI_TransmitCRC), (10 bytes).
    Removing stm32f10x_tim.o(.rev16_text), (4 bytes).
    Removing stm32f10x_tim.o(.revsh_text), (4 bytes).
    Removing stm32f10x_tim.o(.rrx_text), (6 bytes).
    Removing stm32f10x_tim.o(i.TI1_Config), (128 bytes).
    Removing stm32f10x_tim.o(i.TI2_Config), (152 bytes).
    Removing stm32f10x_tim.o(i.TI3_Config), (144 bytes).
    Removing stm32f10x_tim.o(i.TI4_Config), (152 bytes).
    Removing stm32f10x_tim.o(i.TIM_BDTRConfig), (32 bytes).
    Removing stm32f10x_tim.o(i.TIM_BDTRStructInit), (18 bytes).
    Removing stm32f10x_tim.o(i.TIM_CCPreloadControl), (24 bytes).
    Removing stm32f10x_tim.o(i.TIM_CCxCmd), (30 bytes).
    Removing stm32f10x_tim.o(i.TIM_CCxNCmd), (30 bytes).
    Removing stm32f10x_tim.o(i.TIM_ClearFlag), (6 bytes).
    Removing stm32f10x_tim.o(i.TIM_ClearITPendingBit), (6 bytes).
    Removing stm32f10x_tim.o(i.TIM_ClearOC1Ref), (18 bytes).
    Removing stm32f10x_tim.o(i.TIM_ClearOC2Ref), (24 bytes).
    Removing stm32f10x_tim.o(i.TIM_ClearOC3Ref), (18 bytes).
    Removing stm32f10x_tim.o(i.TIM_ClearOC4Ref), (24 bytes).
    Removing stm32f10x_tim.o(i.TIM_CounterModeConfig), (18 bytes).
    Removing stm32f10x_tim.o(i.TIM_CtrlPWMOutputs), (30 bytes).
    Removing stm32f10x_tim.o(i.TIM_DMACmd), (18 bytes).
    Removing stm32f10x_tim.o(i.TIM_DMAConfig), (10 bytes).
    Removing stm32f10x_tim.o(i.TIM_DeInit), (488 bytes).
    Removing stm32f10x_tim.o(i.TIM_ETRClockMode1Config), (54 bytes).
    Removing stm32f10x_tim.o(i.TIM_ETRClockMode2Config), (32 bytes).
    Removing stm32f10x_tim.o(i.TIM_ETRConfig), (28 bytes).
    Removing stm32f10x_tim.o(i.TIM_EncoderInterfaceConfig), (66 bytes).
    Removing stm32f10x_tim.o(i.TIM_ForcedOC1Config), (18 bytes).
    Removing stm32f10x_tim.o(i.TIM_ForcedOC2Config), (26 bytes).
    Removing stm32f10x_tim.o(i.TIM_ForcedOC3Config), (18 bytes).
    Removing stm32f10x_tim.o(i.TIM_ForcedOC4Config), (26 bytes).
    Removing stm32f10x_tim.o(i.TIM_GenerateEvent), (4 bytes).
    Removing stm32f10x_tim.o(i.TIM_GetCapture1), (6 bytes).
    Removing stm32f10x_tim.o(i.TIM_GetCapture2), (6 bytes).
    Removing stm32f10x_tim.o(i.TIM_GetCapture3), (6 bytes).
    Removing stm32f10x_tim.o(i.TIM_GetCapture4), (8 bytes).
    Removing stm32f10x_tim.o(i.TIM_GetCounter), (6 bytes).
    Removing stm32f10x_tim.o(i.TIM_GetFlagStatus), (18 bytes).
    Removing stm32f10x_tim.o(i.TIM_GetITStatus), (34 bytes).
    Removing stm32f10x_tim.o(i.TIM_GetPrescaler), (6 bytes).
    Removing stm32f10x_tim.o(i.TIM_ICInit), (172 bytes).
    Removing stm32f10x_tim.o(i.TIM_ICStructInit), (18 bytes).
    Removing stm32f10x_tim.o(i.TIM_ITConfig), (18 bytes).
    Removing stm32f10x_tim.o(i.TIM_ITRxExternalClockConfig), (24 bytes).
    Removing stm32f10x_tim.o(i.TIM_InternalClockConfig), (12 bytes).
    Removing stm32f10x_tim.o(i.TIM_OC1FastConfig), (18 bytes).
    Removing stm32f10x_tim.o(i.TIM_OC1Init), (152 bytes).
    Removing stm32f10x_tim.o(i.TIM_OC1NPolarityConfig), (18 bytes).
    Removing stm32f10x_tim.o(i.TIM_OC1PolarityConfig), (18 bytes).
    Removing stm32f10x_tim.o(i.TIM_OC1PreloadConfig), (18 bytes).
    Removing stm32f10x_tim.o(i.TIM_OC2FastConfig), (26 bytes).
    Removing stm32f10x_tim.o(i.TIM_OC2Init), (164 bytes).
    Removing stm32f10x_tim.o(i.TIM_OC2NPolarityConfig), (26 bytes).
    Removing stm32f10x_tim.o(i.TIM_OC2PolarityConfig), (26 bytes).
    Removing stm32f10x_tim.o(i.TIM_OC2PreloadConfig), (26 bytes).
    Removing stm32f10x_tim.o(i.TIM_OC3FastConfig), (18 bytes).
    Removing stm32f10x_tim.o(i.TIM_OC3Init), (160 bytes).
    Removing stm32f10x_tim.o(i.TIM_OC3NPolarityConfig), (26 bytes).
    Removing stm32f10x_tim.o(i.TIM_OC3PolarityConfig), (26 bytes).
    Removing stm32f10x_tim.o(i.TIM_OC3PreloadConfig), (18 bytes).
    Removing stm32f10x_tim.o(i.TIM_OC4FastConfig), (26 bytes).
    Removing stm32f10x_tim.o(i.TIM_OC4PolarityConfig), (26 bytes).
    Removing stm32f10x_tim.o(i.TIM_OCStructInit), (20 bytes).
    Removing stm32f10x_tim.o(i.TIM_PWMIConfig), (124 bytes).
    Removing stm32f10x_tim.o(i.TIM_PrescalerConfig), (6 bytes).
    Removing stm32f10x_tim.o(i.TIM_SelectCCDMA), (24 bytes).
    Removing stm32f10x_tim.o(i.TIM_SelectCOM), (24 bytes).
    Removing stm32f10x_tim.o(i.TIM_SelectHallSensor), (24 bytes).
    Removing stm32f10x_tim.o(i.TIM_SelectInputTrigger), (18 bytes).
    Removing stm32f10x_tim.o(i.TIM_SelectMasterSlaveMode), (18 bytes).
    Removing stm32f10x_tim.o(i.TIM_SelectOCxM), (82 bytes).
    Removing stm32f10x_tim.o(i.TIM_SelectOnePulseMode), (18 bytes).
    Removing stm32f10x_tim.o(i.TIM_SelectOutputTrigger), (18 bytes).
    Removing stm32f10x_tim.o(i.TIM_SelectSlaveMode), (18 bytes).
    Removing stm32f10x_tim.o(i.TIM_SetAutoreload), (4 bytes).
    Removing stm32f10x_tim.o(i.TIM_SetClockDivision), (18 bytes).
    Removing stm32f10x_tim.o(i.TIM_SetCompare1), (4 bytes).
    Removing stm32f10x_tim.o(i.TIM_SetCompare2), (4 bytes).
    Removing stm32f10x_tim.o(i.TIM_SetCompare3), (4 bytes).
    Removing stm32f10x_tim.o(i.TIM_SetCompare4), (6 bytes).
    Removing stm32f10x_tim.o(i.TIM_SetCounter), (4 bytes).
    Removing stm32f10x_tim.o(i.TIM_SetIC1Prescaler), (18 bytes).
    Removing stm32f10x_tim.o(i.TIM_SetIC2Prescaler), (26 bytes).
    Removing stm32f10x_tim.o(i.TIM_SetIC3Prescaler), (18 bytes).
    Removing stm32f10x_tim.o(i.TIM_SetIC4Prescaler), (26 bytes).
    Removing stm32f10x_tim.o(i.TIM_TIxExternalClockConfig), (62 bytes).
    Removing stm32f10x_tim.o(i.TIM_TimeBaseStructInit), (18 bytes).
    Removing stm32f10x_tim.o(i.TIM_UpdateDisableConfig), (24 bytes).
    Removing stm32f10x_tim.o(i.TIM_UpdateRequestConfig), (24 bytes).
    Removing stm32f10x_usart.o(.rev16_text), (4 bytes).
    Removing stm32f10x_usart.o(.revsh_text), (4 bytes).
    Removing stm32f10x_usart.o(.rrx_text), (6 bytes).
    Removing stm32f10x_usart.o(i.USART_ClearFlag), (18 bytes).
    Removing stm32f10x_usart.o(i.USART_ClearITPendingBit), (30 bytes).
    Removing stm32f10x_usart.o(i.USART_ClockInit), (34 bytes).
    Removing stm32f10x_usart.o(i.USART_ClockStructInit), (12 bytes).
    Removing stm32f10x_usart.o(i.USART_DMACmd), (18 bytes).
    Removing stm32f10x_usart.o(i.USART_DeInit), (156 bytes).
    Removing stm32f10x_usart.o(i.USART_GetITStatus), (84 bytes).
    Removing stm32f10x_usart.o(i.USART_HalfDuplexCmd), (24 bytes).
    Removing stm32f10x_usart.o(i.USART_ITConfig), (74 bytes).
    Removing stm32f10x_usart.o(i.USART_IrDACmd), (24 bytes).
    Removing stm32f10x_usart.o(i.USART_IrDAConfig), (18 bytes).
    Removing stm32f10x_usart.o(i.USART_LINBreakDetectLengthConfig), (18 bytes).
    Removing stm32f10x_usart.o(i.USART_LINCmd), (24 bytes).
    Removing stm32f10x_usart.o(i.USART_OneBitMethodCmd), (24 bytes).
    Removing stm32f10x_usart.o(i.USART_OverSampling8Cmd), (22 bytes).
    Removing stm32f10x_usart.o(i.USART_ReceiveData), (10 bytes).
    Removing stm32f10x_usart.o(i.USART_ReceiverWakeUpCmd), (24 bytes).
    Removing stm32f10x_usart.o(i.USART_SendBreak), (10 bytes).
    Removing stm32f10x_usart.o(i.USART_SetAddress), (18 bytes).
    Removing stm32f10x_usart.o(i.USART_SetGuardTime), (16 bytes).
    Removing stm32f10x_usart.o(i.USART_SetPrescaler), (16 bytes).
    Removing stm32f10x_usart.o(i.USART_SmartCardCmd), (24 bytes).
    Removing stm32f10x_usart.o(i.USART_SmartCardNACKCmd), (24 bytes).
    Removing stm32f10x_usart.o(i.USART_StructInit), (24 bytes).
    Removing stm32f10x_usart.o(i.USART_WakeUpConfig), (18 bytes).
    Removing startup_stm32f10x_md.o(HEAP), (512 bytes).
    Removing system_stm32f10x.o(.rev16_text), (4 bytes).
    Removing system_stm32f10x.o(.revsh_text), (4 bytes).
    Removing system_stm32f10x.o(.rrx_text), (6 bytes).
    Removing system_stm32f10x.o(i.SystemCoreClockUpdate), (164 bytes).
    Removing dadd.o(.text), (334 bytes).
    Removing dmul.o(.text), (228 bytes).
    Removing ddiv.o(.text), (222 bytes).
    Removing dfixul.o(.text), (48 bytes).
    Removing cdrcmple.o(.text), (48 bytes).
    Removing depilogue.o(.text), (186 bytes).

339 unused section(s) (total 11750 bytes) removed from the image.

==============================================================================

Image Symbol Table

    Local Symbols

    Symbol Name                              Value     Ov Type        Size  Object(Section)

    ../clib/microlib/division.c              0x00000000   Number         0  uidiv.o ABSOLUTE
    ../clib/microlib/division.c              0x00000000   Number         0  uldiv.o ABSOLUTE
    ../clib/microlib/init/entry.s            0x00000000   Number         0  entry7a.o ABSOLUTE
    ../clib/microlib/init/entry.s            0x00000000   Number         0  entry9b.o ABSOLUTE
    ../clib/microlib/init/entry.s            0x00000000   Number         0  entry11a.o ABSOLUTE
    ../clib/microlib/init/entry.s            0x00000000   Number         0  entry10a.o ABSOLUTE
    ../clib/microlib/init/entry.s            0x00000000   Number         0  entry9a.o ABSOLUTE
    ../clib/microlib/init/entry.s            0x00000000   Number         0  entry8b.o ABSOLUTE
    ../clib/microlib/init/entry.s            0x00000000   Number         0  entry8a.o ABSOLUTE
    ../clib/microlib/init/entry.s            0x00000000   Number         0  entry7b.o ABSOLUTE
    ../clib/microlib/init/entry.s            0x00000000   Number         0  entry10b.o ABSOLUTE
    ../clib/microlib/init/entry.s            0x00000000   Number         0  entry2.o ABSOLUTE
    ../clib/microlib/init/entry.s            0x00000000   Number         0  entry5.o ABSOLUTE
    ../clib/microlib/init/entry.s            0x00000000   Number         0  entry11b.o ABSOLUTE
    ../clib/microlib/init/entry.s            0x00000000   Number         0  entry.o ABSOLUTE
    ../clib/microlib/longlong.c              0x00000000   Number         0  llsshr.o ABSOLUTE
    ../clib/microlib/longlong.c              0x00000000   Number         0  llushr.o ABSOLUTE
    ../clib/microlib/longlong.c              0x00000000   Number         0  llshl.o ABSOLUTE
    ../clib/microlib/printf/printf.c         0x00000000   Number         0  printf8.o ABSOLUTE
    ../clib/microlib/printf/printf.c         0x00000000   Number         0  printf5.o ABSOLUTE
    ../clib/microlib/printf/printf.c         0x00000000   Number         0  printf6.o ABSOLUTE
    ../clib/microlib/printf/printf.c         0x00000000   Number         0  printf7.o ABSOLUTE
    ../clib/microlib/printf/printf.c         0x00000000   Number         0  printf1.o ABSOLUTE
    ../clib/microlib/printf/printf.c         0x00000000   Number         0  printf2.o ABSOLUTE
    ../clib/microlib/printf/printf.c         0x00000000   Number         0  printf4.o ABSOLUTE
    ../clib/microlib/printf/printf.c         0x00000000   Number         0  printfa.o ABSOLUTE
    ../clib/microlib/printf/printf.c         0x00000000   Number         0  printf3.o ABSOLUTE
    ../clib/microlib/printf/printf.c         0x00000000   Number         0  printfb.o ABSOLUTE
    ../clib/microlib/printf/printf.c         0x00000000   Number         0  printf0.o ABSOLUTE
    ../clib/microlib/stdio/streams.c         0x00000000   Number         0  stdout.o ABSOLUTE
    ../clib/microlib/stubs.s                 0x00000000   Number         0  iusefp.o ABSOLUTE
    ../fplib/microlib/fpadd.c                0x00000000   Number         0  dadd.o ABSOLUTE
    ../fplib/microlib/fpadd.c                0x00000000   Number         0  fadd.o ABSOLUTE
    ../fplib/microlib/fpdiv.c                0x00000000   Number         0  ddiv.o ABSOLUTE
    ../fplib/microlib/fpdiv.c                0x00000000   Number         0  fdiv.o ABSOLUTE
    ../fplib/microlib/fpepilogue.c           0x00000000   Number         0  depilogue.o ABSOLUTE
    ../fplib/microlib/fpepilogue.c           0x00000000   Number         0  fepilogue.o ABSOLUTE
    ../fplib/microlib/fpfix.c                0x00000000   Number         0  dfixul.o ABSOLUTE
    ../fplib/microlib/fpfix.c                0x00000000   Number         0  ffixui.o ABSOLUTE
    ../fplib/microlib/fpflt.c                0x00000000   Number         0  ffltui.o ABSOLUTE
    ../fplib/microlib/fpflt.c                0x00000000   Number         0  fflti.o ABSOLUTE
    ../fplib/microlib/fpmul.c                0x00000000   Number         0  dmul.o ABSOLUTE
    ../fplib/microlib/fpmul.c                0x00000000   Number         0  fmul.o ABSOLUTE
    D:\\keil\\32\\ARM\\PACK\\Keil\\STM32F1xx_DFP\\2.2.0\\Device\\StdPeriph_Driver\\src\\misc.c 0x00000000   Number         0  misc.o ABSOLUTE
    D:\\keil\\32\\ARM\\PACK\\Keil\\STM32F1xx_DFP\\2.2.0\\Device\\StdPeriph_Driver\\src\\stm32f10x_adc.c 0x00000000   Number         0  stm32f10x_adc.o ABSOLUTE
    D:\\keil\\32\\ARM\\PACK\\Keil\\STM32F1xx_DFP\\2.2.0\\Device\\StdPeriph_Driver\\src\\stm32f10x_dma.c 0x00000000   Number         0  stm32f10x_dma.o ABSOLUTE
    D:\\keil\\32\\ARM\\PACK\\Keil\\STM32F1xx_DFP\\2.2.0\\Device\\StdPeriph_Driver\\src\\stm32f10x_exti.c 0x00000000   Number         0  stm32f10x_exti.o ABSOLUTE
    D:\\keil\\32\\ARM\\PACK\\Keil\\STM32F1xx_DFP\\2.2.0\\Device\\StdPeriph_Driver\\src\\stm32f10x_flash.c 0x00000000   Number         0  stm32f10x_flash.o ABSOLUTE
    D:\\keil\\32\\ARM\\PACK\\Keil\\STM32F1xx_DFP\\2.2.0\\Device\\StdPeriph_Driver\\src\\stm32f10x_gpio.c 0x00000000   Number         0  stm32f10x_gpio.o ABSOLUTE
    D:\\keil\\32\\ARM\\PACK\\Keil\\STM32F1xx_DFP\\2.2.0\\Device\\StdPeriph_Driver\\src\\stm32f10x_rcc.c 0x00000000   Number         0  stm32f10x_rcc.o ABSOLUTE
    D:\\keil\\32\\ARM\\PACK\\Keil\\STM32F1xx_DFP\\2.2.0\\Device\\StdPeriph_Driver\\src\\stm32f10x_spi.c 0x00000000   Number         0  stm32f10x_spi.o ABSOLUTE
    D:\\keil\\32\\ARM\\PACK\\Keil\\STM32F1xx_DFP\\2.2.0\\Device\\StdPeriph_Driver\\src\\stm32f10x_tim.c 0x00000000   Number         0  stm32f10x_tim.o ABSOLUTE
    D:\\keil\\32\\ARM\\PACK\\Keil\\STM32F1xx_DFP\\2.2.0\\Device\\StdPeriph_Driver\\src\\stm32f10x_usart.c 0x00000000   Number         0  stm32f10x_usart.o ABSOLUTE
    D:\keil\32\ARM\PACK\Keil\STM32F1xx_DFP\2.2.0\Device\StdPeriph_Driver\src\misc.c 0x00000000   Number         0  misc.o ABSOLUTE
    D:\keil\32\ARM\PACK\Keil\STM32F1xx_DFP\2.2.0\Device\StdPeriph_Driver\src\stm32f10x_adc.c 0x00000000   Number         0  stm32f10x_adc.o ABSOLUTE
    D:\keil\32\ARM\PACK\Keil\STM32F1xx_DFP\2.2.0\Device\StdPeriph_Driver\src\stm32f10x_dma.c 0x00000000   Number         0  stm32f10x_dma.o ABSOLUTE
    D:\keil\32\ARM\PACK\Keil\STM32F1xx_DFP\2.2.0\Device\StdPeriph_Driver\src\stm32f10x_exti.c 0x00000000   Number         0  stm32f10x_exti.o ABSOLUTE
    D:\keil\32\ARM\PACK\Keil\STM32F1xx_DFP\2.2.0\Device\StdPeriph_Driver\src\stm32f10x_flash.c 0x00000000   Number         0  stm32f10x_flash.o ABSOLUTE
    D:\keil\32\ARM\PACK\Keil\STM32F1xx_DFP\2.2.0\Device\StdPeriph_Driver\src\stm32f10x_gpio.c 0x00000000   Number         0  stm32f10x_gpio.o ABSOLUTE
    D:\keil\32\ARM\PACK\Keil\STM32F1xx_DFP\2.2.0\Device\StdPeriph_Driver\src\stm32f10x_rcc.c 0x00000000   Number         0  stm32f10x_rcc.o ABSOLUTE
    D:\keil\32\ARM\PACK\Keil\STM32F1xx_DFP\2.2.0\Device\StdPeriph_Driver\src\stm32f10x_spi.c 0x00000000   Number         0  stm32f10x_spi.o ABSOLUTE
    D:\keil\32\ARM\PACK\Keil\STM32F1xx_DFP\2.2.0\Device\StdPeriph_Driver\src\stm32f10x_tim.c 0x00000000   Number         0  stm32f10x_tim.o ABSOLUTE
    D:\keil\32\ARM\PACK\Keil\STM32F1xx_DFP\2.2.0\Device\StdPeriph_Driver\src\stm32f10x_usart.c 0x00000000   Number         0  stm32f10x_usart.o ABSOLUTE
    RTE\Device\STM32F103C8\startup_stm32f10x_md.s 0x00000000   Number         0  startup_stm32f10x_md.o ABSOLUTE
    RTE\Device\STM32F103C8\system_stm32f10x.c 0x00000000   Number         0  system_stm32f10x.o ABSOLUTE
    RTE\\Device\\STM32F103C8\\system_stm32f10x.c 0x00000000   Number         0  system_stm32f10x.o ABSOLUTE
    cdrcmple.s                               0x00000000   Number         0  cdrcmple.o ABSOLUTE
    cfcmple.s                                0x00000000   Number         0  cfcmple.o ABSOLUTE
    dc.s                                     0x00000000   Number         0  dc.o ABSOLUTE
    handlers.s                               0x00000000   Number         0  handlers.o ABSOLUTE
    init.s                                   0x00000000   Number         0  init.o ABSOLUTE
    user\\adc_dma.c                          0x00000000   Number         0  adc_dma.o ABSOLUTE
    user\\button.c                           0x00000000   Number         0  button.o ABSOLUTE
    user\\deal_datapacket.c                  0x00000000   Number         0  deal_datapacket.o ABSOLUTE
    user\\flash.c                            0x00000000   Number         0  flash.o ABSOLUTE
    user\\led.c                              0x00000000   Number         0  led.o ABSOLUTE
    user\\main.c                             0x00000000   Number         0  main.o ABSOLUTE
    user\\nvic.c                             0x00000000   Number         0  nvic.o ABSOLUTE
    user\\oled.c                             0x00000000   Number         0  oled.o ABSOLUTE
    user\\oleddispaly.c                      0x00000000   Number         0  oleddispaly.o ABSOLUTE
    user\\paramsave.c                        0x00000000   Number         0  paramsave.o ABSOLUTE
    user\\senddata.c                         0x00000000   Number         0  senddata.o ABSOLUTE
    user\\si24r1.c                           0x00000000   Number         0  si24r1.o ABSOLUTE
    user\\spi.c                              0x00000000   Number         0  spi.o ABSOLUTE
    user\\systick.c                          0x00000000   Number         0  systick.o ABSOLUTE
    user\\tim_octigr.c                       0x00000000   Number         0  tim_octigr.o ABSOLUTE
    user\\usart.c                            0x00000000   Number         0  usart.o ABSOLUTE
    user\adc_dma.c                           0x00000000   Number         0  adc_dma.o ABSOLUTE
    user\button.c                            0x00000000   Number         0  button.o ABSOLUTE
    user\deal_datapacket.c                   0x00000000   Number         0  deal_datapacket.o ABSOLUTE
    user\flash.c                             0x00000000   Number         0  flash.o ABSOLUTE
    user\led.c                               0x00000000   Number         0  led.o ABSOLUTE
    user\main.c                              0x00000000   Number         0  main.o ABSOLUTE
    user\nvic.c                              0x00000000   Number         0  nvic.o ABSOLUTE
    user\oled.c                              0x00000000   Number         0  oled.o ABSOLUTE
    user\oleddispaly.c                       0x00000000   Number         0  oleddispaly.o ABSOLUTE
    user\paramsave.c                         0x00000000   Number         0  paramsave.o ABSOLUTE
    user\senddata.c                          0x00000000   Number         0  senddata.o ABSOLUTE
    user\si24r1.c                            0x00000000   Number         0  si24r1.o ABSOLUTE
    user\spi.c                               0x00000000   Number         0  spi.o ABSOLUTE
    user\systick.c                           0x00000000   Number         0  systick.o ABSOLUTE
    user\tim_octigr.c                        0x00000000   Number         0  tim_octigr.o ABSOLUTE
    user\usart.c                             0x00000000   Number         0  usart.o ABSOLUTE
    RESET                                    0x08000000   Section      236  startup_stm32f10x_md.o(RESET)
    .ARM.Collect$$$$00000000                 0x080000ec   Section        0  entry.o(.ARM.Collect$$$$00000000)
    .ARM.Collect$$$$00000001                 0x080000ec   Section        4  entry2.o(.ARM.Collect$$$$00000001)
    .ARM.Collect$$$$00000004                 0x080000f0   Section        4  entry5.o(.ARM.Collect$$$$00000004)
    .ARM.Collect$$$$00000008                 0x080000f4   Section        0  entry7b.o(.ARM.Collect$$$$00000008)
    .ARM.Collect$$$$0000000A                 0x080000f4   Section        0  entry8b.o(.ARM.Collect$$$$0000000A)
    .ARM.Collect$$$$0000000B                 0x080000f4   Section        8  entry9a.o(.ARM.Collect$$$$0000000B)
    .ARM.Collect$$$$0000000D                 0x080000fc   Section        0  entry10a.o(.ARM.Collect$$$$0000000D)
    .ARM.Collect$$$$0000000F                 0x080000fc   Section        0  entry11a.o(.ARM.Collect$$$$0000000F)
    .ARM.Collect$$$$00002712                 0x080000fc   Section        4  entry2.o(.ARM.Collect$$$$00002712)
    __lit__00000000                          0x080000fc   Data           4  entry2.o(.ARM.Collect$$$$00002712)
    .text                                    0x08000100   Section       36  startup_stm32f10x_md.o(.text)
    .text                                    0x08000124   Section        0  fadd.o(.text)
    .text                                    0x080001d4   Section        0  fmul.o(.text)
    .text                                    0x08000238   Section        0  fdiv.o(.text)
    .text                                    0x080002b4   Section        0  fflti.o(.text)
    .text                                    0x080002c6   Section        0  ffltui.o(.text)
    .text                                    0x080002d0   Section        0  ffixui.o(.text)
    .text                                    0x080002f8   Section       20  cfcmple.o(.text)
    .text                                    0x0800030c   Section        0  fepilogue.o(.text)
    .text                                    0x0800030c   Section        0  iusefp.o(.text)
    .text                                    0x0800037c   Section       36  init.o(.text)
    i.ADC_Calibration                        0x080003a0   Section        0  adc_dma.o(i.ADC_Calibration)
    i.ADC_Cmd                                0x080004fc   Section        0  stm32f10x_adc.o(i.ADC_Cmd)
    i.ADC_DMACmd                             0x08000512   Section        0  stm32f10x_adc.o(i.ADC_DMACmd)
    i.ADC_DmaConfig                          0x08000528   Section        0  adc_dma.o(i.ADC_DmaConfig)
    i.ADC_ExternalTrigConvCmd                0x0800067c   Section        0  stm32f10x_adc.o(i.ADC_ExternalTrigConvCmd)
    i.ADC_GetCalibrationStatus               0x08000692   Section        0  stm32f10x_adc.o(i.ADC_GetCalibrationStatus)
    i.ADC_Init                               0x080006a8   Section        0  stm32f10x_adc.o(i.ADC_Init)
    i.ADC_RegularChannelConfig               0x080006f8   Section        0  stm32f10x_adc.o(i.ADC_RegularChannelConfig)
    i.ADC_ResetCalibration                   0x080007b0   Section        0  stm32f10x_adc.o(i.ADC_ResetCalibration)
    i.ADC_StartCalibration                   0x080007ba   Section        0  stm32f10x_adc.o(i.ADC_StartCalibration)
    i.ADC_ValueLimit                         0x080007c4   Section        0  deal_datapacket.o(i.ADC_ValueLimit)
    i.BUTTON_Config                          0x08000868   Section        0  button.o(i.BUTTON_Config)
    i.ButtonCMDDisplay                       0x08000968   Section        0  oleddispaly.o(i.ButtonCMDDisplay)
    i.CAL                                    0x080009b0   Section        0  deal_datapacket.o(i.CAL)
    i.ConnectingDisplay                      0x080009d8   Section        0  oleddispaly.o(i.ConnectingDisplay)
    i.DMA1_Channel1_IRQHandler               0x08000a54   Section        0  senddata.o(i.DMA1_Channel1_IRQHandler)
    i.DMA_ClearITPendingBit                  0x08000a90   Section        0  stm32f10x_dma.o(i.DMA_ClearITPendingBit)
    i.DMA_Cmd                                0x08000aac   Section        0  stm32f10x_dma.o(i.DMA_Cmd)
    i.DMA_GetITStatus                        0x08000ac4   Section        0  stm32f10x_dma.o(i.DMA_GetITStatus)
    i.DMA_ITConfig                           0x08000af0   Section        0  stm32f10x_dma.o(i.DMA_ITConfig)
    i.DMA_Init                               0x08000b02   Section        0  stm32f10x_dma.o(i.DMA_Init)
    i.Display_Update                         0x08000b40   Section        0  oleddispaly.o(i.Display_Update)
    i.Display_init                           0x08000cd8   Section        0  oleddispaly.o(i.Display_init)
    i.EXTI15_10_IRQHandler                   0x08000db0   Section        0  senddata.o(i.EXTI15_10_IRQHandler)
    i.EXTI1_IRQHandler                       0x08000f2c   Section        0  si24r1.o(i.EXTI1_IRQHandler)
    i.EXTI_ClearITPendingBit                 0x08001010   Section        0  stm32f10x_exti.o(i.EXTI_ClearITPendingBit)
    i.EXTI_GetITStatus                       0x0800101c   Section        0  stm32f10x_exti.o(i.EXTI_GetITStatus)
    i.EXTI_Init                              0x08001044   Section        0  stm32f10x_exti.o(i.EXTI_Init)
    i.FLASH_ErasePage                        0x080010d8   Section        0  stm32f10x_flash.o(i.FLASH_ErasePage)
    i.FLASH_GetBank1Status                   0x08001124   Section        0  stm32f10x_flash.o(i.FLASH_GetBank1Status)
    i.FLASH_Lock                             0x08001158   Section        0  stm32f10x_flash.o(i.FLASH_Lock)
    i.FLASH_ProgramHalfWord                  0x0800116c   Section        0  stm32f10x_flash.o(i.FLASH_ProgramHalfWord)
    i.FLASH_Unlock                           0x080011ac   Section        0  stm32f10x_flash.o(i.FLASH_Unlock)
    i.FLASH_WaitForLastOperation             0x080011c4   Section        0  stm32f10x_flash.o(i.FLASH_WaitForLastOperation)
    i.GPIO_EXTILineConfig                    0x080011ec   Section        0  stm32f10x_gpio.o(i.GPIO_EXTILineConfig)
    i.GPIO_Init                              0x0800122c   Section        0  stm32f10x_gpio.o(i.GPIO_Init)
    i.GPIO_ResetBits                         0x08001342   Section        0  stm32f10x_gpio.o(i.GPIO_ResetBits)
    i.GPIO_SetBits                           0x08001346   Section        0  stm32f10x_gpio.o(i.GPIO_SetBits)
    i.Get_TxErrorPercent                     0x0800134c   Section        0  senddata.o(i.Get_TxErrorPercent)
    i.IIC_Start                              0x080013b8   Section        0  oled.o(i.IIC_Start)
    i.IIC_Stop                               0x080013e0   Section        0  oled.o(i.IIC_Stop)
    i.IIC_Wait_Ack                           0x08001400   Section        0  oled.o(i.IIC_Wait_Ack)
    i.LED_Config                             0x08001418   Section        0  led.o(i.LED_Config)
    i.LED_Off                                0x0800144c   Section        0  led.o(i.LED_Off)
    i.LED_On                                 0x08001460   Section        0  led.o(i.LED_On)
    i.LED_Toggle                             0x08001474   Section        0  led.o(i.LED_Toggle)
    i.ModeSelectDisplay                      0x08001484   Section        0  oleddispaly.o(i.ModeSelectDisplay)
    i.NVIC_Config                            0x0800150c   Section        0  nvic.o(i.NVIC_Config)
    i.NVIC_EncodePriority                    0x08001562   Section        0  nvic.o(i.NVIC_EncodePriority)
    NVIC_EncodePriority                      0x08001563   Thumb Code    64  nvic.o(i.NVIC_EncodePriority)
    i.OLED_Clear                             0x080015a2   Section        0  oled.o(i.OLED_Clear)
    i.OLED_ClearBlue                         0x080015e0   Section        0  oled.o(i.OLED_ClearBlue)
    i.OLED_Init                              0x08001620   Section        0  oled.o(i.OLED_Init)
    i.OLED_Set_Pos                           0x08001730   Section        0  oled.o(i.OLED_Set_Pos)
    i.OLED_ShowCHinese                       0x08001758   Section        0  oled.o(i.OLED_ShowCHinese)
    i.OLED_ShowCHinese7x7                    0x080017ae   Section        0  oled.o(i.OLED_ShowCHinese7x7)
    i.OLED_ShowCHineseString                 0x08001804   Section        0  oled.o(i.OLED_ShowCHineseString)
    i.OLED_ShowChar                          0x08001830   Section        0  oled.o(i.OLED_ShowChar)
    i.OLED_ShowNum                           0x080018d4   Section        0  oled.o(i.OLED_ShowNum)
    i.OLED_ShowString                        0x0800194e   Section        0  oled.o(i.OLED_ShowString)
    i.OLED_WR_Byte                           0x08001988   Section        0  oled.o(i.OLED_WR_Byte)
    i.PID_ReadFlash                          0x080019a0   Section        0  paramsave.o(i.PID_ReadFlash)
    i.PID_WriteFlash                         0x080019bc   Section        0  paramsave.o(i.PID_WriteFlash)
    i.PackData                               0x080019d8   Section        0  deal_datapacket.o(i.PackData)
    i.ParamsToTable                          0x08001b3c   Section        0  paramsave.o(i.ParamsToTable)
    i.RCC_ADCCLKConfig                       0x08001b74   Section        0  stm32f10x_rcc.o(i.RCC_ADCCLKConfig)
    i.RCC_AHBPeriphClockCmd                  0x08001b8c   Section        0  stm32f10x_rcc.o(i.RCC_AHBPeriphClockCmd)
    i.RCC_APB1PeriphClockCmd                 0x08001bac   Section        0  stm32f10x_rcc.o(i.RCC_APB1PeriphClockCmd)
    i.RCC_APB2PeriphClockCmd                 0x08001bcc   Section        0  stm32f10x_rcc.o(i.RCC_APB2PeriphClockCmd)
    i.RCC_GetClocksFreq                      0x08001bec   Section        0  stm32f10x_rcc.o(i.RCC_GetClocksFreq)
    i.RX_Mode                                0x08001cc0   Section        0  si24r1.o(i.RX_Mode)
    i.ReceiveDataAnalysis                    0x08001cf4   Section        0  deal_datapacket.o(i.ReceiveDataAnalysis)
    i.SI24R1_Config                          0x08001d9c   Section        0  si24r1.o(i.SI24R1_Config)
    i.SI24R1_ReceivePacket                   0x08001ea0   Section        0  si24r1.o(i.SI24R1_ReceivePacket)
    i.SI24R1_SendPacket                      0x08001ed8   Section        0  si24r1.o(i.SI24R1_SendPacket)
    i.SPI_Cmd                                0x08001f20   Section        0  stm32f10x_spi.o(i.SPI_Cmd)
    i.SPI_Config                             0x08001f38   Section        0  spi.o(i.SPI_Config)
    i.SPI_I2S_GetFlagStatus                  0x08001fd0   Section        0  stm32f10x_spi.o(i.SPI_I2S_GetFlagStatus)
    i.SPI_I2S_ReceiveData                    0x08001fe2   Section        0  stm32f10x_spi.o(i.SPI_I2S_ReceiveData)
    i.SPI_I2S_SendData                       0x08001fe8   Section        0  stm32f10x_spi.o(i.SPI_I2S_SendData)
    i.SPI_Init                               0x08001fec   Section        0  stm32f10x_spi.o(i.SPI_Init)
    i.SPI_RW                                 0x08002028   Section        0  spi.o(i.SPI_RW)
    i.SPI_Read_Buf                           0x08002060   Section        0  spi.o(i.SPI_Read_Buf)
    i.SPI_Read_Byte                          0x080020b0   Section        0  spi.o(i.SPI_Read_Byte)
    i.SPI_Write_Buf                          0x080020e8   Section        0  spi.o(i.SPI_Write_Buf)
    i.SPI_Write_Byte                         0x08002138   Section        0  spi.o(i.SPI_Write_Byte)
    i.STMFLASH_Read                          0x08002178   Section        0  flash.o(i.STMFLASH_Read)
    i.STMFLASH_ReadHalfWord                  0x0800219a   Section        0  flash.o(i.STMFLASH_ReadHalfWord)
    i.STMFLASH_Write                         0x080021a0   Section        0  flash.o(i.STMFLASH_Write)
    i.STMFLASH_Write_NoCheck                 0x08002288   Section        0  flash.o(i.STMFLASH_Write_NoCheck)
    i.SenserOffsetDisplay                    0x080022b0   Section        0  oleddispaly.o(i.SenserOffsetDisplay)
    i.SetSysClock                            0x0800237c   Section        0  system_stm32f10x.o(i.SetSysClock)
    SetSysClock                              0x0800237d   Thumb Code     8  system_stm32f10x.o(i.SetSysClock)
    i.SetSysClockTo72                        0x08002384   Section        0  system_stm32f10x.o(i.SetSysClockTo72)
    SetSysClockTo72                          0x08002385   Thumb Code   214  system_stm32f10x.o(i.SetSysClockTo72)
    i.SignalIntensityDisplay                 0x08002464   Section        0  oleddispaly.o(i.SignalIntensityDisplay)
    i.SysTick_Handler                        0x08002510   Section        0  systick.o(i.SysTick_Handler)
    i.SysTick_Init                           0x08002528   Section        0  systick.o(i.SysTick_Init)
    i.SystemInit                             0x08002558   Section        0  system_stm32f10x.o(i.SystemInit)
    i.TIM_ARRPreloadConfig                   0x080025b8   Section        0  stm32f10x_tim.o(i.TIM_ARRPreloadConfig)
    i.TIM_Cmd                                0x080025d0   Section        0  stm32f10x_tim.o(i.TIM_Cmd)
    i.TIM_OC4Init                            0x080025e8   Section        0  stm32f10x_tim.o(i.TIM_OC4Init)
    i.TIM_OC4PreloadConfig                   0x08002664   Section        0  stm32f10x_tim.o(i.TIM_OC4PreloadConfig)
    i.TIM_OCTigrConfig                       0x08002680   Section        0  tim_octigr.o(i.TIM_OCTigrConfig)
    i.TIM_TimeBaseInit                       0x080026f0   Section        0  stm32f10x_tim.o(i.TIM_TimeBaseInit)
    i.TableToParams                          0x08002794   Section        0  paramsave.o(i.TableToParams)
    i.USART_Cmd                              0x080027d0   Section        0  stm32f10x_usart.o(i.USART_Cmd)
    i.USART_Config                           0x080027e8   Section        0  usart.o(i.USART_Config)
    i.USART_GetFlagStatus                    0x0800286c   Section        0  stm32f10x_usart.o(i.USART_GetFlagStatus)
    i.USART_Init                             0x08002888   Section        0  stm32f10x_usart.o(i.USART_Init)
    i.USART_SendData                         0x08002960   Section        0  stm32f10x_usart.o(i.USART_SendData)
    i.WaitFlY_Connection                     0x08002968   Section        0  si24r1.o(i.WaitFlY_Connection)
    i.WiFiOnOffDisplay                       0x08002a54   Section        0  oleddispaly.o(i.WiFiOnOffDisplay)
    i.Write_IIC_Byte                         0x08002afc   Section        0  oled.o(i.Write_IIC_Byte)
    i.Write_IIC_Command                      0x08002b50   Section        0  oled.o(i.Write_IIC_Command)
    i.Write_IIC_Data                         0x08002b7c   Section        0  oled.o(i.Write_IIC_Data)
    i.__0printf$bare                         0x08002ba8   Section        0  printfb.o(i.__0printf$bare)
    i.__NVIC_SetPriority                     0x08002bb8   Section        0  nvic.o(i.__NVIC_SetPriority)
    __NVIC_SetPriority                       0x08002bb9   Thumb Code    32  nvic.o(i.__NVIC_SetPriority)
    i.__scatterload_copy                     0x08002be0   Section       14  handlers.o(i.__scatterload_copy)
    i.__scatterload_null                     0x08002bee   Section        2  handlers.o(i.__scatterload_null)
    i.__scatterload_zeroinit                 0x08002bf0   Section       14  handlers.o(i.__scatterload_zeroinit)
    i._printf_core                           0x08002bfe   Section        0  printfb.o(i._printf_core)
    _printf_core                             0x08002bff   Thumb Code    34  printfb.o(i._printf_core)
    i.delay_ms                               0x08002c20   Section        0  systick.o(i.delay_ms)
    i.fputc                                  0x08002c64   Section        0  usart.o(i.fputc)
    i.main                                   0x08002c88   Section        0  main.o(i.main)
    i.oled_pow                               0x08002ce0   Section        0  oled.o(i.oled_pow)
    .constdata                               0x08002cf6   Section     2072  oled.o(.constdata)
    .constdata                               0x0800350e   Section     1184  oleddispaly.o(.constdata)
    .data                                    0x20000000   Section        4  systick.o(.data)
    .data                                    0x20000004   Section       36  adc_dma.o(.data)
    cnt                                      0x20000016   Data           1  adc_dma.o(.data)
    temp1                                    0x20000018   Data           4  adc_dma.o(.data)
    temp2                                    0x2000001c   Data           4  adc_dma.o(.data)
    temp3                                    0x20000020   Data           4  adc_dma.o(.data)
    temp4                                    0x20000024   Data           4  adc_dma.o(.data)
    .data                                    0x20000028   Section        1  button.o(.data)
    .data                                    0x20000029   Section        1  spi.o(.data)
    .data                                    0x2000002a   Section       12  deal_datapacket.o(.data)
    .data                                    0x20000038   Section        8  senddata.o(.data)
    .data                                    0x20000040   Section        2  oleddispaly.o(.data)
    WiFi_flag                                0x20000040   Data           1  oleddispaly.o(.data)
    Mode_flag                                0x20000041   Data           1  oleddispaly.o(.data)
    .data                                    0x20000042   Section       16  si24r1.o(.data)
    cnt                                      0x20000050   Data           1  si24r1.o(.data)
    preaddr                                  0x20000051   Data           1  si24r1.o(.data)
    .data                                    0x20000052   Section       20  stm32f10x_rcc.o(.data)
    APBAHBPrescTable                         0x20000052   Data          16  stm32f10x_rcc.o(.data)
    ADCPrescTable                            0x20000062   Data           4  stm32f10x_rcc.o(.data)
    .data                                    0x20000068   Section       20  system_stm32f10x.o(.data)
    .data                                    0x2000007c   Section        4  stdout.o(.data)
    .bss                                     0x20000080   Section       24  deal_datapacket.o(.bss)
    .bss                                     0x20000098   Section     1024  flash.o(.bss)
    .bss                                     0x20000498   Section       12  paramsave.o(.bss)
    .bss                                     0x200004a4   Section       32  si24r1.o(.bss)
    STACK                                    0x200004c8   Section     1024  startup_stm32f10x_md.o(STACK)

    Global Symbols

    Symbol Name                              Value     Ov Type        Size  Object(Section)

    BuildAttributes$$THM_ISAv4$P$D$K$B$S$PE$A:L22UL41UL21$X:L11$S22US41US21$IEEE1$IW$USESV6$~STKCKD$USESV7$~SHL$OTIME$ROPI$EBA8$MICROLIB$REQ8$PRES8$EABIv2 0x00000000   Number         0  anon$$obj.o ABSOLUTE
    __ARM_use_no_argv                        0x00000000   Number         0  main.o ABSOLUTE
    __cpp_initialize__aeabi_                  - Undefined Weak Reference
    __cxa_finalize                            - Undefined Weak Reference
    __decompress                              - Undefined Weak Reference
    _clock_init                               - Undefined Weak Reference
    _microlib_exit                            - Undefined Weak Reference
    __Vectors_Size                           0x000000ec   Number         0  startup_stm32f10x_md.o ABSOLUTE
    __Vectors                                0x08000000   Data           4  startup_stm32f10x_md.o(RESET)
    __Vectors_End                            0x080000ec   Data           0  startup_stm32f10x_md.o(RESET)
    __main                                   0x080000ed   Thumb Code     0  entry.o(.ARM.Collect$$$$00000000)
    _main_stk                                0x080000ed   Thumb Code     0  entry2.o(.ARM.Collect$$$$00000001)
    _main_scatterload                        0x080000f1   Thumb Code     0  entry5.o(.ARM.Collect$$$$00000004)
    __main_after_scatterload                 0x080000f5   Thumb Code     0  entry5.o(.ARM.Collect$$$$00000004)
    _main_clock                              0x080000f5   Thumb Code     0  entry7b.o(.ARM.Collect$$$$00000008)
    _main_cpp_init                           0x080000f5   Thumb Code     0  entry8b.o(.ARM.Collect$$$$0000000A)
    _main_init                               0x080000f5   Thumb Code     0  entry9a.o(.ARM.Collect$$$$0000000B)
    __rt_final_cpp                           0x080000fd   Thumb Code     0  entry10a.o(.ARM.Collect$$$$0000000D)
    __rt_final_exit                          0x080000fd   Thumb Code     0  entry11a.o(.ARM.Collect$$$$0000000F)
    Reset_Handler                            0x08000101   Thumb Code     8  startup_stm32f10x_md.o(.text)
    NMI_Handler                              0x08000109   Thumb Code     2  startup_stm32f10x_md.o(.text)
    HardFault_Handler                        0x0800010b   Thumb Code     2  startup_stm32f10x_md.o(.text)
    MemManage_Handler                        0x0800010d   Thumb Code     2  startup_stm32f10x_md.o(.text)
    BusFault_Handler                         0x0800010f   Thumb Code     2  startup_stm32f10x_md.o(.text)
    UsageFault_Handler                       0x08000111   Thumb Code     2  startup_stm32f10x_md.o(.text)
    SVC_Handler                              0x08000113   Thumb Code     2  startup_stm32f10x_md.o(.text)
    DebugMon_Handler                         0x08000115   Thumb Code     2  startup_stm32f10x_md.o(.text)
    PendSV_Handler                           0x08000117   Thumb Code     2  startup_stm32f10x_md.o(.text)
    ADC1_2_IRQHandler                        0x0800011b   Thumb Code     0  startup_stm32f10x_md.o(.text)
    CAN1_RX1_IRQHandler                      0x0800011b   Thumb Code     0  startup_stm32f10x_md.o(.text)
    CAN1_SCE_IRQHandler                      0x0800011b   Thumb Code     0  startup_stm32f10x_md.o(.text)
    DMA1_Channel2_IRQHandler                 0x0800011b   Thumb Code     0  startup_stm32f10x_md.o(.text)
    DMA1_Channel3_IRQHandler                 0x0800011b   Thumb Code     0  startup_stm32f10x_md.o(.text)
    DMA1_Channel4_IRQHandler                 0x0800011b   Thumb Code     0  startup_stm32f10x_md.o(.text)
    DMA1_Channel5_IRQHandler                 0x0800011b   Thumb Code     0  startup_stm32f10x_md.o(.text)
    DMA1_Channel6_IRQHandler                 0x0800011b   Thumb Code     0  startup_stm32f10x_md.o(.text)
    DMA1_Channel7_IRQHandler                 0x0800011b   Thumb Code     0  startup_stm32f10x_md.o(.text)
    EXTI0_IRQHandler                         0x0800011b   Thumb Code     0  startup_stm32f10x_md.o(.text)
    EXTI2_IRQHandler                         0x0800011b   Thumb Code     0  startup_stm32f10x_md.o(.text)
    EXTI3_IRQHandler                         0x0800011b   Thumb Code     0  startup_stm32f10x_md.o(.text)
    EXTI4_IRQHandler                         0x0800011b   Thumb Code     0  startup_stm32f10x_md.o(.text)
    EXTI9_5_IRQHandler                       0x0800011b   Thumb Code     0  startup_stm32f10x_md.o(.text)
    FLASH_IRQHandler                         0x0800011b   Thumb Code     0  startup_stm32f10x_md.o(.text)
    I2C1_ER_IRQHandler                       0x0800011b   Thumb Code     0  startup_stm32f10x_md.o(.text)
    I2C1_EV_IRQHandler                       0x0800011b   Thumb Code     0  startup_stm32f10x_md.o(.text)
    I2C2_ER_IRQHandler                       0x0800011b   Thumb Code     0  startup_stm32f10x_md.o(.text)
    I2C2_EV_IRQHandler                       0x0800011b   Thumb Code     0  startup_stm32f10x_md.o(.text)
    PVD_IRQHandler                           0x0800011b   Thumb Code     0  startup_stm32f10x_md.o(.text)
    RCC_IRQHandler                           0x0800011b   Thumb Code     0  startup_stm32f10x_md.o(.text)
    RTCAlarm_IRQHandler                      0x0800011b   Thumb Code     0  startup_stm32f10x_md.o(.text)
    RTC_IRQHandler                           0x0800011b   Thumb Code     0  startup_stm32f10x_md.o(.text)
    SPI1_IRQHandler                          0x0800011b   Thumb Code     0  startup_stm32f10x_md.o(.text)
    SPI2_IRQHandler                          0x0800011b   Thumb Code     0  startup_stm32f10x_md.o(.text)
    TAMPER_IRQHandler                        0x0800011b   Thumb Code     0  startup_stm32f10x_md.o(.text)
    TIM1_BRK_IRQHandler                      0x0800011b   Thumb Code     0  startup_stm32f10x_md.o(.text)
    TIM1_CC_IRQHandler                       0x0800011b   Thumb Code     0  startup_stm32f10x_md.o(.text)
    TIM1_TRG_COM_IRQHandler                  0x0800011b   Thumb Code     0  startup_stm32f10x_md.o(.text)
    TIM1_UP_IRQHandler                       0x0800011b   Thumb Code     0  startup_stm32f10x_md.o(.text)
    TIM2_IRQHandler                          0x0800011b   Thumb Code     0  startup_stm32f10x_md.o(.text)
    TIM3_IRQHandler                          0x0800011b   Thumb Code     0  startup_stm32f10x_md.o(.text)
    TIM4_IRQHandler                          0x0800011b   Thumb Code     0  startup_stm32f10x_md.o(.text)
    USART1_IRQHandler                        0x0800011b   Thumb Code     0  startup_stm32f10x_md.o(.text)
    USART2_IRQHandler                        0x0800011b   Thumb Code     0  startup_stm32f10x_md.o(.text)
    USART3_IRQHandler                        0x0800011b   Thumb Code     0  startup_stm32f10x_md.o(.text)
    USBWakeUp_IRQHandler                     0x0800011b   Thumb Code     0  startup_stm32f10x_md.o(.text)
    USB_HP_CAN1_TX_IRQHandler                0x0800011b   Thumb Code     0  startup_stm32f10x_md.o(.text)
    USB_LP_CAN1_RX0_IRQHandler               0x0800011b   Thumb Code     0  startup_stm32f10x_md.o(.text)
    WWDG_IRQHandler                          0x0800011b   Thumb Code     0  startup_stm32f10x_md.o(.text)
    __aeabi_fadd                             0x08000125   Thumb Code   164  fadd.o(.text)
    __aeabi_fsub                             0x080001c9   Thumb Code     6  fadd.o(.text)
    __aeabi_frsub                            0x080001cf   Thumb Code     6  fadd.o(.text)
    __aeabi_fmul                             0x080001d5   Thumb Code   100  fmul.o(.text)
    __aeabi_fdiv                             0x08000239   Thumb Code   124  fdiv.o(.text)
    __aeabi_i2f                              0x080002b5   Thumb Code    18  fflti.o(.text)
    __aeabi_ui2f                             0x080002c7   Thumb Code    10  ffltui.o(.text)
    __aeabi_f2uiz                            0x080002d1   Thumb Code    40  ffixui.o(.text)
    __aeabi_cfcmpeq                          0x080002f9   Thumb Code     0  cfcmple.o(.text)
    __aeabi_cfcmple                          0x080002f9   Thumb Code    20  cfcmple.o(.text)
    __I$use$fp                               0x0800030d   Thumb Code     0  iusefp.o(.text)
    _float_round                             0x0800030d   Thumb Code    18  fepilogue.o(.text)
    _float_epilogue                          0x0800031f   Thumb Code    92  fepilogue.o(.text)
    __scatterload                            0x0800037d   Thumb Code    28  init.o(.text)
    __scatterload_rt2                        0x0800037d   Thumb Code     0  init.o(.text)
    ADC_Calibration                          0x080003a1   Thumb Code   314  adc_dma.o(i.ADC_Calibration)
    ADC_Cmd                                  0x080004fd   Thumb Code    22  stm32f10x_adc.o(i.ADC_Cmd)
    ADC_DMACmd                               0x08000513   Thumb Code    22  stm32f10x_adc.o(i.ADC_DMACmd)
    ADC_DmaConfig                            0x08000529   Thumb Code   324  adc_dma.o(i.ADC_DmaConfig)
    ADC_ExternalTrigConvCmd                  0x0800067d   Thumb Code    22  stm32f10x_adc.o(i.ADC_ExternalTrigConvCmd)
    ADC_GetCalibrationStatus                 0x08000693   Thumb Code    20  stm32f10x_adc.o(i.ADC_GetCalibrationStatus)
    ADC_Init                                 0x080006a9   Thumb Code    70  stm32f10x_adc.o(i.ADC_Init)
    ADC_RegularChannelConfig                 0x080006f9   Thumb Code   184  stm32f10x_adc.o(i.ADC_RegularChannelConfig)
    ADC_ResetCalibration                     0x080007b1   Thumb Code    10  stm32f10x_adc.o(i.ADC_ResetCalibration)
    ADC_StartCalibration                     0x080007bb   Thumb Code    10  stm32f10x_adc.o(i.ADC_StartCalibration)
    ADC_ValueLimit                           0x080007c5   Thumb Code   164  deal_datapacket.o(i.ADC_ValueLimit)
    BUTTON_Config                            0x08000869   Thumb Code   252  button.o(i.BUTTON_Config)
    ButtonCMDDisplay                         0x08000969   Thumb Code    52  oleddispaly.o(i.ButtonCMDDisplay)
    CAL                                      0x080009b1   Thumb Code    32  deal_datapacket.o(i.CAL)
    ConnectingDisplay                        0x080009d9   Thumb Code    84  oleddispaly.o(i.ConnectingDisplay)
    DMA1_Channel1_IRQHandler                 0x08000a55   Thumb Code    50  senddata.o(i.DMA1_Channel1_IRQHandler)
    DMA_ClearITPendingBit                    0x08000a91   Thumb Code    18  stm32f10x_dma.o(i.DMA_ClearITPendingBit)
    DMA_Cmd                                  0x08000aad   Thumb Code    24  stm32f10x_dma.o(i.DMA_Cmd)
    DMA_GetITStatus                          0x08000ac5   Thumb Code    36  stm32f10x_dma.o(i.DMA_GetITStatus)
    DMA_ITConfig                             0x08000af1   Thumb Code    18  stm32f10x_dma.o(i.DMA_ITConfig)
    DMA_Init                                 0x08000b03   Thumb Code    60  stm32f10x_dma.o(i.DMA_Init)
    Display_Update                           0x08000b41   Thumb Code   338  oleddispaly.o(i.Display_Update)
    Display_init                             0x08000cd9   Thumb Code   144  oleddispaly.o(i.Display_init)
    EXTI15_10_IRQHandler                     0x08000db1   Thumb Code   362  senddata.o(i.EXTI15_10_IRQHandler)
    EXTI1_IRQHandler                         0x08000f2d   Thumb Code   196  si24r1.o(i.EXTI1_IRQHandler)
    EXTI_ClearITPendingBit                   0x08001011   Thumb Code     6  stm32f10x_exti.o(i.EXTI_ClearITPendingBit)
    EXTI_GetITStatus                         0x0800101d   Thumb Code    34  stm32f10x_exti.o(i.EXTI_GetITStatus)
    EXTI_Init                                0x08001045   Thumb Code   142  stm32f10x_exti.o(i.EXTI_Init)
    FLASH_ErasePage                          0x080010d9   Thumb Code    72  stm32f10x_flash.o(i.FLASH_ErasePage)
    FLASH_GetBank1Status                     0x08001125   Thumb Code    48  stm32f10x_flash.o(i.FLASH_GetBank1Status)
    FLASH_Lock                               0x08001159   Thumb Code    14  stm32f10x_flash.o(i.FLASH_Lock)
    FLASH_ProgramHalfWord                    0x0800116d   Thumb Code    60  stm32f10x_flash.o(i.FLASH_ProgramHalfWord)
    FLASH_Unlock                             0x080011ad   Thumb Code    12  stm32f10x_flash.o(i.FLASH_Unlock)
    FLASH_WaitForLastOperation               0x080011c5   Thumb Code    38  stm32f10x_flash.o(i.FLASH_WaitForLastOperation)
    GPIO_EXTILineConfig                      0x080011ed   Thumb Code    60  stm32f10x_gpio.o(i.GPIO_EXTILineConfig)
    GPIO_Init                                0x0800122d   Thumb Code   278  stm32f10x_gpio.o(i.GPIO_Init)
    GPIO_ResetBits                           0x08001343   Thumb Code     4  stm32f10x_gpio.o(i.GPIO_ResetBits)
    GPIO_SetBits                             0x08001347   Thumb Code     4  stm32f10x_gpio.o(i.GPIO_SetBits)
    Get_TxErrorPercent                       0x0800134d   Thumb Code    86  senddata.o(i.Get_TxErrorPercent)
    IIC_Start                                0x080013b9   Thumb Code    36  oled.o(i.IIC_Start)
    IIC_Stop                                 0x080013e1   Thumb Code    28  oled.o(i.IIC_Stop)
    IIC_Wait_Ack                             0x08001401   Thumb Code    20  oled.o(i.IIC_Wait_Ack)
    LED_Config                               0x08001419   Thumb Code    48  led.o(i.LED_Config)
    LED_Off                                  0x0800144d   Thumb Code    14  led.o(i.LED_Off)
    LED_On                                   0x08001461   Thumb Code    14  led.o(i.LED_On)
    LED_Toggle                               0x08001475   Thumb Code    12  led.o(i.LED_Toggle)
    ModeSelectDisplay                        0x08001485   Thumb Code   118  oleddispaly.o(i.ModeSelectDisplay)
    NVIC_Config                              0x0800150d   Thumb Code    86  nvic.o(i.NVIC_Config)
    OLED_Clear                               0x080015a3   Thumb Code    62  oled.o(i.OLED_Clear)
    OLED_ClearBlue                           0x080015e1   Thumb Code    62  oled.o(i.OLED_ClearBlue)
    OLED_Init                                0x08001621   Thumb Code   268  oled.o(i.OLED_Init)
    OLED_Set_Pos                             0x08001731   Thumb Code    40  oled.o(i.OLED_Set_Pos)
    OLED_ShowCHinese                         0x08001759   Thumb Code    86  oled.o(i.OLED_ShowCHinese)
    OLED_ShowCHinese7x7                      0x080017af   Thumb Code    86  oled.o(i.OLED_ShowCHinese7x7)
    OLED_ShowCHineseString                   0x08001805   Thumb Code    44  oled.o(i.OLED_ShowCHineseString)
    OLED_ShowChar                            0x08001831   Thumb Code   154  oled.o(i.OLED_ShowChar)
    OLED_ShowNum                             0x080018d5   Thumb Code   122  oled.o(i.OLED_ShowNum)
    OLED_ShowString                          0x0800194f   Thumb Code    58  oled.o(i.OLED_ShowString)
    OLED_WR_Byte                             0x08001989   Thumb Code    24  oled.o(i.OLED_WR_Byte)
    PID_ReadFlash                            0x080019a1   Thumb Code    20  paramsave.o(i.PID_ReadFlash)
    PID_WriteFlash                           0x080019bd   Thumb Code    20  paramsave.o(i.PID_WriteFlash)
    PackData                                 0x080019d9   Thumb Code   330  deal_datapacket.o(i.PackData)
    ParamsToTable                            0x08001b3d   Thumb Code    40  paramsave.o(i.ParamsToTable)
    RCC_ADCCLKConfig                         0x08001b75   Thumb Code    18  stm32f10x_rcc.o(i.RCC_ADCCLKConfig)
    RCC_AHBPeriphClockCmd                    0x08001b8d   Thumb Code    26  stm32f10x_rcc.o(i.RCC_AHBPeriphClockCmd)
    RCC_APB1PeriphClockCmd                   0x08001bad   Thumb Code    26  stm32f10x_rcc.o(i.RCC_APB1PeriphClockCmd)
    RCC_APB2PeriphClockCmd                   0x08001bcd   Thumb Code    26  stm32f10x_rcc.o(i.RCC_APB2PeriphClockCmd)
    RCC_GetClocksFreq                        0x08001bed   Thumb Code   192  stm32f10x_rcc.o(i.RCC_GetClocksFreq)
    RX_Mode                                  0x08001cc1   Thumb Code    48  si24r1.o(i.RX_Mode)
    ReceiveDataAnalysis                      0x08001cf5   Thumb Code   156  deal_datapacket.o(i.ReceiveDataAnalysis)
    SI24R1_Config                            0x08001d9d   Thumb Code   248  si24r1.o(i.SI24R1_Config)
    SI24R1_ReceivePacket                     0x08001ea1   Thumb Code    52  si24r1.o(i.SI24R1_ReceivePacket)
    SI24R1_SendPacket                        0x08001ed9   Thumb Code    66  si24r1.o(i.SI24R1_SendPacket)
    SPI_Cmd                                  0x08001f21   Thumb Code    24  stm32f10x_spi.o(i.SPI_Cmd)
    SPI_Config                               0x08001f39   Thumb Code   144  spi.o(i.SPI_Config)
    SPI_I2S_GetFlagStatus                    0x08001fd1   Thumb Code    18  stm32f10x_spi.o(i.SPI_I2S_GetFlagStatus)
    SPI_I2S_ReceiveData                      0x08001fe3   Thumb Code     6  stm32f10x_spi.o(i.SPI_I2S_ReceiveData)
    SPI_I2S_SendData                         0x08001fe9   Thumb Code     4  stm32f10x_spi.o(i.SPI_I2S_SendData)
    SPI_Init                                 0x08001fed   Thumb Code    60  stm32f10x_spi.o(i.SPI_Init)
    SPI_RW                                   0x08002029   Thumb Code    50  spi.o(i.SPI_RW)
    SPI_Read_Buf                             0x08002061   Thumb Code    72  spi.o(i.SPI_Read_Buf)
    SPI_Read_Byte                            0x080020b1   Thumb Code    50  spi.o(i.SPI_Read_Byte)
    SPI_Write_Buf                            0x080020e9   Thumb Code    70  spi.o(i.SPI_Write_Buf)
    SPI_Write_Byte                           0x08002139   Thumb Code    56  spi.o(i.SPI_Write_Byte)
    STMFLASH_Read                            0x08002179   Thumb Code    34  flash.o(i.STMFLASH_Read)
    STMFLASH_ReadHalfWord                    0x0800219b   Thumb Code     6  flash.o(i.STMFLASH_ReadHalfWord)
    STMFLASH_Write                           0x080021a1   Thumb Code   222  flash.o(i.STMFLASH_Write)
    STMFLASH_Write_NoCheck                   0x08002289   Thumb Code    38  flash.o(i.STMFLASH_Write_NoCheck)
    SenserOffsetDisplay                      0x080022b1   Thumb Code   184  oleddispaly.o(i.SenserOffsetDisplay)
    SignalIntensityDisplay                   0x08002465   Thumb Code   148  oleddispaly.o(i.SignalIntensityDisplay)
    SysTick_Handler                          0x08002511   Thumb Code    18  systick.o(i.SysTick_Handler)
    SysTick_Init                             0x08002529   Thumb Code    38  systick.o(i.SysTick_Init)
    SystemInit                               0x08002559   Thumb Code    78  system_stm32f10x.o(i.SystemInit)
    TIM_ARRPreloadConfig                     0x080025b9   Thumb Code    24  stm32f10x_tim.o(i.TIM_ARRPreloadConfig)
    TIM_Cmd                                  0x080025d1   Thumb Code    24  stm32f10x_tim.o(i.TIM_Cmd)
    TIM_OC4Init                              0x080025e9   Thumb Code   114  stm32f10x_tim.o(i.TIM_OC4Init)
    TIM_OC4PreloadConfig                     0x08002665   Thumb Code    26  stm32f10x_tim.o(i.TIM_OC4PreloadConfig)
    TIM_OCTigrConfig                         0x08002681   Thumb Code   108  tim_octigr.o(i.TIM_OCTigrConfig)
    TIM_TimeBaseInit                         0x080026f1   Thumb Code   122  stm32f10x_tim.o(i.TIM_TimeBaseInit)
    TableToParams                            0x08002795   Thumb Code    44  paramsave.o(i.TableToParams)
    USART_Cmd                                0x080027d1   Thumb Code    24  stm32f10x_usart.o(i.USART_Cmd)
    USART_Config                             0x080027e9   Thumb Code   122  usart.o(i.USART_Config)
    USART_GetFlagStatus                      0x0800286d   Thumb Code    26  stm32f10x_usart.o(i.USART_GetFlagStatus)
    USART_Init                               0x08002889   Thumb Code   210  stm32f10x_usart.o(i.USART_Init)
    USART_SendData                           0x08002961   Thumb Code     8  stm32f10x_usart.o(i.USART_SendData)
    WaitFlY_Connection                       0x08002969   Thumb Code   184  si24r1.o(i.WaitFlY_Connection)
    WiFiOnOffDisplay                         0x08002a55   Thumb Code   144  oleddispaly.o(i.WiFiOnOffDisplay)
    Write_IIC_Byte                           0x08002afd   Thumb Code    80  oled.o(i.Write_IIC_Byte)
    Write_IIC_Command                        0x08002b51   Thumb Code    44  oled.o(i.Write_IIC_Command)
    Write_IIC_Data                           0x08002b7d   Thumb Code    44  oled.o(i.Write_IIC_Data)
    __0printf$bare                           0x08002ba9   Thumb Code     8  printfb.o(i.__0printf$bare)
    __1printf$bare                           0x08002ba9   Thumb Code     0  printfb.o(i.__0printf$bare)
    __2printf                                0x08002ba9   Thumb Code     0  printfb.o(i.__0printf$bare)
    __scatterload_copy                       0x08002be1   Thumb Code    14  handlers.o(i.__scatterload_copy)
    __scatterload_null                       0x08002bef   Thumb Code     2  handlers.o(i.__scatterload_null)
    __scatterload_zeroinit                   0x08002bf1   Thumb Code    14  handlers.o(i.__scatterload_zeroinit)
    delay_ms                                 0x08002c21   Thumb Code    62  systick.o(i.delay_ms)
    fputc                                    0x08002c65   Thumb Code    32  usart.o(i.fputc)
    main                                     0x08002c89   Thumb Code    66  main.o(i.main)
    oled_pow                                 0x08002ce1   Thumb Code    22  oled.o(i.oled_pow)
    F6x8                                     0x08002cf6   Data         552  oled.o(.constdata)
    F8X16                                    0x08002f1e   Data        1520  oled.o(.constdata)
    JZCG                                     0x0800350e   Data         128  oleddispaly.o(.constdata)
    JaSuDu                                   0x0800358e   Data          96  oleddispaly.o(.constdata)
    TuoLuoYi                                 0x080035ee   Data          96  oleddispaly.o(.constdata)
    QiYaJi                                   0x0800364e   Data          96  oleddispaly.o(.constdata)
    CiLiJi                                   0x080036ae   Data          96  oleddispaly.o(.constdata)
    KaiQi                                    0x0800370e   Data          96  oleddispaly.o(.constdata)
    GuanBi                                   0x0800376e   Data          96  oleddispaly.o(.constdata)
    YouTouMoShi                              0x080037ce   Data         128  oleddispaly.o(.constdata)
    WuTouMoShi                               0x0800384e   Data         128  oleddispaly.o(.constdata)
    BATT                                     0x080038ce   Data          32  oleddispaly.o(.constdata)
    WiFi                                     0x080038ee   Data         192  oleddispaly.o(.constdata)
    Region$$Table$$Base                      0x080039b0   Number         0  anon$$obj.o(Region$$Table)
    Region$$Table$$Limit                     0x080039d0   Number         0  anon$$obj.o(Region$$Table)
    count                                    0x20000000   Data           4  systick.o(.data)
    ADC_CALIBRATOR_OK                        0x20000004   Data           1  adc_dma.o(.data)
    ADC_ConvertedValue                       0x20000006   Data           8  adc_dma.o(.data)
    ADC_Calibrator                           0x2000000e   Data           8  adc_dma.o(.data)
    ButtonMask                               0x20000028   Data           1  button.o(.data)
    status                                   0x20000029   Data           1  spi.o(.data)
    SENSER_OFFSET_FLAG                       0x2000002a   Data           1  deal_datapacket.o(.data)
    dataPID                                  0x2000002b   Data           1  deal_datapacket.o(.data)
    accelerator                              0x2000002c   Data           2  deal_datapacket.o(.data)
    ADC_Value                                0x2000002e   Data           8  deal_datapacket.o(.data)
    TX_CNT                                   0x20000038   Data           2  senddata.o(.data)
    TX_ERROR                                 0x2000003a   Data           2  senddata.o(.data)
    TX_ERROR_PERCENT                         0x2000003c   Data           4  senddata.o(.data)
    TX_ADDRESS                               0x20000042   Data           5  si24r1.o(.data)
    RX_ADDRESS                               0x20000047   Data           5  si24r1.o(.data)
    sta                                      0x2000004c   Data           1  si24r1.o(.data)
    FLYDataRx_OK                             0x2000004d   Data           1  si24r1.o(.data)
    FLY_Connect_OK                           0x2000004e   Data           1  si24r1.o(.data)
    Reconnection_flag                        0x2000004f   Data           1  si24r1.o(.data)
    SystemCoreClock                          0x20000068   Data           4  system_stm32f10x.o(.data)
    AHBPrescTable                            0x2000006c   Data          16  system_stm32f10x.o(.data)
    __stdout                                 0x2000007c   Data           4  stdout.o(.data)
    FLY                                      0x20000080   Data          12  deal_datapacket.o(.bss)
    packetData                               0x2000008c   Data          12  deal_datapacket.o(.bss)
    STMFLASH_BUF                             0x20000098   Data        1024  flash.o(.bss)
    flash                                    0x20000498   Data          12  paramsave.o(.bss)
    RxBuf                                    0x200004a4   Data          32  si24r1.o(.bss)
    __initial_sp                             0x200008c8   Data           0  startup_stm32f10x_md.o(STACK)



==============================================================================

Memory Map of the image

  Image Entry point : 0x080000ed

  Load Region LR_IROM1 (Base: 0x08000000, Size: 0x00003a50, Max: 0x00010000, ABSOLUTE)

    Execution Region ER_IROM1 (Exec base: 0x08000000, Load base: 0x08000000, Size: 0x000039d0, Max: 0x00010000, ABSOLUTE)

    Exec Addr    Load Addr    Size         Type   Attr      Idx    E Section Name        Object

    0x08000000   0x08000000   0x000000ec   Data   RO         2884    RESET               startup_stm32f10x_md.o
    0x080000ec   0x080000ec   0x00000000   Code   RO         2935  * .ARM.Collect$$$$00000000  mc_w.l(entry.o)
    0x080000ec   0x080000ec   0x00000004   Code   RO         3212    .ARM.Collect$$$$00000001  mc_w.l(entry2.o)
    0x080000f0   0x080000f0   0x00000004   Code   RO         3215    .ARM.Collect$$$$00000004  mc_w.l(entry5.o)
    0x080000f4   0x080000f4   0x00000000   Code   RO         3217    .ARM.Collect$$$$00000008  mc_w.l(entry7b.o)
    0x080000f4   0x080000f4   0x00000000   Code   RO         3219    .ARM.Collect$$$$0000000A  mc_w.l(entry8b.o)
    0x080000f4   0x080000f4   0x00000008   Code   RO         3220    .ARM.Collect$$$$0000000B  mc_w.l(entry9a.o)
    0x080000fc   0x080000fc   0x00000000   Code   RO         3222    .ARM.Collect$$$$0000000D  mc_w.l(entry10a.o)
    0x080000fc   0x080000fc   0x00000000   Code   RO         3224    .ARM.Collect$$$$0000000F  mc_w.l(entry11a.o)
    0x080000fc   0x080000fc   0x00000004   Code   RO         3213    .ARM.Collect$$$$00002712  mc_w.l(entry2.o)
    0x08000100   0x08000100   0x00000024   Code   RO         2885    .text               startup_stm32f10x_md.o
    0x08000124   0x08000124   0x000000b0   Code   RO         3198    .text               mf_w.l(fadd.o)
    0x080001d4   0x080001d4   0x00000064   Code   RO         3200    .text               mf_w.l(fmul.o)
    0x08000238   0x08000238   0x0000007c   Code   RO         3202    .text               mf_w.l(fdiv.o)
    0x080002b4   0x080002b4   0x00000012   Code   RO         3204    .text               mf_w.l(fflti.o)
    0x080002c6   0x080002c6   0x0000000a   Code   RO         3206    .text               mf_w.l(ffltui.o)
    0x080002d0   0x080002d0   0x00000028   Code   RO         3208    .text               mf_w.l(ffixui.o)
    0x080002f8   0x080002f8   0x00000014   Code   RO         3210    .text               mf_w.l(cfcmple.o)
    0x0800030c   0x0800030c   0x00000000   Code   RO         3231    .text               mc_w.l(iusefp.o)
    0x0800030c   0x0800030c   0x0000006e   Code   RO         3232    .text               mf_w.l(fepilogue.o)
    0x0800037a   0x0800037a   0x00000002   PAD
    0x0800037c   0x0800037c   0x00000024   Code   RO         3244    .text               mc_w.l(init.o)
    0x080003a0   0x080003a0   0x0000015c   Code   RO          334    i.ADC_Calibration   adc_dma.o
    0x080004fc   0x080004fc   0x00000016   Code   RO         1075    i.ADC_Cmd           stm32f10x_adc.o
    0x08000512   0x08000512   0x00000016   Code   RO         1076    i.ADC_DMACmd        stm32f10x_adc.o
    0x08000528   0x08000528   0x00000154   Code   RO          335    i.ADC_DmaConfig     adc_dma.o
    0x0800067c   0x0800067c   0x00000016   Code   RO         1080    i.ADC_ExternalTrigConvCmd  stm32f10x_adc.o
    0x08000692   0x08000692   0x00000014   Code   RO         1083    i.ADC_GetCalibrationStatus  stm32f10x_adc.o
    0x080006a6   0x080006a6   0x00000002   PAD
    0x080006a8   0x080006a8   0x00000050   Code   RO         1093    i.ADC_Init          stm32f10x_adc.o
    0x080006f8   0x080006f8   0x000000b8   Code   RO         1097    i.ADC_RegularChannelConfig  stm32f10x_adc.o
    0x080007b0   0x080007b0   0x0000000a   Code   RO         1098    i.ADC_ResetCalibration  stm32f10x_adc.o
    0x080007ba   0x080007ba   0x0000000a   Code   RO         1102    i.ADC_StartCalibration  stm32f10x_adc.o
    0x080007c4   0x080007c4   0x000000a4   Code   RO          467    i.ADC_ValueLimit    deal_datapacket.o
    0x08000868   0x08000868   0x00000100   Code   RO          377    i.BUTTON_Config     button.o
    0x08000968   0x08000968   0x00000048   Code   RO          875    i.ButtonCMDDisplay  oleddispaly.o
    0x080009b0   0x080009b0   0x00000028   Code   RO          468    i.CAL               deal_datapacket.o
    0x080009d8   0x080009d8   0x0000007c   Code   RO          876    i.ConnectingDisplay  oleddispaly.o
    0x08000a54   0x08000a54   0x0000003c   Code   RO          520    i.DMA1_Channel1_IRQHandler  senddata.o
    0x08000a90   0x08000a90   0x0000001c   Code   RO         1304    i.DMA_ClearITPendingBit  stm32f10x_dma.o
    0x08000aac   0x08000aac   0x00000018   Code   RO         1305    i.DMA_Cmd           stm32f10x_dma.o
    0x08000ac4   0x08000ac4   0x0000002c   Code   RO         1309    i.DMA_GetITStatus   stm32f10x_dma.o
    0x08000af0   0x08000af0   0x00000012   Code   RO         1310    i.DMA_ITConfig      stm32f10x_dma.o
    0x08000b02   0x08000b02   0x0000003c   Code   RO         1311    i.DMA_Init          stm32f10x_dma.o
    0x08000b3e   0x08000b3e   0x00000002   PAD
    0x08000b40   0x08000b40   0x00000198   Code   RO          877    i.Display_Update    oleddispaly.o
    0x08000cd8   0x08000cd8   0x000000d8   Code   RO          878    i.Display_init      oleddispaly.o
    0x08000db0   0x08000db0   0x0000017c   Code   RO          521    i.EXTI15_10_IRQHandler  senddata.o
    0x08000f2c   0x08000f2c   0x000000e4   Code   RO          953    i.EXTI1_IRQHandler  si24r1.o
    0x08001010   0x08001010   0x0000000c   Code   RO         1388    i.EXTI_ClearITPendingBit  stm32f10x_exti.o
    0x0800101c   0x0800101c   0x00000028   Code   RO         1392    i.EXTI_GetITStatus  stm32f10x_exti.o
    0x08001044   0x08001044   0x00000094   Code   RO         1393    i.EXTI_Init         stm32f10x_exti.o
    0x080010d8   0x080010d8   0x0000004c   Code   RO         1458    i.FLASH_ErasePage   stm32f10x_flash.o
    0x08001124   0x08001124   0x00000034   Code   RO         1459    i.FLASH_GetBank1Status  stm32f10x_flash.o
    0x08001158   0x08001158   0x00000014   Code   RO         1468    i.FLASH_Lock        stm32f10x_flash.o
    0x0800116c   0x0800116c   0x00000040   Code   RO         1471    i.FLASH_ProgramHalfWord  stm32f10x_flash.o
    0x080011ac   0x080011ac   0x00000018   Code   RO         1476    i.FLASH_Unlock      stm32f10x_flash.o
    0x080011c4   0x080011c4   0x00000026   Code   RO         1480    i.FLASH_WaitForLastOperation  stm32f10x_flash.o
    0x080011ea   0x080011ea   0x00000002   PAD
    0x080011ec   0x080011ec   0x00000040   Code   RO         1642    i.GPIO_EXTILineConfig  stm32f10x_gpio.o
    0x0800122c   0x0800122c   0x00000116   Code   RO         1645    i.GPIO_Init         stm32f10x_gpio.o
    0x08001342   0x08001342   0x00000004   Code   RO         1652    i.GPIO_ResetBits    stm32f10x_gpio.o
    0x08001346   0x08001346   0x00000004   Code   RO         1653    i.GPIO_SetBits      stm32f10x_gpio.o
    0x0800134a   0x0800134a   0x00000002   PAD
    0x0800134c   0x0800134c   0x0000006c   Code   RO          522    i.Get_TxErrorPercent  senddata.o
    0x080013b8   0x080013b8   0x00000028   Code   RO          573    i.IIC_Start         oled.o
    0x080013e0   0x080013e0   0x00000020   Code   RO          574    i.IIC_Stop          oled.o
    0x08001400   0x08001400   0x00000018   Code   RO          575    i.IIC_Wait_Ack      oled.o
    0x08001418   0x08001418   0x00000034   Code   RO          262    i.LED_Config        led.o
    0x0800144c   0x0800144c   0x00000014   Code   RO          263    i.LED_Off           led.o
    0x08001460   0x08001460   0x00000014   Code   RO          264    i.LED_On            led.o
    0x08001474   0x08001474   0x00000010   Code   RO          265    i.LED_Toggle        led.o
    0x08001484   0x08001484   0x00000088   Code   RO          879    i.ModeSelectDisplay  oleddispaly.o
    0x0800150c   0x0800150c   0x00000056   Code   RO          134    i.NVIC_Config       nvic.o
    0x08001562   0x08001562   0x00000040   Code   RO          135    i.NVIC_EncodePriority  nvic.o
    0x080015a2   0x080015a2   0x0000003e   Code   RO          576    i.OLED_Clear        oled.o
    0x080015e0   0x080015e0   0x0000003e   Code   RO          577    i.OLED_ClearBlue    oled.o
    0x0800161e   0x0800161e   0x00000002   PAD
    0x08001620   0x08001620   0x00000110   Code   RO          582    i.OLED_Init         oled.o
    0x08001730   0x08001730   0x00000028   Code   RO          584    i.OLED_Set_Pos      oled.o
    0x08001758   0x08001758   0x00000056   Code   RO          585    i.OLED_ShowCHinese  oled.o
    0x080017ae   0x080017ae   0x00000056   Code   RO          586    i.OLED_ShowCHinese7x7  oled.o
    0x08001804   0x08001804   0x0000002c   Code   RO          587    i.OLED_ShowCHineseString  oled.o
    0x08001830   0x08001830   0x000000a4   Code   RO          588    i.OLED_ShowChar     oled.o
    0x080018d4   0x080018d4   0x0000007a   Code   RO          589    i.OLED_ShowNum      oled.o
    0x0800194e   0x0800194e   0x0000003a   Code   RO          590    i.OLED_ShowString   oled.o
    0x08001988   0x08001988   0x00000018   Code   RO          591    i.OLED_WR_Byte      oled.o
    0x080019a0   0x080019a0   0x0000001c   Code   RO          813    i.PID_ReadFlash     paramsave.o
    0x080019bc   0x080019bc   0x0000001c   Code   RO          814    i.PID_WriteFlash    paramsave.o
    0x080019d8   0x080019d8   0x00000164   Code   RO          469    i.PackData          deal_datapacket.o
    0x08001b3c   0x08001b3c   0x00000038   Code   RO          816    i.ParamsToTable     paramsave.o
    0x08001b74   0x08001b74   0x00000018   Code   RO         1765    i.RCC_ADCCLKConfig  stm32f10x_rcc.o
    0x08001b8c   0x08001b8c   0x00000020   Code   RO         1766    i.RCC_AHBPeriphClockCmd  stm32f10x_rcc.o
    0x08001bac   0x08001bac   0x00000020   Code   RO         1767    i.RCC_APB1PeriphClockCmd  stm32f10x_rcc.o
    0x08001bcc   0x08001bcc   0x00000020   Code   RO         1769    i.RCC_APB2PeriphClockCmd  stm32f10x_rcc.o
    0x08001bec   0x08001bec   0x000000d4   Code   RO         1777    i.RCC_GetClocksFreq  stm32f10x_rcc.o
    0x08001cc0   0x08001cc0   0x00000034   Code   RO          954    i.RX_Mode           si24r1.o
    0x08001cf4   0x08001cf4   0x000000a8   Code   RO          470    i.ReceiveDataAnalysis  deal_datapacket.o
    0x08001d9c   0x08001d9c   0x00000104   Code   RO          956    i.SI24R1_Config     si24r1.o
    0x08001ea0   0x08001ea0   0x00000038   Code   RO          957    i.SI24R1_ReceivePacket  si24r1.o
    0x08001ed8   0x08001ed8   0x00000048   Code   RO          958    i.SI24R1_SendPacket  si24r1.o
    0x08001f20   0x08001f20   0x00000018   Code   RO         1982    i.SPI_Cmd           stm32f10x_spi.o
    0x08001f38   0x08001f38   0x00000098   Code   RO          407    i.SPI_Config        spi.o
    0x08001fd0   0x08001fd0   0x00000012   Code   RO         1990    i.SPI_I2S_GetFlagStatus  stm32f10x_spi.o
    0x08001fe2   0x08001fe2   0x00000006   Code   RO         1993    i.SPI_I2S_ReceiveData  stm32f10x_spi.o
    0x08001fe8   0x08001fe8   0x00000004   Code   RO         1994    i.SPI_I2S_SendData  stm32f10x_spi.o
    0x08001fec   0x08001fec   0x0000003c   Code   RO         1995    i.SPI_Init          stm32f10x_spi.o
    0x08002028   0x08002028   0x00000038   Code   RO          408    i.SPI_RW            spi.o
    0x08002060   0x08002060   0x00000050   Code   RO          409    i.SPI_Read_Buf      spi.o
    0x080020b0   0x080020b0   0x00000038   Code   RO          410    i.SPI_Read_Byte     spi.o
    0x080020e8   0x080020e8   0x00000050   Code   RO          411    i.SPI_Write_Buf     spi.o
    0x08002138   0x08002138   0x00000040   Code   RO          412    i.SPI_Write_Byte    spi.o
    0x08002178   0x08002178   0x00000022   Code   RO          757    i.STMFLASH_Read     flash.o
    0x0800219a   0x0800219a   0x00000006   Code   RO          758    i.STMFLASH_ReadHalfWord  flash.o
    0x080021a0   0x080021a0   0x000000e8   Code   RO          759    i.STMFLASH_Write    flash.o
    0x08002288   0x08002288   0x00000026   Code   RO          760    i.STMFLASH_Write_NoCheck  flash.o
    0x080022ae   0x080022ae   0x00000002   PAD
    0x080022b0   0x080022b0   0x000000cc   Code   RO          880    i.SenserOffsetDisplay  oleddispaly.o
    0x0800237c   0x0800237c   0x00000008   Code   RO         2892    i.SetSysClock       system_stm32f10x.o
    0x08002384   0x08002384   0x000000e0   Code   RO         2893    i.SetSysClockTo72   system_stm32f10x.o
    0x08002464   0x08002464   0x000000ac   Code   RO          881    i.SignalIntensityDisplay  oleddispaly.o
    0x08002510   0x08002510   0x00000018   Code   RO          181    i.SysTick_Handler   systick.o
    0x08002528   0x08002528   0x00000030   Code   RO          182    i.SysTick_Init      systick.o
    0x08002558   0x08002558   0x00000060   Code   RO         2895    i.SystemInit        system_stm32f10x.o
    0x080025b8   0x080025b8   0x00000018   Code   RO         2137    i.TIM_ARRPreloadConfig  stm32f10x_tim.o
    0x080025d0   0x080025d0   0x00000018   Code   RO         2149    i.TIM_Cmd           stm32f10x_tim.o
    0x080025e8   0x080025e8   0x0000007c   Code   RO         2193    i.TIM_OC4Init       stm32f10x_tim.o
    0x08002664   0x08002664   0x0000001a   Code   RO         2195    i.TIM_OC4PreloadConfig  stm32f10x_tim.o
    0x0800267e   0x0800267e   0x00000002   PAD
    0x08002680   0x08002680   0x00000070   Code   RO          307    i.TIM_OCTigrConfig  tim_octigr.o
    0x080026f0   0x080026f0   0x000000a4   Code   RO         2220    i.TIM_TimeBaseInit  stm32f10x_tim.o
    0x08002794   0x08002794   0x0000003c   Code   RO          817    i.TableToParams     paramsave.o
    0x080027d0   0x080027d0   0x00000018   Code   RO         2697    i.USART_Cmd         stm32f10x_usart.o
    0x080027e8   0x080027e8   0x00000084   Code   RO          229    i.USART_Config      usart.o
    0x0800286c   0x0800286c   0x0000001a   Code   RO         2700    i.USART_GetFlagStatus  stm32f10x_usart.o
    0x08002886   0x08002886   0x00000002   PAD
    0x08002888   0x08002888   0x000000d8   Code   RO         2704    i.USART_Init        stm32f10x_usart.o
    0x08002960   0x08002960   0x00000008   Code   RO         2714    i.USART_SendData    stm32f10x_usart.o
    0x08002968   0x08002968   0x000000ec   Code   RO          959    i.WaitFlY_Connection  si24r1.o
    0x08002a54   0x08002a54   0x000000a8   Code   RO          882    i.WiFiOnOffDisplay  oleddispaly.o
    0x08002afc   0x08002afc   0x00000054   Code   RO          592    i.Write_IIC_Byte    oled.o
    0x08002b50   0x08002b50   0x0000002c   Code   RO          593    i.Write_IIC_Command  oled.o
    0x08002b7c   0x08002b7c   0x0000002c   Code   RO          594    i.Write_IIC_Data    oled.o
    0x08002ba8   0x08002ba8   0x00000010   Code   RO         2939    i.__0printf$bare    mc_w.l(printfb.o)
    0x08002bb8   0x08002bb8   0x00000028   Code   RO          136    i.__NVIC_SetPriority  nvic.o
    0x08002be0   0x08002be0   0x0000000e   Code   RO         3256    i.__scatterload_copy  mc_w.l(handlers.o)
    0x08002bee   0x08002bee   0x00000002   Code   RO         3257    i.__scatterload_null  mc_w.l(handlers.o)
    0x08002bf0   0x08002bf0   0x0000000e   Code   RO         3258    i.__scatterload_zeroinit  mc_w.l(handlers.o)
    0x08002bfe   0x08002bfe   0x00000022   Code   RO         2946    i._printf_core      mc_w.l(printfb.o)
    0x08002c20   0x08002c20   0x00000044   Code   RO          183    i.delay_ms          systick.o
    0x08002c64   0x08002c64   0x00000024   Code   RO          230    i.fputc             usart.o
    0x08002c88   0x08002c88   0x00000058   Code   RO            4    i.main              main.o
    0x08002ce0   0x08002ce0   0x00000016   Code   RO          596    i.oled_pow          oled.o
    0x08002cf6   0x08002cf6   0x00000818   Data   RO          597    .constdata          oled.o
    0x0800350e   0x0800350e   0x000004a0   Data   RO          883    .constdata          oleddispaly.o
    0x080039ae   0x080039ae   0x00000002   PAD
    0x080039b0   0x080039b0   0x00000020   Data   RO         3254    Region$$Table       anon$$obj.o


    Execution Region RW_IRAM1 (Exec base: 0x20000000, Load base: 0x080039d0, Size: 0x000008c8, Max: 0x00005000, ABSOLUTE)

    Exec Addr    Load Addr    Size         Type   Attr      Idx    E Section Name        Object

    0x20000000   0x080039d0   0x00000004   Data   RW          185    .data               systick.o
    0x20000004   0x080039d4   0x00000024   Data   RW          336    .data               adc_dma.o
    0x20000028   0x080039f8   0x00000001   Data   RW          378    .data               button.o
    0x20000029   0x080039f9   0x00000001   Data   RW          413    .data               spi.o
    0x2000002a   0x080039fa   0x0000000c   Data   RW          472    .data               deal_datapacket.o
    0x20000036   0x08003a06   0x00000002   PAD
    0x20000038   0x08003a08   0x00000008   Data   RW          523    .data               senddata.o
    0x20000040   0x08003a10   0x00000002   Data   RW          884    .data               oleddispaly.o
    0x20000042   0x08003a12   0x00000010   Data   RW          961    .data               si24r1.o
    0x20000052   0x08003a22   0x00000014   Data   RW         1797    .data               stm32f10x_rcc.o
    0x20000066   0x08003a36   0x00000002   PAD
    0x20000068   0x08003a38   0x00000014   Data   RW         2896    .data               system_stm32f10x.o
    0x2000007c   0x08003a4c   0x00000004   Data   RW         3226    .data               mc_w.l(stdout.o)
    0x20000080        -       0x00000018   Zero   RW          471    .bss                deal_datapacket.o
    0x20000098        -       0x00000400   Zero   RW          762    .bss                flash.o
    0x20000498        -       0x0000000c   Zero   RW          818    .bss                paramsave.o
    0x200004a4        -       0x00000020   Zero   RW          960    .bss                si24r1.o
    0x200004c4   0x08003a50   0x00000004   PAD
    0x200004c8        -       0x00000400   Zero   RW         2882    STACK               startup_stm32f10x_md.o


==============================================================================

Image component sizes


      Code (inc. data)   RO Data    RW Data    ZI Data      Debug   Object Name

       688         50          0         36          0      27927   adc_dma.o
       256          4          0          1          0       1169   button.o
       728         46          0         12         24       4465   deal_datapacket.o
       310         10          0          0       1024       3949   flash.o
       108         20          0          0          0       2205   led.o
        88         22          0          0          0     286827   main.o
       190          8          0          0          0       2010   nvic.o
      1310         30       2072          0          0      13507   oled.o
      1500        288       1184          2          0       6536   oleddispaly.o
       172         48          0          0         12       2485   paramsave.o
       548         50          0          8          0       2330   senddata.o
       904        110          0         16         32       5096   si24r1.o
       488         46          0          1          0       4755   spi.o
        36          8        236          0       1024        896   startup_stm32f10x_md.o
       370         10          0          0          0       7164   stm32f10x_adc.o
       174         18          0          0          0       4746   stm32f10x_dma.o
       200         18          0          0          0       2292   stm32f10x_exti.o
       274         30          0          0          0       3634   stm32f10x_flash.o
       350          4          0          0          0       3870   stm32f10x_gpio.o
       332         44          0         20          0       5793   stm32f10x_rcc.o
       112          0          0          0          0       4086   stm32f10x_spi.o
       362         52          0          0          0       3837   stm32f10x_tim.o
       274          6          0          0          0       4232   stm32f10x_usart.o
       328         28          0         20          0       2825   system_stm32f10x.o
       140         22          0          4          0       1908   systick.o
       112          4          0          0          0        727   tim_octigr.o
       168         14          0          0          0       1319   usart.o

    ----------------------------------------------------------------------
     10538        990       3526        124       2120     410590   Object Totals
         0          0         32          0          0          0   (incl. Generated)
        16          0          2          4          4          0   (incl. Padding)

    ----------------------------------------------------------------------

      Code (inc. data)   RO Data    RW Data    ZI Data      Debug   Library Member Name

         0          0          0          0          0          0   entry.o
         0          0          0          0          0          0   entry10a.o
         0          0          0          0          0          0   entry11a.o
         8          4          0          0          0          0   entry2.o
         4          0          0          0          0          0   entry5.o
         0          0          0          0          0          0   entry7b.o
         0          0          0          0          0          0   entry8b.o
         8          4          0          0          0          0   entry9a.o
        30          0          0          0          0          0   handlers.o
        36          8          0          0          0         68   init.o
         0          0          0          0          0          0   iusefp.o
        50          8          0          0          0        152   printfb.o
         0          0          0          4          0          0   stdout.o
        20          0          0          0          0         68   cfcmple.o
       176          0          0          0          0        140   fadd.o
       124          0          0          0          0         88   fdiv.o
       110          0          0          0          0        168   fepilogue.o
        40          0          0          0          0         68   ffixui.o
        18          0          0          0          0         68   fflti.o
        10          0          0          0          0         68   ffltui.o
       100          0          0          0          0         76   fmul.o

    ----------------------------------------------------------------------
       736         24          0          4          0        964   Library Totals
         2          0          0          0          0          0   (incl. Padding)

    ----------------------------------------------------------------------

      Code (inc. data)   RO Data    RW Data    ZI Data      Debug   Library Name

       136         24          0          4          0        220   mc_w.l
       598          0          0          0          0        744   mf_w.l

    ----------------------------------------------------------------------
       736         24          0          4          0        964   Library Totals

    ----------------------------------------------------------------------

==============================================================================


      Code (inc. data)   RO Data    RW Data    ZI Data      Debug   

     11274       1014       3526        128       2120     405258   Grand Totals
     11274       1014       3526        128       2120     405258   ELF Image Totals
     11274       1014       3526        128          0          0   ROM Totals

==============================================================================

    Total RO  Size (Code + RO Data)                14800 (  14.45kB)
    Total RW  Size (RW Data + ZI Data)              2248 (   2.20kB)
    Total ROM Size (Code + RO Data + RW Data)      14928 (  14.58kB)

==============================================================================

