Component: ARM Compiler 5.06 update 5 (build 528) Tool: armlink [4d35e2]

==============================================================================

Section Cross References

    main.o(i.main) refers to system.o(i.System_Init) for System_Init
    main.o(i.main) refers to system.o(i.Task_Schedule) for Task_Schedule
    stm32f10x_it.o(i.EXTI2_IRQHandler) refers to stm32f10x_exti.o(i.EXTI_GetITStatus) for EXTI_GetITStatus
    stm32f10x_it.o(i.EXTI2_IRQHandler) refers to si24r1.o(i.SI24R1_read_reg) for SI24R1_read_reg
    stm32f10x_it.o(i.EXTI2_IRQHandler) refers to si24r1.o(i.SI24R1set_Mode) for SI24R1set_Mode
    stm32f10x_it.o(i.EXTI2_IRQHandler) refers to si24r1.o(i.SI24R1_write_reg) for SI24R1_write_reg
    stm32f10x_it.o(i.EXTI2_IRQHandler) refers to si24r1.o(i.SI24R1_RxPacket) for SI24R1_RxPacket
    stm32f10x_it.o(i.EXTI2_IRQHandler) refers to remotedata.o(i.Remote_Data_ReceiveAnalysis) for Remote_Data_ReceiveAnalysis
    stm32f10x_it.o(i.EXTI2_IRQHandler) refers to stm32f10x_exti.o(i.EXTI_ClearITPendingBit) for EXTI_ClearITPendingBit
    stm32f10x_it.o(i.EXTI2_IRQHandler) refers to si24r1.o(.bss) for SI24R1_RX_DATA
    stm32f10x_it.o(i.TIM4_IRQHandler) refers to stm32f10x_tim.o(i.TIM_GetITStatus) for TIM_GetITStatus
    stm32f10x_it.o(i.TIM4_IRQHandler) refers to stm32f10x_tim.o(i.TIM_ClearITPendingBit) for TIM_ClearITPendingBit
    stm32f10x_it.o(i.TIM4_IRQHandler) refers to stm32f10x_it.o(.data) for ms2
    stm32f10x_it.o(i.USART1_IRQHandler) refers to stm32f10x_usart.o(i.USART_GetITStatus) for USART_GetITStatus
    stm32f10x_it.o(i.USART1_IRQHandler) refers to ano_dt.o(i.ANO_DT_Data_Receive_Prepare) for ANO_DT_Data_Receive_Prepare
    stm32f10x_it.o(i.USART1_IRQHandler) refers to stm32f10x_usart.o(i.USART_ClearITPendingBit) for USART_ClearITPendingBit
    led.o(i.ACC_Offset_LED) refers to led.o(i.RGB_LED_Off) for RGB_LED_Off
    led.o(i.ACC_Offset_LED) refers to led.o(i.RGB_LED_green) for RGB_LED_green
    led.o(i.ACC_Offset_LED) refers to delay.o(i.Delay_ms) for Delay_ms
    led.o(i.BAR_Offset_LED) refers to led.o(i.RGB_LED_Off) for RGB_LED_Off
    led.o(i.BAR_Offset_LED) refers to led.o(i.RGB_LED_Violet) for RGB_LED_Violet
    led.o(i.BAR_Offset_LED) refers to delay.o(i.Delay_ms) for Delay_ms
    led.o(i.BATT_Alarm_LED) refers to led.o(i.RGB_LED_Red) for RGB_LED_Red
    led.o(i.BATT_Alarm_LED) refers to led.o(i.RGB_LED_Off) for RGB_LED_Off
    led.o(i.BATT_Alarm_LED) refers to power.o(.data) for BATT_LEDflag
    led.o(i.BATT_Alarm_LED) refers to led.o(.data) for flag
    led.o(i.GYRO_Offset_LED) refers to led.o(i.RGB_LED_Off) for RGB_LED_Off
    led.o(i.GYRO_Offset_LED) refers to led.o(i.RGB_LED_Blue) for RGB_LED_Blue
    led.o(i.GYRO_Offset_LED) refers to delay.o(i.Delay_ms) for Delay_ms
    led.o(i.LED_Init) refers to stm32f10x_rcc.o(i.RCC_APB2PeriphClockCmd) for RCC_APB2PeriphClockCmd
    led.o(i.LED_Init) refers to stm32f10x_gpio.o(i.GPIO_Init) for GPIO_Init
    led.o(i.LED_Init) refers to stm32f10x_gpio.o(i.GPIO_SetBits) for GPIO_SetBits
    led.o(i.LED_Init) refers to stm32f10x_gpio.o(i.GPIO_ResetBits) for GPIO_ResetBits
    led.o(i.LED_Run) refers to stm32f10x_gpio.o(i.GPIO_SetBits) for GPIO_SetBits
    led.o(i.LED_Run) refers to stm32f10x_gpio.o(i.GPIO_ResetBits) for GPIO_ResetBits
    led.o(i.LED_Run) refers to led.o(.data) for flag
    led.o(i.RGB_LED_Blue) refers to led.o(i.Write24Bit) for Write24Bit
    led.o(i.RGB_LED_Cyan) refers to led.o(i.Write24Bit) for Write24Bit
    led.o(i.RGB_LED_FLY) refers to led.o(i.Write24Bit) for Write24Bit
    led.o(i.RGB_LED_Off) refers to led.o(i.Write24Bit) for Write24Bit
    led.o(i.RGB_LED_Orange) refers to led.o(i.Write24Bit) for Write24Bit
    led.o(i.RGB_LED_Rand) refers to rand.o(.text) for rand
    led.o(i.RGB_LED_Rand) refers to led.o(i.Write24Bit) for Write24Bit
    led.o(i.RGB_LED_Red) refers to led.o(i.Write24Bit) for Write24Bit
    led.o(i.RGB_LED_Runing) refers to led.o(i.Write24Bit) for Write24Bit
    led.o(i.RGB_LED_Runing) refers to led.o(.data) for times
    led.o(i.RGB_LED_Violet) refers to led.o(i.Write24Bit) for Write24Bit
    led.o(i.RGB_LED_White) refers to led.o(i.Write24Bit) for Write24Bit
    led.o(i.RGB_LED_Yellow) refers to led.o(i.Write24Bit) for Write24Bit
    led.o(i.RGB_LED_green) refers to led.o(i.Write24Bit) for Write24Bit
    led.o(i.RGB_WByte) refers to led.o(i.Write1) for Write1
    led.o(i.RGB_WByte) refers to led.o(i.Write0) for Write0
    led.o(i.Write24Bit) refers to led.o(i.RGB_WByte) for RGB_WByte
    delay.o(i.Delay_Init) refers to misc.o(i.SysTick_CLKSourceConfig) for SysTick_CLKSourceConfig
    delay.o(i.Delay_Init) refers to system_stm32f10x.o(.data) for SystemCoreClock
    delay.o(i.Delay_Init) refers to delay.o(.data) for D_us
    delay.o(i.Delay_ms) refers to delay.o(.data) for D_ms
    delay.o(i.Delay_us) refers to delay.o(.data) for D_us
    usart.o(i.USART_init) refers to stm32f10x_rcc.o(i.RCC_APB2PeriphClockCmd) for RCC_APB2PeriphClockCmd
[...]
    i.SPI_GPIO_Init                          0x08004858   Section        0  spi.o(i.SPI_GPIO_Init)
    i.SPI_I2S_GetFlagStatus                  0x080048d8   Section        0  stm32f10x_spi.o(i.SPI_I2S_GetFlagStatus)
    i.SPI_I2S_ReceiveData                    0x080048ea   Section        0  stm32f10x_spi.o(i.SPI_I2S_ReceiveData)
    i.SPI_I2S_SendData                       0x080048f0   Section        0  stm32f10x_spi.o(i.SPI_I2S_SendData)
    i.SPI_Init                               0x080048f4   Section        0  stm32f10x_spi.o(i.SPI_Init)
    i.STMFLASH_Read                          0x08004930   Section        0  flash.o(i.STMFLASH_Read)
    i.STMFLASH_ReadWord                      0x08004950   Section        0  flash.o(i.STMFLASH_ReadWord)
    i.STMFLASH_Write                         0x08004958   Section        0  flash.o(i.STMFLASH_Write)
    i.Safety_Check                           0x080049e0   Section        0  control.o(i.Safety_Check)
    i.SendToRemote                           0x08004a80   Section        0  remotedata.o(i.SendToRemote)
    i.SetSysClock                            0x08004b94   Section        0  system_stm32f10x.o(i.SetSysClock)
    SetSysClock                              0x08004b95   Thumb Code     8  system_stm32f10x.o(i.SetSysClock)
    i.SetSysClockTo72                        0x08004b9c   Section        0  system_stm32f10x.o(i.SetSysClockTo72)
    SetSysClockTo72                          0x08004b9d   Thumb Code   214  system_stm32f10x.o(i.SetSysClockTo72)
    i.SortAver_FilterXYZ                     0x08004c7c   Section        0  filter.o(i.SortAver_FilterXYZ)
    i.SysTick_CLKSourceConfig                0x08004d98   Section        0  misc.o(i.SysTick_CLKSourceConfig)
    i.SystemInit                             0x08004dc0   Section        0  system_stm32f10x.o(i.SystemInit)
    i.System_Init                            0x08004e20   Section        0  system.o(i.System_Init)
    i.TIM4_IRQHandler                        0x08004e8c   Section        0  stm32f10x_it.o(i.TIM4_IRQHandler)
    i.TIM_ClearITPendingBit                  0x08004f90   Section        0  stm32f10x_tim.o(i.TIM_ClearITPendingBit)
    i.TIM_Cmd                                0x08004f96   Section        0  stm32f10x_tim.o(i.TIM_Cmd)
    i.TIM_GetITStatus                        0x08004fae   Section        0  stm32f10x_tim.o(i.TIM_GetITStatus)
    i.TIM_ITConfig                           0x08004fd0   Section        0  stm32f10x_tim.o(i.TIM_ITConfig)
    i.TIM_Init                               0x08004fe4   Section        0  tim.o(i.TIM_Init)
    i.TIM_OC1Init                            0x08005028   Section        0  stm32f10x_tim.o(i.TIM_OC1Init)
    i.TIM_OC1PreloadConfig                   0x080050c0   Section        0  stm32f10x_tim.o(i.TIM_OC1PreloadConfig)
    i.TIM_OC2Init                            0x080050d4   Section        0  stm32f10x_tim.o(i.TIM_OC2Init)
    i.TIM_OC2PreloadConfig                   0x08005178   Section        0  stm32f10x_tim.o(i.TIM_OC2PreloadConfig)
    i.TIM_OC3Init                            0x08005194   Section        0  stm32f10x_tim.o(i.TIM_OC3Init)
    i.TIM_OC3PreloadConfig                   0x08005234   Section        0  stm32f10x_tim.o(i.TIM_OC3PreloadConfig)
    i.TIM_OC4Init                            0x08005248   Section        0  stm32f10x_tim.o(i.TIM_OC4Init)
    i.TIM_OC4PreloadConfig                   0x080052c4   Section        0  stm32f10x_tim.o(i.TIM_OC4PreloadConfig)
    i.TIM_TimeBaseInit                       0x080052e0   Section        0  stm32f10x_tim.o(i.TIM_TimeBaseInit)
    i.TableToParams                          0x08005384   Section        0  paramsave.o(i.TableToParams)
    i.Task_Schedule                          0x080055dc   Section        0  system.o(i.Task_Schedule)
    i.USART1_IRQHandler                      0x08005690   Section        0  stm32f10x_it.o(i.USART1_IRQHandler)
    i.USART_ClearITPendingBit                0x080056dc   Section        0  stm32f10x_usart.o(i.USART_ClearITPendingBit)
    i.USART_Cmd                              0x080056fa   Section        0  stm32f10x_usart.o(i.USART_Cmd)
    i.USART_GetFlagStatus                    0x08005712   Section        0  stm32f10x_usart.o(i.USART_GetFlagStatus)
    i.USART_GetITStatus                      0x0800572c   Section        0  stm32f10x_usart.o(i.USART_GetITStatus)
    i.USART_ITConfig                         0x08005780   Section        0  stm32f10x_usart.o(i.USART_ITConfig)
    i.USART_Init                             0x080057cc   Section        0  stm32f10x_usart.o(i.USART_Init)
    i.USART_SendData                         0x080058a4   Section        0  stm32f10x_usart.o(i.USART_SendData)
    i.USART_init                             0x080058ac   Section        0  usart.o(i.USART_init)
    i.UnControl_Land                         0x08005944   Section        0  remotedata.o(i.UnControl_Land)
    i.Write0                                 0x08005964   Section        0  led.o(i.Write0)
    i.Write1                                 0x080059d4   Section        0  led.o(i.Write1)
    i.Write24Bit                             0x08005a3c   Section        0  led.o(i.Write24Bit)
    i.Yaw_Carefree                           0x08005a58   Section        0  control.o(i.Yaw_Carefree)
    i.__0printf$bare                         0x08005ad8   Section        0  printfb.o(i.__0printf$bare)
    i.__ARM_fpclassify                       0x08005ae8   Section        0  fpclassify.o(i.__ARM_fpclassify)
    i.__ARM_fpclassifyf                      0x08005b10   Section        0  fpclassifyf.o(i.__ARM_fpclassifyf)
    i.__kernel_poly                          0x08005b36   Section        0  poly.o(i.__kernel_poly)
    i.__mathlib_dbl_infnan                   0x08005be0   Section        0  dunder.o(i.__mathlib_dbl_infnan)
    i.__mathlib_dbl_infnan2                  0x08005be6   Section        0  dunder.o(i.__mathlib_dbl_infnan2)
    i.__mathlib_dbl_invalid                  0x08005bea   Section        0  dunder.o(i.__mathlib_dbl_invalid)
    i.__mathlib_dbl_underflow                0x08005bf8   Section        0  dunder.o(i.__mathlib_dbl_underflow)
    i.__mathlib_flt_infnan                   0x08005c08   Section        0  funder.o(i.__mathlib_flt_infnan)
    i.__mathlib_flt_invalid                  0x08005c0e   Section        0  funder.o(i.__mathlib_flt_invalid)
    i.__mathlib_flt_underflow                0x08005c16   Section        0  funder.o(i.__mathlib_flt_underflow)
    i.__mathlib_rredf2                       0x08005c20   Section        0  rredf.o(i.__mathlib_rredf2)
    i.__scatterload_copy                     0x08005d88   Section       14  handlers.o(i.__scatterload_copy)
    i.__scatterload_null                     0x08005d96   Section        2  handlers.o(i.__scatterload_null)
    i.__scatterload_zeroinit                 0x08005d98   Section       14  handlers.o(i.__scatterload_zeroinit)
    i.__set_errno                            0x08005da8   Section        0  errno.o(i.__set_errno)
    i._printf_core                           0x08005db4   Section        0  printfb.o(i._printf_core)
    _printf_core                             0x08005db5   Thumb Code    34  printfb.o(i._printf_core)
    i.asin                                   0x08005dd8   Section        0  asin.o(i.asin)
    i.atan                                   0x08006048   Section        0  atan.o(i.atan)
    i.atan2                                  0x08006268   Section        0  atan2.o(i.atan2)
    i.cosf                                   0x080063e8   Section        0  cosf.o(i.cosf)
    i.fputc                                  0x08006564   Section        0  usart.o(i.fputc)
    i.invSqrt                                0x08006588   Section        0  imu.o(i.invSqrt)
    invSqrt                                  0x08006589   Thumb Code    72  imu.o(i.invSqrt)
    i.main                                   0x080065d4   Section        0  main.o(i.main)
    i.sinf                                   0x080065e0   Section        0  sinf.o(i.sinf)
    i.sqrt                                   0x08006768   Section        0  sqrt.o(i.sqrt)
    i.usart_send                             0x080067b4   Section        0  usart.o(i.usart_send)
    .constdata                               0x080067e4   Section       36  imu.o(.constdata)
    .constdata                               0x08006808   Section       80  asin.o(.constdata)
    pS                                       0x08006808   Data          48  asin.o(.constdata)
    qS                                       0x08006838   Data          32  asin.o(.constdata)
    .constdata                               0x08006858   Section      152  atan.o(.constdata)
    atanhi                                   0x08006858   Data          32  atan.o(.constdata)
    atanlo                                   0x08006878   Data          32  atan.o(.constdata)
    aTodd                                    0x08006898   Data          40  atan.o(.constdata)
    aTeven                                   0x080068c0   Data          48  atan.o(.constdata)
    .constdata                               0x080068f0   Section        8  qnan.o(.constdata)
    .constdata                               0x080068f8   Section       32  rredf.o(.constdata)
    twooverpi                                0x080068f8   Data          32  rredf.o(.constdata)
    .data                                    0x20000000   Section       18  stm32f10x_it.o(.data)
    ms2                                      0x20000006   Data           2  stm32f10x_it.o(.data)
    ms5                                      0x20000008   Data           2  stm32f10x_it.o(.data)
    ms10                                     0x2000000a   Data           2  stm32f10x_it.o(.data)
    ms100                                    0x2000000c   Data           2  stm32f10x_it.o(.data)
    ms200                                    0x2000000e   Data           2  stm32f10x_it.o(.data)
    ms400                                    0x20000010   Data           2  stm32f10x_it.o(.data)
    .data                                    0x20000014   Section      454  led.o(.data)
    Run_buf                                  0x20000014   Data         448  led.o(.data)
    flag                                     0x200001d5   Data           1  led.o(.data)
    cnt                                      0x200001d6   Data           1  led.o(.data)
    wcnt                                     0x200001d7   Data           1  led.o(.data)
    times                                    0x200001d8   Data           1  led.o(.data)
    flag                                     0x200001d9   Data           1  led.o(.data)
    .data                                    0x200001da   Section        4  delay.o(.data)
    D_us                                     0x200001da   Data           1  delay.o(.data)
    D_ms                                     0x200001dc   Data           2  delay.o(.data)
    .data                                    0x200001e0   Section       42  mpu6050.o(.data)
    tempgx                                   0x200001fc   Data           4  mpu6050.o(.data)
    tempgy                                   0x20000200   Data           4  mpu6050.o(.data)
    tempgz                                   0x20000204   Data           4  mpu6050.o(.data)
    cnt_a                                    0x20000208   Data           2  mpu6050.o(.data)
    .data                                    0x2000020c   Section       23  power.o(.data)
    cnt                                      0x20000221   Data           1  power.o(.data)
    cnt1                                     0x20000222   Data           1  power.o(.data)
    .data                                    0x20000223   Section       13  si24r1.o(.data)
    mode                                     0x2000022e   Data           1  si24r1.o(.data)
    key                                      0x2000022f   Data           1  si24r1.o(.data)
    .data                                    0x20000230   Section       14  filter.o(.data)
    cnt                                      0x20000230   Data           1  filter.o(.data)
    flag                                     0x20000231   Data           1  filter.o(.data)
    cnt                                      0x20000232   Data           1  filter.o(.data)
    flag                                     0x20000233   Data           1  filter.o(.data)
    cnt                                      0x20000234   Data           1  filter.o(.data)
    flag                                     0x20000235   Data           1  filter.o(.data)
    cnt                                      0x20000236   Data           1  filter.o(.data)
    flag                                     0x20000237   Data           1  filter.o(.data)
    cnt                                      0x20000238   Data           1  filter.o(.data)
    flag                                     0x20000239   Data           1  filter.o(.data)
    cnt                                      0x2000023a   Data           1  filter.o(.data)
    flag                                     0x2000023b   Data           1  filter.o(.data)
    cnt                                      0x2000023c   Data           1  filter.o(.data)
    flag                                     0x2000023d   Data           1  filter.o(.data)
    .data                                    0x20000240   Section       33  imu.o(.data)
    IIR_mode                                 0x20000260   Data           1  imu.o(.data)
    .data                                    0x20000264   Section       28  control.o(.data)
    YAW                                      0x2000027e   Data           2  control.o(.data)
    .data                                    0x20000280   Section        9  ano_dt.o(.data)
    status_cnt                               0x20000281   Data           1  ano_dt.o(.data)
    senser_cnt                               0x20000282   Data           1  ano_dt.o(.data)
    rcdata_cnt                               0x20000283   Data           1  ano_dt.o(.data)
    motopwm_cnt                              0x20000284   Data           1  ano_dt.o(.data)
    power_cnt                                0x20000285   Data           1  ano_dt.o(.data)
    _data_len                                0x20000286   Data           1  ano_dt.o(.data)
    _data_cnt                                0x20000287   Data           1  ano_dt.o(.data)
    state                                    0x20000288   Data           1  ano_dt.o(.data)
    .data                                    0x2000028a   Section       12  remotedata.o(.data)
    PreButton                                0x20000294   Data           1  remotedata.o(.data)
    PreDataID                                0x20000295   Data           1  remotedata.o(.data)
    .data                                    0x20000296   Section       20  stm32f10x_rcc.o(.data)
    APBAHBPrescTable                         0x20000296   Data          16  stm32f10x_rcc.o(.data)
    ADCPrescTable                            0x200002a6   Data           4  stm32f10x_rcc.o(.data)
    .data                                    0x200002ac   Section       20  system_stm32f10x.o(.data)
    .data                                    0x200002c0   Section        4  rand.o(.data)
    _rand_state                              0x200002c0   Data           4  rand.o(.data)
    .data                                    0x200002c4   Section        4  stdout.o(.data)
    .data                                    0x200002c8   Section        4  errno.o(.data)
    _errno                                   0x200002c8   Data           4  errno.o(.data)
    .bss                                     0x200002cc   Section       64  fbm320.o(.bss)
    .bss                                     0x2000030c   Section       14  mpu6050.o(.bss)
    MPU6050_buff                             0x2000030c   Data          14  mpu6050.o(.bss)
    .bss                                     0x2000031a   Section       64  si24r1.o(.bss)
    .bss                                     0x2000035c   Section     1280  filter.o(.bss)
    buf                                      0x2000035c   Data          80  filter.o(.bss)
    buf                                      0x200003ac   Data          80  filter.o(.bss)
    bufx                                     0x200003fc   Data          80  filter.o(.bss)
    bufy                                     0x2000044c   Data          80  filter.o(.bss)
    bufz                                     0x2000049c   Data          80  filter.o(.bss)
    bufax                                    0x200004ec   Data          80  filter.o(.bss)
    bufay                                    0x2000053c   Data          80  filter.o(.bss)
    bufaz                                    0x2000058c   Data          80  filter.o(.bss)
    bufgx                                    0x200005dc   Data          80  filter.o(.bss)
    bufgy                                    0x2000062c   Data          80  filter.o(.bss)
    bufgz                                    0x2000067c   Data          80  filter.o(.bss)
    bufax                                    0x200006cc   Data          80  filter.o(.bss)
    bufay                                    0x2000071c   Data          80  filter.o(.bss)
    bufaz                                    0x2000076c   Data          80  filter.o(.bss)
    buf                                      0x200007bc   Data          80  filter.o(.bss)
    buf                                      0x2000080c   Data          80  filter.o(.bss)
    .bss                                     0x2000085c   Section      120  imu.o(.bss)
    .bss                                     0x200008d4   Section       62  paramsave.o(.bss)
    .bss                                     0x20000914   Section      480  control.o(.bss)
    .bss                                     0x20000af4   Section      110  ano_dt.o(.bss)
    RxBuffer                                 0x20000b30   Data          50  ano_dt.o(.bss)
    STACK                                    0x20000b68   Section     1024  startup_stm32f10x_md.o(STACK)

    Global Symbols

    Symbol Name                              Value     Ov Type        Size  Object(Section)

    BuildAttributes$$THM_ISAv4$P$D$K$B$S$PE$A:L22UL41UL21$X:L11$S22US41US21$IEEE1$IW$USESV6$~STKCKD$USESV7$~SHL$OTIME$ROPI$IEEEX$EBA8$MICROLIB$REQ8$PRES8$EABIv2 0x00000000   Number         0  anon$$obj.o ABSOLUTE
    __ARM_use_no_argv                        0x00000000   Number         0  main.o ABSOLUTE
    __cpp_initialize__aeabi_                  - Undefined Weak Reference
    __cxa_finalize                            - Undefined Weak Reference
    _clock_init                               - Undefined Weak Reference
    _microlib_exit                            - Undefined Weak Reference
    __Vectors_Size                           0x000000ec   Number         0  startup_stm32f10x_md.o ABSOLUTE
    __Vectors                                0x08000000   Data           4  startup_stm32f10x_md.o(RESET)
    __Vectors_End                            0x080000ec   Data           0  startup_stm32f10x_md.o(RESET)
    __main                                   0x080000ed   Thumb Code     0  entry.o(.ARM.Collect$$$$00000000)
    _main_stk                                0x080000ed   Thumb Code     0  entry2.o(.ARM.Collect$$$$00000001)
    _main_scatterload                        0x080000f1   Thumb Code     0  entry5.o(.ARM.Collect$$$$00000004)
    __main_after_scatterload                 0x080000f5   Thumb Code     0  entry5.o(.ARM.Collect$$$$00000004)
    _main_clock                              0x080000f5   Thumb Code     0  entry7b.o(.ARM.Collect$$$$00000008)
    _main_cpp_init                           0x080000f5   Thumb Code     0  entry8b.o(.ARM.Collect$$$$0000000A)
    _main_init                               0x080000f5   Thumb Code     0  entry9a.o(.ARM.Collect$$$$0000000B)
    __rt_final_cpp                           0x080000fd   Thumb Code     0  entry10a.o(.ARM.Collect$$$$0000000D)
    __rt_final_exit                          0x080000fd   Thumb Code     0  entry11a.o(.ARM.Collect$$$$0000000F)
    Reset_Handler                            0x08000101   Thumb Code     8  startup_stm32f10x_md.o(.text)
    NMI_Handler                              0x08000109   Thumb Code     2  startup_stm32f10x_md.o(.text)
    HardFault_Handler                        0x0800010b   Thumb Code     2  startup_stm32f10x_md.o(.text)
    MemManage_Handler                        0x0800010d   Thumb Code     2  startup_stm32f10x_md.o(.text)
    BusFault_Handler                         0x0800010f   Thumb Code     2  startup_stm32f10x_md.o(.text)
    UsageFault_Handler                       0x08000111   Thumb Code     2  startup_stm32f10x_md.o(.text)
    SVC_Handler                              0x08000113   Thumb Code     2  startup_stm32f10x_md.o(.text)
    DebugMon_Handler                         0x08000115   Thumb Code     2  startup_stm32f10x_md.o(.text)
    PendSV_Handler                           0x08000117   Thumb Code     2  startup_stm32f10x_md.o(.text)
    SysTick_Handler                          0x08000119   Thumb Code     2  startup_stm32f10x_md.o(.text)
    ADC1_2_IRQHandler                        0x0800011b   Thumb Code     0  startup_stm32f10x_md.o(.text)
    CAN1_RX1_IRQHandler                      0x0800011b   Thumb Code     0  startup_stm32f10x_md.o(.text)
    CAN1_SCE_IRQHandler                      0x0800011b   Thumb Code     0  startup_stm32f10x_md.o(.text)
    DMA1_Channel1_IRQHandler                 0x0800011b   Thumb Code     0  startup_stm32f10x_md.o(.text)
    DMA1_Channel2_IRQHandler                 0x0800011b   Thumb Code     0  startup_stm32f10x_md.o(.text)
    DMA1_Channel3_IRQHandler                 0x0800011b   Thumb Code     0  startup_stm32f10x_md.o(.text)
    DMA1_Channel4_IRQHandler                 0x0800011b   Thumb Code     0  startup_stm32f10x_md.o(.text)
    DMA1_Channel5_IRQHandler                 0x0800011b   Thumb Code     0  startup_stm32f10x_md.o(.text)
    DMA1_Channel6_IRQHandler                 0x0800011b   Thumb Code     0  startup_stm32f10x_md.o(.text)
    DMA1_Channel7_IRQHandler                 0x0800011b   Thumb Code     0  startup_stm32f10x_md.o(.text)
    EXTI0_IRQHandler                         0x0800011b   Thumb Code     0  startup_stm32f10x_md.o(.text)
    EXTI15_10_IRQHandler                     0x0800011b   Thumb Code     0  startup_stm32f10x_md.o(.text)
    EXTI1_IRQHandler                         0x0800011b   Thumb Code     0  startup_stm32f10x_md.o(.text)
    EXTI3_IRQHandler                         0x0800011b   Thumb Code     0  startup_stm32f10x_md.o(.text)
    EXTI4_IRQHandler                         0x0800011b   Thumb Code     0  startup_stm32f10x_md.o(.text)
    EXTI9_5_IRQHandler                       0x0800011b   Thumb Code     0  startup_stm32f10x_md.o(.text)
    FLASH_IRQHandler                         0x0800011b   Thumb Code     0  startup_stm32f10x_md.o(.text)
    I2C1_ER_IRQHandler                       0x0800011b   Thumb Code     0  startup_stm32f10x_md.o(.text)
    I2C1_EV_IRQHandler                       0x0800011b   Thumb Code     0  startup_stm32f10x_md.o(.text)
    I2C2_ER_IRQHandler                       0x0800011b   Thumb Code     0  startup_stm32f10x_md.o(.text)
    I2C2_EV_IRQHandler                       0x0800011b   Thumb Code     0  startup_stm32f10x_md.o(.text)
    PVD_IRQHandler                           0x0800011b   Thumb Code     0  startup_stm32f10x_md.o(.text)
    RCC_IRQHandler                           0x0800011b   Thumb Code     0  startup_stm32f10x_md.o(.text)
    RTCAlarm_IRQHandler                      0x0800011b   Thumb Code     0  startup_stm32f10x_md.o(.text)
    RTC_IRQHandler                           0x0800011b   Thumb Code     0  startup_stm32f10x_md.o(.text)
    SPI1_IRQHandler                          0x0800011b   Thumb Code     0  startup_stm32f10x_md.o(.text)
    SPI2_IRQHandler                          0x0800011b   Thumb Code     0  startup_stm32f10x_md.o(.text)
    TAMPER_IRQHandler                        0x0800011b   Thumb Code     0  startup_stm32f10x_md.o(.text)
    TIM1_BRK_IRQHandler                      0x0800011b   Thumb Code     0  startup_stm32f10x_md.o(.text)
    TIM1_CC_IRQHandler                       0x0800011b   Thumb Code     0  startup_stm32f10x_md.o(.text)
    TIM1_TRG_COM_IRQHandler                  0x0800011b   Thumb Code     0  startup_stm32f10x_md.o(.text)
    TIM1_UP_IRQHandler                       0x0800011b   Thumb Code     0  startup_stm32f10x_md.o(.text)
    TIM2_IRQHandler                          0x0800011b   Thumb Code     0  startup_stm32f10x_md.o(.text)
    TIM3_IRQHandler                          0x0800011b   Thumb Code     0  startup_stm32f10x_md.o(.text)
    USART2_IRQHandler                        0x0800011b   Thumb Code     0  startup_stm32f10x_md.o(.text)
    USART3_IRQHandler                        0x0800011b   Thumb Code     0  startup_stm32f10x_md.o(.text)
    USBWakeUp_IRQHandler                     0x0800011b   Thumb Code     0  startup_stm32f10x_md.o(.text)
    USB_HP_CAN1_TX_IRQHandler                0x0800011b   Thumb Code     0  startup_stm32f10x_md.o(.text)
    USB_LP_CAN1_RX0_IRQHandler               0x0800011b   Thumb Code     0  startup_stm32f10x_md.o(.text)
    WWDG_IRQHandler                          0x0800011b   Thumb Code     0  startup_stm32f10x_md.o(.text)
    rand                                     0x08000125   Thumb Code    20  rand.o(.text)
    srand                                    0x08000139   Thumb Code     6  rand.o(.text)
    __aeabi_memcpy                           0x08000149   Thumb Code    36  memcpya.o(.text)
    __aeabi_memcpy4                          0x08000149   Thumb Code     0  memcpya.o(.text)
    __aeabi_memcpy8                          0x08000149   Thumb Code     0  memcpya.o(.text)
    __aeabi_fadd                             0x0800016d   Thumb Code   164  fadd.o(.text)
    __aeabi_fsub                             0x08000211   Thumb Code     6  fadd.o(.text)
    __aeabi_frsub                            0x08000217   Thumb Code     6  fadd.o(.text)
    __aeabi_fmul                             0x0800021d   Thumb Code   100  fmul.o(.text)
    __aeabi_fdiv                             0x08000281   Thumb Code   124  fdiv.o(.text)
    __aeabi_dmul                             0x080002fd   Thumb Code   228  dmul.o(.text)
    __aeabi_i2f                              0x080003e1   Thumb Code    18  fflti.o(.text)
    __aeabi_ui2f                             0x080003f3   Thumb Code    10  ffltui.o(.text)
    __aeabi_i2d                              0x080003fd   Thumb Code    34  dflti.o(.text)
    __aeabi_f2iz                             0x0800041f   Thumb Code    50  ffixi.o(.text)
    __aeabi_f2uiz                            0x08000451   Thumb Code    40  ffixui.o(.text)
    __aeabi_f2d                              0x08000479   Thumb Code    38  f2d.o(.text)
    __aeabi_cdcmpeq                          0x080004a1   Thumb Code     0  cdcmple.o(.text)
    __aeabi_cdcmple                          0x080004a1   Thumb Code    48  cdcmple.o(.text)
    __aeabi_cdrcmple                         0x080004d1   Thumb Code    48  cdrcmple.o(.text)
    __aeabi_d2f                              0x08000501   Thumb Code    56  d2f.o(.text)
    __aeabi_cfcmpeq                          0x08000539   Thumb Code     0  cfcmple.o(.text)
    __aeabi_cfcmple                          0x08000539   Thumb Code    20  cfcmple.o(.text)
    __aeabi_cfrcmple                         0x0800054d   Thumb Code    20  cfrcmple.o(.text)
    __aeabi_llsl                             0x08000561   Thumb Code    30  llshl.o(.text)
    _ll_shift_l                              0x08000561   Thumb Code     0  llshl.o(.text)
    __I$use$fp                               0x0800057f   Thumb Code     0  iusefp.o(.text)
    _float_round                             0x0800057f   Thumb Code    18  fepilogue.o(.text)
    _float_epilogue                          0x08000591   Thumb Code    92  fepilogue.o(.text)
    __ARM_scalbnf                            0x080005ed   Thumb Code    24  fscalb.o(.text)
    scalbnf                                  0x080005ed   Thumb Code     0  fscalb.o(.text)
    _frnd                                    0x08000605   Thumb Code    60  frnd.o(.text)
    _double_round                            0x08000641   Thumb Code    30  depilogue.o(.text)
    _double_epilogue                         0x0800065f   Thumb Code   156  depilogue.o(.text)
    __aeabi_dadd                             0x080006fb   Thumb Code   322  dadd.o(.text)
    __aeabi_dsub                             0x0800083d   Thumb Code     6  dadd.o(.text)
    __aeabi_drsub                            0x08000843   Thumb Code     6  dadd.o(.text)
    __aeabi_ddiv                             0x08000849   Thumb Code   222  ddiv.o(.text)
    __ARM_scalbn                             0x08000927   Thumb Code    46  dscalb.o(.text)
    scalbn                                   0x08000927   Thumb Code     0  dscalb.o(.text)
    __scatterload                            0x08000955   Thumb Code    28  init.o(.text)
    __scatterload_rt2                        0x08000955   Thumb Code     0  init.o(.text)
    __aeabi_llsr                             0x08000979   Thumb Code    32  llushr.o(.text)
    _ll_ushift_r                             0x08000979   Thumb Code     0  llushr.o(.text)
    __aeabi_lasr                             0x08000999   Thumb Code    36  llsshr.o(.text)
    _ll_sshift_r                             0x08000999   Thumb Code     0  llsshr.o(.text)
    _dsqrt                                   0x080009bd   Thumb Code   162  dsqrt.o(.text)
    __decompress                             0x08000a5f   Thumb Code     0  __dczerorl2.o(.text)
    __decompress1                            0x08000a5f   Thumb Code    86  __dczerorl2.o(.text)
    ACC_Offset_LED                           0x08000ab5   Thumb Code    62  led.o(i.ACC_Offset_LED)
    ADC_Cmd                                  0x08000af3   Thumb Code    22  stm32f10x_adc.o(i.ADC_Cmd)
    ADC_GetConversionValue                   0x08000b09   Thumb Code     8  stm32f10x_adc.o(i.ADC_GetConversionValue)
    ADC_GetFlagStatus                        0x08000b11   Thumb Code    18  stm32f10x_adc.o(i.ADC_GetFlagStatus)
    ADC_Init                                 0x08000b25   Thumb Code    70  stm32f10x_adc.o(i.ADC_Init)
    ADC_RegularChannelConfig                 0x08000b75   Thumb Code   184  stm32f10x_adc.o(i.ADC_RegularChannelConfig)
    ADC_SoftwareStartConvCmd                 0x08000c2d   Thumb Code    22  stm32f10x_adc.o(i.ADC_SoftwareStartConvCmd)
    ANO_DT_Data_Exchange                     0x08000c45   Thumb Code   776  ano_dt.o(i.ANO_DT_Data_Exchange)
    ANO_DT_Data_Receive_Anl                  0x08000fc1   Thumb Code  1280  ano_dt.o(i.ANO_DT_Data_Receive_Anl)
    ANO_DT_Data_Receive_Prepare              0x080014cd   Thumb Code   216  ano_dt.o(i.ANO_DT_Data_Receive_Prepare)
    ANO_DT_Send_Data                         0x080015fd   Thumb Code    16  ano_dt.o(i.ANO_DT_Send_Data)
    ANO_DT_Send_PID                          0x0800160d   Thumb Code   514  ano_dt.o(i.ANO_DT_Send_PID)
    ANO_DT_Send_Power                        0x08001819   Thumb Code   142  ano_dt.o(i.ANO_DT_Send_Power)
    ANO_DT_Send_Senser                       0x080018ad   Thumb Code   374  ano_dt.o(i.ANO_DT_Send_Senser)
    ANO_DT_Send_Status                       0x08001a29   Thumb Code   318  ano_dt.o(i.ANO_DT_Send_Status)
    Aver_Filter                              0x08001b71   Thumb Code   120  filter.o(i.Aver_Filter)
    BATT_Alarm_LED                           0x08001bf5   Thumb Code    38  led.o(i.BATT_Alarm_LED)
    BATT_GetVoltage                          0x08001c25   Thumb Code    72  power.o(i.BATT_GetVoltage)
    BATT_Init                                0x08001c75   Thumb Code   104  power.o(i.BATT_Init)
    Button_command                           0x08001ce5   Thumb Code   120  remotedata.o(i.Button_command)
    Control                                  0x08001d69   Thumb Code   538  control.o(i.Control)
    Data_Send_AngleRate                      0x08001fc1   Thumb Code   566  ano_dt.o(i.Data_Send_AngleRate)
    DefaultParams                            0x080021fd   Thumb Code   124  paramsave.o(i.DefaultParams)
    DefaultParams_WriteFlash                 0x0800227d   Thumb Code    50  paramsave.o(i.DefaultParams_WriteFlash)
    Delay_Init                               0x080022b9   Thumb Code    50  delay.o(i.Delay_Init)
    Delay_ms                                 0x080022fd   Thumb Code    66  delay.o(i.Delay_ms)
    Delay_us                                 0x08002345   Thumb Code    66  delay.o(i.Delay_us)
    EXTI2_IRQHandler                         0x0800238d   Thumb Code   120  stm32f10x_it.o(i.EXTI2_IRQHandler)
    EXTI_ClearITPendingBit                   0x0800240d   Thumb Code     6  stm32f10x_exti.o(i.EXTI_ClearITPendingBit)
    EXTI_GetITStatus                         0x08002419   Thumb Code    34  stm32f10x_exti.o(i.EXTI_GetITStatus)
    EXTI_Init                                0x08002441   Thumb Code   142  stm32f10x_exti.o(i.EXTI_Init)
    Exit_Init                                0x080024d5   Thumb Code    74  exit.o(i.Exit_Init)
    FBM320_Check                             0x08002525   Thumb Code    24  fbm320.o(i.FBM320_Check)
    FBM320_GetCoeff                          0x08002555   Thumb Code   254  fbm320.o(i.FBM320_GetCoeff)
    FBM320_Init                              0x08002659   Thumb Code    26  fbm320.o(i.FBM320_Init)
    FBM320_ReadByte                          0x08002673   Thumb Code    26  fbm320.o(i.FBM320_ReadByte)
    FBM320_ReadMultBytes                     0x0800268d   Thumb Code    30  fbm320.o(i.FBM320_ReadMultBytes)
    FBM320_WriteByte                         0x080026ab   Thumb Code    26  fbm320.o(i.FBM320_WriteByte)
    FBM320_getDeviceID                       0x080026c5   Thumb Code    16  fbm320.o(i.FBM320_getDeviceID)
    FBM320_testConnection                    0x080026d5   Thumb Code    18  fbm320.o(i.FBM320_testConnection)
    FLASH_ErasePage                          0x080026e9   Thumb Code    72  stm32f10x_flash.o(i.FLASH_ErasePage)
    FLASH_GetBank1Status                     0x08002735   Thumb Code    48  stm32f10x_flash.o(i.FLASH_GetBank1Status)
    FLASH_Lock                               0x08002769   Thumb Code    14  stm32f10x_flash.o(i.FLASH_Lock)
    FLASH_ProgramWord                        0x0800277d   Thumb Code   102  stm32f10x_flash.o(i.FLASH_ProgramWord)
    FLASH_Unlock                             0x080027e9   Thumb Code    12  stm32f10x_flash.o(i.FLASH_Unlock)
    FLASH_WaitForLastOperation               0x08002801   Thumb Code    38  stm32f10x_flash.o(i.FLASH_WaitForLastOperation)
    FindPos                                  0x08002827   Thumb Code    90  filter.o(i.FindPos)
    GPIO_EXTILineConfig                      0x08002881   Thumb Code    60  stm32f10x_gpio.o(i.GPIO_EXTILineConfig)
    GPIO_Init                                0x080028c1   Thumb Code   278  stm32f10x_gpio.o(i.GPIO_Init)
    GPIO_ResetBits                           0x080029d7   Thumb Code     4  stm32f10x_gpio.o(i.GPIO_ResetBits)
    GPIO_SetBits                             0x080029db   Thumb Code     4  stm32f10x_gpio.o(i.GPIO_SetBits)
    GYRO_Offset_LED                          0x080029df   Thumb Code    62  led.o(i.GYRO_Offset_LED)
    Get_BatteryAdc                           0x08002a1d   Thumb Code    46  power.o(i.Get_BatteryAdc)
    IIC_Ack                                  0x08002a51   Thumb Code    46  iic.o(i.IIC_Ack)
    IIC_GPIO_Init                            0x08002a85   Thumb Code    46  iic.o(i.IIC_GPIO_Init)
    IIC_NAck                                 0x08002ab9   Thumb Code    48  iic.o(i.IIC_NAck)
    IIC_ReadByte                             0x08002aed   Thumb Code    84  iic.o(i.IIC_ReadByte)
    IIC_ReadByteFromSlave                    0x08002b45   Thumb Code    74  iic.o(i.IIC_ReadByteFromSlave)
    IIC_ReadMultByteFromSlave                0x08002b8f   Thumb Code   114  iic.o(i.IIC_ReadMultByteFromSlave)
    IIC_SendByte                             0x08002c01   Thumb Code    86  iic.o(i.IIC_SendByte)
    IIC_Start                                0x08002c5d   Thumb Code    46  iic.o(i.IIC_Start)
    IIC_Stop                                 0x08002c91   Thumb Code    42  iic.o(i.IIC_Stop)
    IIC_WaitAck                              0x08002cc1   Thumb Code    76  iic.o(i.IIC_WaitAck)
    IIC_WriteByteToSlave                     0x08002d11   Thumb Code    70  iic.o(i.IIC_WriteByteToSlave)
    IMUupdate                                0x08002d59   Thumb Code  1540  imu.o(i.IMUupdate)
    LED_Init                                 0x08003375   Thumb Code    60  led.o(i.LED_Init)
    LED_Run                                  0x080033b5   Thumb Code    42  led.o(i.LED_Run)
    LowVoltage_Alarm                         0x080033e9   Thumb Code   130  power.o(i.LowVoltage_Alarm)
    MOTOR_Init                               0x08003489   Thumb Code   268  motor.o(i.MOTOR_Init)
    MPU6050_Check                            0x080035a1   Thumb Code    24  mpu6050.o(i.MPU6050_Check)
    MPU6050_Init                             0x080035d5   Thumb Code    78  mpu6050.o(i.MPU6050_Init)
    MPU6050_OffSet                           0x08003625   Thumb Code   176  mpu6050.o(i.MPU6050_OffSet)
    MPU6050_Offset                           0x080036e5   Thumb Code   274  mpu6050.o(i.MPU6050_Offset)
    MPU6050_Read                             0x08003811   Thumb Code    14  mpu6050.o(i.MPU6050_Read)
    MPU6050_ReadByte                         0x08003825   Thumb Code    26  mpu6050.o(i.MPU6050_ReadByte)
    MPU6050_ReadMultBytes                    0x0800383f   Thumb Code    30  mpu6050.o(i.MPU6050_ReadMultBytes)
    MPU6050_WriteByte                        0x0800385d   Thumb Code    26  mpu6050.o(i.MPU6050_WriteByte)
    MPU6050_getDeviceID                      0x08003877   Thumb Code    16  mpu6050.o(i.MPU6050_getDeviceID)
    MPU6050_testConnection                   0x08003887   Thumb Code    18  mpu6050.o(i.MPU6050_testConnection)
    Moto_Pwm                                 0x08003899   Thumb Code    84  motor.o(i.Moto_Pwm)
    NVIC_Init                                0x080038f1   Thumb Code   100  misc.o(i.NVIC_Init)
    NVIC_PriorityGroupConfig                 0x08003961   Thumb Code    10  misc.o(i.NVIC_PriorityGroupConfig)
    NvicConfig                               0x08003975   Thumb Code    94  nvic.o(i.NvicConfig)
    PID_Postion_Cal                          0x080039d5   Thumb Code   214  pid.o(i.PID_Postion_Cal)
    PID_ReadFlash                            0x08003ab5   Thumb Code    96  paramsave.o(i.PID_ReadFlash)
    PID_WriteFlash                           0x08003b49   Thumb Code    50  paramsave.o(i.PID_WriteFlash)
    ParamsToTable                            0x08003b85   Thumb Code   528  paramsave.o(i.ParamsToTable)
    PidParameter_init                        0x08003dc9   Thumb Code   124  pid.o(i.PidParameter_init)
    Prepare_Data                             0x08003e79   Thumb Code   340  imu.o(i.Prepare_Data)
    QuiteSort                                0x08004001   Thumb Code    56  filter.o(i.QuiteSort)
    RCC_ADCCLKConfig                         0x08004039   Thumb Code    18  stm32f10x_rcc.o(i.RCC_ADCCLKConfig)
    RCC_APB1PeriphClockCmd                   0x08004051   Thumb Code    26  stm32f10x_rcc.o(i.RCC_APB1PeriphClockCmd)
    RCC_APB2PeriphClockCmd                   0x08004071   Thumb Code    26  stm32f10x_rcc.o(i.RCC_APB2PeriphClockCmd)
    RCC_GetClocksFreq                        0x08004091   Thumb Code   192  stm32f10x_rcc.o(i.RCC_GetClocksFreq)
    RGB_LED_Blue                             0x08004165   Thumb Code    26  led.o(i.RGB_LED_Blue)
    RGB_LED_FLY                              0x0800417f   Thumb Code    42  led.o(i.RGB_LED_FLY)
    RGB_LED_Off                              0x080041a9   Thumb Code    26  led.o(i.RGB_LED_Off)
    RGB_LED_Red                              0x080041c3   Thumb Code    26  led.o(i.RGB_LED_Red)
    RGB_LED_Runing                           0x080041dd   Thumb Code   164  led.o(i.RGB_LED_Runing)
    RGB_LED_green                            0x08004291   Thumb Code    26  led.o(i.RGB_LED_green)
    RGB_WByte                                0x080042ab   Thumb Code    40  led.o(i.RGB_WByte)
    Remote_Data_ReceiveAnalysis              0x080042d5   Thumb Code   132  remotedata.o(i.Remote_Data_ReceiveAnalysis)
    SDA_IN                                   0x08004369   Thumb Code    32  iic.o(i.SDA_IN)
    SDA_OUT                                  0x0800438d   Thumb Code    38  iic.o(i.SDA_OUT)
    SI24R1_Check                             0x080043b9   Thumb Code    24  si24r1.o(i.SI24R1_Check)
    SI24R1_Config                            0x080043ed   Thumb Code   124  si24r1.o(i.SI24R1_Config)
    SI24R1_GetAddr                           0x08004475   Thumb Code    78  si24r1.o(i.SI24R1_GetAddr)
    SI24R1_Init                              0x080044d1   Thumb Code   128  si24r1.o(i.SI24R1_Init)
    SI24R1_Read_Buf                          0x08004559   Thumb Code    72  si24r1.o(i.SI24R1_Read_Buf)
    SI24R1_RxPacket                          0x080045a5   Thumb Code    52  si24r1.o(i.SI24R1_RxPacket)
    SI24R1_SingalCheck                       0x080045dd   Thumb Code    62  remotedata.o(i.SI24R1_SingalCheck)
    SI24R1_TxPacket                          0x08004631   Thumb Code    86  si24r1.o(i.SI24R1_TxPacket)
    SI24R1_Write_Buf                         0x08004691   Thumb Code    70  si24r1.o(i.SI24R1_Write_Buf)
    SI24R1_read_reg                          0x080046dd   Thumb Code    50  si24r1.o(i.SI24R1_read_reg)
    SI24R1_testConnection                    0x08004715   Thumb Code    66  si24r1.o(i.SI24R1_testConnection)
    SI24R1_write_reg                         0x08004761   Thumb Code    52  si24r1.o(i.SI24R1_write_reg)
    SI24R1set_Mode                           0x08004799   Thumb Code   106  si24r1.o(i.SI24R1set_Mode)
    SPI2_WriteReadByte                       0x08004809   Thumb Code    50  spi.o(i.SPI2_WriteReadByte)
    SPI_Cmd                                  0x08004841   Thumb Code    24  stm32f10x_spi.o(i.SPI_Cmd)
    SPI_GPIO_Init                            0x08004859   Thumb Code   120  spi.o(i.SPI_GPIO_Init)
    SPI_I2S_GetFlagStatus                    0x080048d9   Thumb Code    18  stm32f10x_spi.o(i.SPI_I2S_GetFlagStatus)
    SPI_I2S_ReceiveData                      0x080048eb   Thumb Code     6  stm32f10x_spi.o(i.SPI_I2S_ReceiveData)
    SPI_I2S_SendData                         0x080048f1   Thumb Code     4  stm32f10x_spi.o(i.SPI_I2S_SendData)
    SPI_Init                                 0x080048f5   Thumb Code    60  stm32f10x_spi.o(i.SPI_Init)
    STMFLASH_Read                            0x08004931   Thumb Code    32  flash.o(i.STMFLASH_Read)
    STMFLASH_ReadWord                        0x08004951   Thumb Code     6  flash.o(i.STMFLASH_ReadWord)
    STMFLASH_Write                           0x08004959   Thumb Code   126  flash.o(i.STMFLASH_Write)
    Safety_Check                             0x080049e1   Thumb Code   122  control.o(i.Safety_Check)
    SendToRemote                             0x08004a81   Thumb Code   244  remotedata.o(i.SendToRemote)
    SortAver_FilterXYZ                       0x08004c7d   Thumb Code   264  filter.o(i.SortAver_FilterXYZ)
    SysTick_CLKSourceConfig                  0x08004d99   Thumb Code    40  misc.o(i.SysTick_CLKSourceConfig)
    SystemInit                               0x08004dc1   Thumb Code    78  system_stm32f10x.o(i.SystemInit)
    System_Init                              0x08004e21   Thumb Code    84  system.o(i.System_Init)
    TIM4_IRQHandler                          0x08004e8d   Thumb Code   206  stm32f10x_it.o(i.TIM4_IRQHandler)
    TIM_ClearITPendingBit                    0x08004f91   Thumb Code     6  stm32f10x_tim.o(i.TIM_ClearITPendingBit)
    TIM_Cmd                                  0x08004f97   Thumb Code    24  stm32f10x_tim.o(i.TIM_Cmd)
    TIM_GetITStatus                          0x08004faf   Thumb Code    34  stm32f10x_tim.o(i.TIM_GetITStatus)
    TIM_ITConfig                             0x08004fd1   Thumb Code    18  stm32f10x_tim.o(i.TIM_ITConfig)
    TIM_Init                                 0x08004fe5   Thumb Code    62  tim.o(i.TIM_Init)
    TIM_OC1Init                              0x08005029   Thumb Code   132  stm32f10x_tim.o(i.TIM_OC1Init)
    TIM_OC1PreloadConfig                     0x080050c1   Thumb Code    18  stm32f10x_tim.o(i.TIM_OC1PreloadConfig)
    TIM_OC2Init                              0x080050d5   Thumb Code   154  stm32f10x_tim.o(i.TIM_OC2Init)
    TIM_OC2PreloadConfig                     0x08005179   Thumb Code    26  stm32f10x_tim.o(i.TIM_OC2PreloadConfig)
    TIM_OC3Init                              0x08005195   Thumb Code   150  stm32f10x_tim.o(i.TIM_OC3Init)
    TIM_OC3PreloadConfig                     0x08005235   Thumb Code    18  stm32f10x_tim.o(i.TIM_OC3PreloadConfig)
    TIM_OC4Init                              0x08005249   Thumb Code   114  stm32f10x_tim.o(i.TIM_OC4Init)
    TIM_OC4PreloadConfig                     0x080052c5   Thumb Code    26  stm32f10x_tim.o(i.TIM_OC4PreloadConfig)
    TIM_TimeBaseInit                         0x080052e1   Thumb Code   122  stm32f10x_tim.o(i.TIM_TimeBaseInit)
    TableToParams                            0x08005385   Thumb Code   546  paramsave.o(i.TableToParams)
    Task_Schedule                            0x080055dd   Thumb Code   136  system.o(i.Task_Schedule)
    USART1_IRQHandler                        0x08005691   Thumb Code    70  stm32f10x_it.o(i.USART1_IRQHandler)
    USART_ClearITPendingBit                  0x080056dd   Thumb Code    30  stm32f10x_usart.o(i.USART_ClearITPendingBit)
    USART_Cmd                                0x080056fb   Thumb Code    24  stm32f10x_usart.o(i.USART_Cmd)
    USART_GetFlagStatus                      0x08005713   Thumb Code    26  stm32f10x_usart.o(i.USART_GetFlagStatus)
    USART_GetITStatus                        0x0800572d   Thumb Code    84  stm32f10x_usart.o(i.USART_GetITStatus)
    USART_ITConfig                           0x08005781   Thumb Code    74  stm32f10x_usart.o(i.USART_ITConfig)
    USART_Init                               0x080057cd   Thumb Code   210  stm32f10x_usart.o(i.USART_Init)
    USART_SendData                           0x080058a5   Thumb Code     8  stm32f10x_usart.o(i.USART_SendData)
    USART_init                               0x080058ad   Thumb Code   142  usart.o(i.USART_init)
    UnControl_Land                           0x08005945   Thumb Code    28  remotedata.o(i.UnControl_Land)
    Write0                                   0x08005965   Thumb Code   106  led.o(i.Write0)
    Write1                                   0x080059d5   Thumb Code    98  led.o(i.Write1)
    Write24Bit                               0x08005a3d   Thumb Code    28  led.o(i.Write24Bit)
    Yaw_Carefree                             0x08005a59   Thumb Code   124  control.o(i.Yaw_Carefree)
    __0printf$bare                           0x08005ad9   Thumb Code     8  printfb.o(i.__0printf$bare)
    __1printf$bare                           0x08005ad9   Thumb Code     0  printfb.o(i.__0printf$bare)
    __2printf                                0x08005ad9   Thumb Code     0  printfb.o(i.__0printf$bare)
    __ARM_fpclassify                         0x08005ae9   Thumb Code    40  fpclassify.o(i.__ARM_fpclassify)
    __ARM_fpclassifyf                        0x08005b11   Thumb Code    38  fpclassifyf.o(i.__ARM_fpclassifyf)
    __kernel_poly                            0x08005b37   Thumb Code   170  poly.o(i.__kernel_poly)
    __mathlib_dbl_infnan                     0x08005be1   Thumb Code     6  dunder.o(i.__mathlib_dbl_infnan)
    __mathlib_dbl_infnan2                    0x08005be7   Thumb Code     4  dunder.o(i.__mathlib_dbl_infnan2)
    __mathlib_dbl_invalid                    0x08005beb   Thumb Code    12  dunder.o(i.__mathlib_dbl_invalid)
    __mathlib_dbl_underflow                  0x08005bf9   Thumb Code    10  dunder.o(i.__mathlib_dbl_underflow)
    __mathlib_flt_infnan                     0x08005c09   Thumb Code     6  funder.o(i.__mathlib_flt_infnan)
    __mathlib_flt_invalid                    0x08005c0f   Thumb Code     8  funder.o(i.__mathlib_flt_invalid)
    __mathlib_flt_underflow                  0x08005c17   Thumb Code    10  funder.o(i.__mathlib_flt_underflow)
    __mathlib_rredf2                         0x08005c21   Thumb Code   344  rredf.o(i.__mathlib_rredf2)
    __scatterload_copy                       0x08005d89   Thumb Code    14  handlers.o(i.__scatterload_copy)
    __scatterload_null                       0x08005d97   Thumb Code     2  handlers.o(i.__scatterload_null)
    __scatterload_zeroinit                   0x08005d99   Thumb Code    14  handlers.o(i.__scatterload_zeroinit)
    __set_errno                              0x08005da9   Thumb Code     6  errno.o(i.__set_errno)
    asin                                     0x08005dd9   Thumb Code   572  asin.o(i.asin)
    atan                                     0x08006049   Thumb Code   474  atan.o(i.atan)
    atan2                                    0x08006269   Thumb Code   346  atan2.o(i.atan2)
    cosf                                     0x080063e9   Thumb Code   328  cosf.o(i.cosf)
    fputc                                    0x08006565   Thumb Code    32  usart.o(i.fputc)
    main                                     0x080065d5   Thumb Code    12  main.o(i.main)
    sinf                                     0x080065e1   Thumb Code   338  sinf.o(i.sinf)
    sqrt                                     0x08006769   Thumb Code    76  sqrt.o(i.sqrt)
    usart_send                               0x080067b5   Thumb Code    42  usart.o(i.usart_send)
    __mathlib_zero                           0x080068f0   Data           8  qnan.o(.constdata)
    Region$$Table$$Base                      0x08006918   Number         0  anon$$obj.o(Region$$Table)
    Region$$Table$$Limit                     0x08006938   Number         0  anon$$obj.o(Region$$Table)
    LED_Scan                                 0x20000000   Data           1  stm32f10x_it.o(.data)
    IMU_Scan                                 0x20000001   Data           1  stm32f10x_it.o(.data)
    MPU_Scan                                 0x20000002   Data           1  stm32f10x_it.o(.data)
    IRQ_Scan                                 0x20000003   Data           1  stm32f10x_it.o(.data)
    Batt_Scan                                0x20000004   Data           1  stm32f10x_it.o(.data)
    ANO_Scan                                 0x20000005   Data           1  stm32f10x_it.o(.data)
    Run_flag                                 0x200001d4   Data           1  led.o(.data)
    GYRO_OFFSET_RAW                          0x200001e0   Data           6  mpu6050.o(.data)
    ACC_OFFSET_RAW                           0x200001e6   Data           6  mpu6050.o(.data)
    MPU6050_ACC_RAW                          0x200001ec   Data           6  mpu6050.o(.data)
    MPU6050_GYRO_RAW                         0x200001f2   Data           6  mpu6050.o(.data)
    SENSER_OFFSET_FLAG                       0x200001f8   Data           1  mpu6050.o(.data)
    BAT                                      0x2000020c   Data          20  power.o(.data)
    BATT_LEDflag                             0x20000220   Data           1  power.o(.data)
    SI24R1addr                               0x20000223   Data           1  si24r1.o(.data)
    TX_ADDRESS                               0x20000224   Data           5  si24r1.o(.data)
    RX_ADDRESS                               0x20000229   Data           5  si24r1.o(.data)
    AccbUpdate                               0x20000240   Data           1  imu.o(.data)
    q0                                       0x20000244   Data           4  imu.o(.data)
    q1                                       0x20000248   Data           4  imu.o(.data)
    q2                                       0x2000024c   Data           4  imu.o(.data)
    q3                                       0x20000250   Data           4  imu.o(.data)
    exInt                                    0x20000254   Data           4  imu.o(.data)
    eyInt                                    0x20000258   Data           4  imu.o(.data)
    ezInt                                    0x2000025c   Data           4  imu.o(.data)
    Pre_THROTTLE                             0x20000264   Data           4  control.o(.data)
    THROTTLE                                 0x20000268   Data           4  control.o(.data)
    Moto_PWM_1                               0x2000026c   Data           4  control.o(.data)
    Moto_PWM_2                               0x20000270   Data           4  control.o(.data)
    Moto_PWM_3                               0x20000274   Data           4  control.o(.data)
    Moto_PWM_4                               0x20000278   Data           4  control.o(.data)
    SI24R1_Controlflag                       0x2000027c   Data           1  control.o(.data)
    Airplane_Enable                          0x2000027d   Data           1  control.o(.data)
    flag                                     0x20000280   Data           1  ano_dt.o(.data)
    DataID                                   0x2000028a   Data           1  remotedata.o(.data)
    RC_Control                               0x2000028c   Data           8  remotedata.o(.data)
    SystemCoreClock                          0x200002ac   Data           4  system_stm32f10x.o(.data)
    AHBPrescTable                            0x200002b0   Data          16  system_stm32f10x.o(.data)
    __stdout                                 0x200002c4   Data           4  stdout.o(.data)
    FBM                                      0x200002cc   Data          64  fbm320.o(.bss)
    SI24R1_TX_DATA                           0x2000031a   Data          32  si24r1.o(.bss)
    SI24R1_RX_DATA                           0x2000033a   Data          32  si24r1.o(.bss)
    Att_Angle                                0x2000085c   Data          12  imu.o(.bss)
    Gyr_rad                                  0x20000868   Data          12  imu.o(.bss)
    Gyr_radold                               0x20000874   Data          12  imu.o(.bss)
    Acc_filt                                 0x20000880   Data          12  imu.o(.bss)
    Gry_filt                                 0x2000088c   Data          12  imu.o(.bss)
    Acc_filtold                              0x20000898   Data          12  imu.o(.bss)
    accb                                     0x200008a4   Data          12  imu.o(.bss)
    DCMgb                                    0x200008b0   Data          36  imu.o(.bss)
    PIDflash                                 0x200008d4   Data          62  paramsave.o(.bss)
    PID_ROL_Angle                            0x20000914   Data          60  control.o(.bss)
    PID_PIT_Angle                            0x20000950   Data          60  control.o(.bss)
    PID_YAW_Angle                            0x2000098c   Data          60  control.o(.bss)
    PID_ROL_Rate                             0x200009c8   Data          60  control.o(.bss)
    PID_PIT_Rate                             0x20000a04   Data          60  control.o(.bss)
    PID_YAW_Rate                             0x20000a40   Data          60  control.o(.bss)
    PID_ALT_Rate                             0x20000a7c   Data          60  control.o(.bss)
    PID_ALT                                  0x20000ab8   Data          60  control.o(.bss)
    f                                        0x20000af4   Data          10  ano_dt.o(.bss)
    data_to_send                             0x20000afe   Data          50  ano_dt.o(.bss)
    __initial_sp                             0x20000f68   Data           0  startup_stm32f10x_md.o(STACK)



==============================================================================

Memory Map of the image

  Image Entry point : 0x080000ed

  Load Region LR_IROM1 (Base: 0x08000000, Size: 0x00006c04, Max: 0x00010000, ABSOLUTE, COMPRESSED[0x000069a0])

    Execution Region ER_IROM1 (Exec base: 0x08000000, Load base: 0x08000000, Size: 0x00006938, Max: 0x00010000, ABSOLUTE)

    Exec Addr    Load Addr    Size         Type   Attr      Idx    E Section Name        Object

    0x08000000   0x08000000   0x000000ec   Data   RO         3524    RESET               startup_stm32f10x_md.o
    0x080000ec   0x080000ec   0x00000000   Code   RO         3619  * .ARM.Collect$$$$00000000  mc_w.l(entry.o)
    0x080000ec   0x080000ec   0x00000004   Code   RO         3979    .ARM.Collect$$$$00000001  mc_w.l(entry2.o)
    0x080000f0   0x080000f0   0x00000004   Code   RO         3982    .ARM.Collect$$$$00000004  mc_w.l(entry5.o)
    0x080000f4   0x080000f4   0x00000000   Code   RO         3984    .ARM.Collect$$$$00000008  mc_w.l(entry7b.o)
    0x080000f4   0x080000f4   0x00000000   Code   RO         3986    .ARM.Collect$$$$0000000A  mc_w.l(entry8b.o)
    0x080000f4   0x080000f4   0x00000008   Code   RO         3987    .ARM.Collect$$$$0000000B  mc_w.l(entry9a.o)
    0x080000fc   0x080000fc   0x00000000   Code   RO         3989    .ARM.Collect$$$$0000000D  mc_w.l(entry10a.o)
    0x080000fc   0x080000fc   0x00000000   Code   RO         3991    .ARM.Collect$$$$0000000F  mc_w.l(entry11a.o)
    0x080000fc   0x080000fc   0x00000004   Code   RO         3980    .ARM.Collect$$$$00002712  mc_w.l(entry2.o)
    0x08000100   0x08000100   0x00000024   Code   RO         3525    .text               startup_stm32f10x_md.o
    0x08000124   0x08000124   0x00000024   Code   RO         3622    .text               mc_w.l(rand.o)
    0x08000148   0x08000148   0x00000024   Code   RO         3625    .text               mc_w.l(memcpya.o)
    0x0800016c   0x0800016c   0x000000b0   Code   RO         3889    .text               mf_w.l(fadd.o)
    0x0800021c   0x0800021c   0x00000064   Code   RO         3891    .text               mf_w.l(fmul.o)
    0x08000280   0x08000280   0x0000007c   Code   RO         3893    .text               mf_w.l(fdiv.o)
    0x080002fc   0x080002fc   0x000000e4   Code   RO         3895    .text               mf_w.l(dmul.o)
    0x080003e0   0x080003e0   0x00000012   Code   RO         3897    .text               mf_w.l(fflti.o)
    0x080003f2   0x080003f2   0x0000000a   Code   RO         3899    .text               mf_w.l(ffltui.o)
    0x080003fc   0x080003fc   0x00000022   Code   RO         3903    .text               mf_w.l(dflti.o)
    0x0800041e   0x0800041e   0x00000032   Code   RO         3905    .text               mf_w.l(ffixi.o)
    0x08000450   0x08000450   0x00000028   Code   RO         3907    .text               mf_w.l(ffixui.o)
    0x08000478   0x08000478   0x00000026   Code   RO         3911    .text               mf_w.l(f2d.o)
    0x0800049e   0x0800049e   0x00000002   PAD
    0x080004a0   0x080004a0   0x00000030   Code   RO         3913    .text               mf_w.l(cdcmple.o)
    0x080004d0   0x080004d0   0x00000030   Code   RO         3915    .text               mf_w.l(cdrcmple.o)
    0x08000500   0x08000500   0x00000038   Code   RO         3917    .text               mf_w.l(d2f.o)
    0x08000538   0x08000538   0x00000014   Code   RO         3919    .text               mf_w.l(cfcmple.o)
    0x0800054c   0x0800054c   0x00000014   Code   RO         3921    .text               mf_w.l(cfrcmple.o)
    0x08000560   0x08000560   0x0000001e   Code   RO         3998    .text               mc_w.l(llshl.o)
    0x0800057e   0x0800057e   0x00000000   Code   RO         4007    .text               mc_w.l(iusefp.o)
    0x0800057e   0x0800057e   0x0000006e   Code   RO         4008    .text               mf_w.l(fepilogue.o)
    0x080005ec   0x080005ec   0x00000018   Code   RO         4010    .text               mf_w.l(fscalb.o)
    0x08000604   0x08000604   0x0000003c   Code   RO         4012    .text               mf_w.l(frnd.o)
    0x08000640   0x08000640   0x000000ba   Code   RO         4014    .text               mf_w.l(depilogue.o)
    0x080006fa   0x080006fa   0x0000014e   Code   RO         4016    .text               mf_w.l(dadd.o)
    0x08000848   0x08000848   0x000000de   Code   RO         4018    .text               mf_w.l(ddiv.o)
    0x08000926   0x08000926   0x0000002e   Code   RO         4020    .text               mf_w.l(dscalb.o)
    0x08000954   0x08000954   0x00000024   Code   RO         4028    .text               mc_w.l(init.o)
    0x08000978   0x08000978   0x00000020   Code   RO         4030    .text               mc_w.l(llushr.o)
    0x08000998   0x08000998   0x00000024   Code   RO         4032    .text               mc_w.l(llsshr.o)
    0x080009bc   0x080009bc   0x000000a2   Code   RO         4034    .text               mf_w.l(dsqrt.o)
    0x08000a5e   0x08000a5e   0x00000056   Code   RO         4044    .text               mc_w.l(__dczerorl2.o)
    0x08000ab4   0x08000ab4   0x0000003e   Code   RO          225    i.ACC_Offset_LED    led.o
    0x08000af2   0x08000af2   0x00000016   Code   RO         1799    i.ADC_Cmd           stm32f10x_adc.o
    0x08000b08   0x08000b08   0x00000008   Code   RO         1808    i.ADC_GetConversionValue  stm32f10x_adc.o
    0x08000b10   0x08000b10   0x00000012   Code   RO         1810    i.ADC_GetFlagStatus  stm32f10x_adc.o
    0x08000b22   0x08000b22   0x00000002   PAD
    0x08000b24   0x08000b24   0x00000050   Code   RO         1817    i.ADC_Init          stm32f10x_adc.o
    0x08000b74   0x08000b74   0x000000b8   Code   RO         1821    i.ADC_RegularChannelConfig  stm32f10x_adc.o
    0x08000c2c   0x08000c2c   0x00000016   Code   RO         1824    i.ADC_SoftwareStartConvCmd  stm32f10x_adc.o
    0x08000c42   0x08000c42   0x00000002   PAD
    0x08000c44   0x08000c44   0x0000037c   Code   RO         1588    i.ANO_DT_Data_Exchange  ano_dt.o
    0x08000fc0   0x08000fc0   0x0000050c   Code   RO         1589    i.ANO_DT_Data_Receive_Anl  ano_dt.o
    0x080014cc   0x080014cc   0x000000e8   Code   RO         1590    i.ANO_DT_Data_Receive_Prepare  ano_dt.o
    0x080015b4   0x080015b4   0x00000048   Code   RO         1591    i.ANO_DT_Send_Check  ano_dt.o
    0x080015fc   0x080015fc   0x00000010   Code   RO         1592    i.ANO_DT_Send_Data  ano_dt.o
    0x0800160c   0x0800160c   0x0000020c   Code   RO         1594    i.ANO_DT_Send_PID   ano_dt.o
    0x08001818   0x08001818   0x00000094   Code   RO         1595    i.ANO_DT_Send_Power  ano_dt.o
    0x080018ac   0x080018ac   0x0000017c   Code   RO         1597    i.ANO_DT_Send_Senser  ano_dt.o
    0x08001a28   0x08001a28   0x00000148   Code   RO         1598    i.ANO_DT_Send_Status  ano_dt.o
    0x08001b70   0x08001b70   0x00000084   Code   RO         1196    i.Aver_Filter       filter.o
    0x08001bf4   0x08001bf4   0x00000030   Code   RO          227    i.BATT_Alarm_LED    led.o
    0x08001c24   0x08001c24   0x00000050   Code   RO          996    i.BATT_GetVoltage   power.o
    0x08001c74   0x08001c74   0x00000070   Code   RO          997    i.BATT_Init         power.o
    0x08001ce4   0x08001ce4   0x00000084   Code   RO         1690    i.Button_command    remotedata.o
    0x08001d68   0x08001d68   0x00000258   Code   RO         1461    i.Control           control.o
    0x08001fc0   0x08001fc0   0x0000023c   Code   RO         1599    i.Data_Send_AngleRate  ano_dt.o
    0x080021fc   0x080021fc   0x00000080   Code   RO         1385    i.DefaultParams     paramsave.o
    0x0800227c   0x0800227c   0x0000003c   Code   RO         1386    i.DefaultParams_WriteFlash  paramsave.o
    0x080022b8   0x080022b8   0x00000044   Code   RO          389    i.Delay_Init        delay.o
    0x080022fc   0x080022fc   0x00000048   Code   RO          390    i.Delay_ms          delay.o
    0x08002344   0x08002344   0x00000048   Code   RO          391    i.Delay_us          delay.o
    0x0800238c   0x0800238c   0x00000080   Code   RO          160    i.EXTI2_IRQHandler  stm32f10x_it.o
    0x0800240c   0x0800240c   0x0000000c   Code   RO         2028    i.EXTI_ClearITPendingBit  stm32f10x_exti.o
    0x08002418   0x08002418   0x00000028   Code   RO         2032    i.EXTI_GetITStatus  stm32f10x_exti.o
    0x08002440   0x08002440   0x00000094   Code   RO         2033    i.EXTI_Init         stm32f10x_exti.o
    0x080024d4   0x080024d4   0x00000050   Code   RO          511    i.Exit_Init         exit.o
    0x08002524   0x08002524   0x00000030   Code   RO          708    i.FBM320_Check      fbm320.o
    0x08002554   0x08002554   0x00000104   Code   RO          710    i.FBM320_GetCoeff   fbm320.o
    0x08002658   0x08002658   0x0000001a   Code   RO          711    i.FBM320_Init       fbm320.o
    0x08002672   0x08002672   0x0000001a   Code   RO          712    i.FBM320_ReadByte   fbm320.o
    0x0800268c   0x0800268c   0x0000001e   Code   RO          713    i.FBM320_ReadMultBytes  fbm320.o
    0x080026aa   0x080026aa   0x0000001a   Code   RO          714    i.FBM320_WriteByte  fbm320.o
    0x080026c4   0x080026c4   0x00000010   Code   RO          716    i.FBM320_getDeviceID  fbm320.o
    0x080026d4   0x080026d4   0x00000012   Code   RO          717    i.FBM320_testConnection  fbm320.o
    0x080026e6   0x080026e6   0x00000002   PAD
    0x080026e8   0x080026e8   0x0000004c   Code   RO         2098    i.FLASH_ErasePage   stm32f10x_flash.o
    0x08002734   0x08002734   0x00000034   Code   RO         2099    i.FLASH_GetBank1Status  stm32f10x_flash.o
    0x08002768   0x08002768   0x00000014   Code   RO         2108    i.FLASH_Lock        stm32f10x_flash.o
    0x0800277c   0x0800277c   0x0000006c   Code   RO         2113    i.FLASH_ProgramWord  stm32f10x_flash.o
    0x080027e8   0x080027e8   0x00000018   Code   RO         2116    i.FLASH_Unlock      stm32f10x_flash.o
    0x08002800   0x08002800   0x00000026   Code   RO         2120    i.FLASH_WaitForLastOperation  stm32f10x_flash.o
    0x08002826   0x08002826   0x0000005a   Code   RO         1200    i.FindPos           filter.o
    0x08002880   0x08002880   0x00000040   Code   RO         2282    i.GPIO_EXTILineConfig  stm32f10x_gpio.o
    0x080028c0   0x080028c0   0x00000116   Code   RO         2285    i.GPIO_Init         stm32f10x_gpio.o
    0x080029d6   0x080029d6   0x00000004   Code   RO         2292    i.GPIO_ResetBits    stm32f10x_gpio.o
    0x080029da   0x080029da   0x00000004   Code   RO         2293    i.GPIO_SetBits      stm32f10x_gpio.o
    0x080029de   0x080029de   0x0000003e   Code   RO          228    i.GYRO_Offset_LED   led.o
    0x08002a1c   0x08002a1c   0x00000034   Code   RO          998    i.Get_BatteryAdc    power.o
    0x08002a50   0x08002a50   0x00000034   Code   RO          538    i.IIC_Ack           iic.o
    0x08002a84   0x08002a84   0x00000034   Code   RO          539    i.IIC_GPIO_Init     iic.o
    0x08002ab8   0x08002ab8   0x00000034   Code   RO          540    i.IIC_NAck          iic.o
    0x08002aec   0x08002aec   0x00000058   Code   RO          541    i.IIC_ReadByte      iic.o
    0x08002b44   0x08002b44   0x0000004a   Code   RO          542    i.IIC_ReadByteFromSlave  iic.o
    0x08002b8e   0x08002b8e   0x00000072   Code   RO          543    i.IIC_ReadMultByteFromSlave  iic.o
    0x08002c00   0x08002c00   0x0000005c   Code   RO          544    i.IIC_SendByte      iic.o
    0x08002c5c   0x08002c5c   0x00000034   Code   RO          545    i.IIC_Start         iic.o
    0x08002c90   0x08002c90   0x00000030   Code   RO          546    i.IIC_Stop          iic.o
    0x08002cc0   0x08002cc0   0x00000050   Code   RO          547    i.IIC_WaitAck       iic.o
    0x08002d10   0x08002d10   0x00000046   Code   RO          548    i.IIC_WriteByteToSlave  iic.o
    0x08002d56   0x08002d56   0x00000002   PAD
    0x08002d58   0x08002d58   0x0000061c   Code   RO         1289    i.IMUupdate         imu.o
    0x08003374   0x08003374   0x00000040   Code   RO          229    i.LED_Init          led.o
    0x080033b4   0x080033b4   0x00000034   Code   RO          230    i.LED_Run           led.o
    0x080033e8   0x080033e8   0x000000a0   Code   RO          999    i.LowVoltage_Alarm  power.o
    0x08003488   0x08003488   0x00000118   Code   RO          673    i.MOTOR_Init        motor.o
    0x080035a0   0x080035a0   0x00000034   Code   RO          824    i.MPU6050_Check     mpu6050.o
    0x080035d4   0x080035d4   0x0000004e   Code   RO          826    i.MPU6050_Init      mpu6050.o
    0x08003622   0x08003622   0x00000002   PAD
    0x08003624   0x08003624   0x000000c0   Code   RO          827    i.MPU6050_OffSet    mpu6050.o
    0x080036e4   0x080036e4   0x0000012c   Code   RO          828    i.MPU6050_Offset    mpu6050.o
    0x08003810   0x08003810   0x00000014   Code   RO          829    i.MPU6050_Read      mpu6050.o
    0x08003824   0x08003824   0x0000001a   Code   RO          830    i.MPU6050_ReadByte  mpu6050.o
    0x0800383e   0x0800383e   0x0000001e   Code   RO          831    i.MPU6050_ReadMultBytes  mpu6050.o
    0x0800385c   0x0800385c   0x0000001a   Code   RO          833    i.MPU6050_WriteByte  mpu6050.o
    0x08003876   0x08003876   0x00000010   Code   RO          835    i.MPU6050_getDeviceID  mpu6050.o
    0x08003886   0x08003886   0x00000012   Code   RO          836    i.MPU6050_testConnection  mpu6050.o
    0x08003898   0x08003898   0x00000058   Code   RO          674    i.Moto_Pwm          motor.o
    0x080038f0   0x080038f0   0x00000070   Code   RO         1745    i.NVIC_Init         misc.o
    0x08003960   0x08003960   0x00000014   Code   RO         1746    i.NVIC_PriorityGroupConfig  misc.o
    0x08003974   0x08003974   0x0000005e   Code   RO          487    i.NvicConfig        nvic.o
    0x080039d2   0x080039d2   0x00000002   PAD
    0x080039d4   0x080039d4   0x000000e0   Code   RO         1342    i.PID_Postion_Cal   pid.o
    0x08003ab4   0x08003ab4   0x00000094   Code   RO         1388    i.PID_ReadFlash     paramsave.o
    0x08003b48   0x08003b48   0x0000003c   Code   RO         1389    i.PID_WriteFlash    paramsave.o
    0x08003b84   0x08003b84   0x00000244   Code   RO         1391    i.ParamsToTable     paramsave.o
    0x08003dc8   0x08003dc8   0x000000b0   Code   RO         1343    i.PidParameter_init  pid.o
    0x08003e78   0x08003e78   0x00000188   Code   RO         1290    i.Prepare_Data      imu.o
    0x08004000   0x08004000   0x00000038   Code   RO         1202    i.QuiteSort         filter.o
    0x08004038   0x08004038   0x00000018   Code   RO         2405    i.RCC_ADCCLKConfig  stm32f10x_rcc.o
    0x08004050   0x08004050   0x00000020   Code   RO         2407    i.RCC_APB1PeriphClockCmd  stm32f10x_rcc.o
    0x08004070   0x08004070   0x00000020   Code   RO         2409    i.RCC_APB2PeriphClockCmd  stm32f10x_rcc.o
    0x08004090   0x08004090   0x000000d4   Code   RO         2417    i.RCC_GetClocksFreq  stm32f10x_rcc.o
    0x08004164   0x08004164   0x0000001a   Code   RO          231    i.RGB_LED_Blue      led.o
    0x0800417e   0x0800417e   0x0000002a   Code   RO          233    i.RGB_LED_FLY       led.o
    0x080041a8   0x080041a8   0x0000001a   Code   RO          234    i.RGB_LED_Off       led.o
    0x080041c2   0x080041c2   0x0000001a   Code   RO          237    i.RGB_LED_Red       led.o
    0x080041dc   0x080041dc   0x000000b4   Code   RO          238    i.RGB_LED_Runing    led.o
    0x08004290   0x08004290   0x0000001a   Code   RO          242    i.RGB_LED_green     led.o
    0x080042aa   0x080042aa   0x00000028   Code   RO          243    i.RGB_WByte         led.o
    0x080042d2   0x080042d2   0x00000002   PAD
    0x080042d4   0x080042d4   0x00000094   Code   RO         1691    i.Remote_Data_ReceiveAnalysis  remotedata.o
    0x08004368   0x08004368   0x00000024   Code   RO          550    i.SDA_IN            iic.o
    0x0800438c   0x0800438c   0x0000002c   Code   RO          551    i.SDA_OUT           iic.o
    0x080043b8   0x080043b8   0x00000034   Code   RO         1051    i.SI24R1_Check      si24r1.o
    0x080043ec   0x080043ec   0x00000088   Code   RO         1052    i.SI24R1_Config     si24r1.o
    0x08004474   0x08004474   0x0000005c   Code   RO         1053    i.SI24R1_GetAddr    si24r1.o
    0x080044d0   0x080044d0   0x00000088   Code   RO         1054    i.SI24R1_Init       si24r1.o
    0x08004558   0x08004558   0x0000004c   Code   RO         1055    i.SI24R1_Read_Buf   si24r1.o
    0x080045a4   0x080045a4   0x00000038   Code   RO         1056    i.SI24R1_RxPacket   si24r1.o
    0x080045dc   0x080045dc   0x00000054   Code   RO         1692    i.SI24R1_SingalCheck  remotedata.o
    0x08004630   0x08004630   0x00000060   Code   RO         1058    i.SI24R1_TxPacket   si24r1.o
    0x08004690   0x08004690   0x0000004c   Code   RO         1059    i.SI24R1_Write_Buf  si24r1.o
    0x080046dc   0x080046dc   0x00000038   Code   RO         1060    i.SI24R1_read_reg   si24r1.o
    0x08004714   0x08004714   0x0000004c   Code   RO         1061    i.SI24R1_testConnection  si24r1.o
    0x08004760   0x08004760   0x00000038   Code   RO         1062    i.SI24R1_write_reg  si24r1.o
    0x08004798   0x08004798   0x00000070   Code   RO         1063    i.SI24R1set_Mode    si24r1.o
    0x08004808   0x08004808   0x00000038   Code   RO          643    i.SPI2_WriteReadByte  spi.o
    0x08004840   0x08004840   0x00000018   Code   RO         2622    i.SPI_Cmd           stm32f10x_spi.o
    0x08004858   0x08004858   0x00000080   Code   RO          644    i.SPI_GPIO_Init     spi.o
    0x080048d8   0x080048d8   0x00000012   Code   RO         2630    i.SPI_I2S_GetFlagStatus  stm32f10x_spi.o
    0x080048ea   0x080048ea   0x00000006   Code   RO         2633    i.SPI_I2S_ReceiveData  stm32f10x_spi.o
    0x080048f0   0x080048f0   0x00000004   Code   RO         2634    i.SPI_I2S_SendData  stm32f10x_spi.o
    0x080048f4   0x080048f4   0x0000003c   Code   RO         2635    i.SPI_Init          stm32f10x_spi.o
    0x08004930   0x08004930   0x00000020   Code   RO          957    i.STMFLASH_Read     flash.o
    0x08004950   0x08004950   0x00000006   Code   RO          958    i.STMFLASH_ReadWord  flash.o
    0x08004956   0x08004956   0x00000002   PAD
    0x08004958   0x08004958   0x00000088   Code   RO          959    i.STMFLASH_Write    flash.o
    0x080049e0   0x080049e0   0x000000a0   Code   RO         1462    i.Safety_Check      control.o
    0x08004a80   0x08004a80   0x00000114   Code   RO         1693    i.SendToRemote      remotedata.o
    0x08004b94   0x08004b94   0x00000008   Code   RO         3532    i.SetSysClock       system_stm32f10x.o
    0x08004b9c   0x08004b9c   0x000000e0   Code   RO         3533    i.SetSysClockTo72   system_stm32f10x.o
    0x08004c7c   0x08004c7c   0x0000011c   Code   RO         1205    i.SortAver_FilterXYZ  filter.o
    0x08004d98   0x08004d98   0x00000028   Code   RO         1749    i.SysTick_CLKSourceConfig  misc.o
    0x08004dc0   0x08004dc0   0x00000060   Code   RO         3535    i.SystemInit        system_stm32f10x.o
    0x08004e20   0x08004e20   0x0000006c   Code   RO         1161    i.System_Init       system.o
    0x08004e8c   0x08004e8c   0x00000104   Code   RO          161    i.TIM4_IRQHandler   stm32f10x_it.o
    0x08004f90   0x08004f90   0x00000006   Code   RO         2784    i.TIM_ClearITPendingBit  stm32f10x_tim.o
    0x08004f96   0x08004f96   0x00000018   Code   RO         2789    i.TIM_Cmd           stm32f10x_tim.o
    0x08004fae   0x08004fae   0x00000022   Code   RO         2810    i.TIM_GetITStatus   stm32f10x_tim.o
    0x08004fd0   0x08004fd0   0x00000012   Code   RO         2814    i.TIM_ITConfig      stm32f10x_tim.o
    0x08004fe2   0x08004fe2   0x00000002   PAD
    0x08004fe4   0x08004fe4   0x00000044   Code   RO          463    i.TIM_Init          tim.o
    0x08005028   0x08005028   0x00000098   Code   RO         2818    i.TIM_OC1Init       stm32f10x_tim.o
    0x080050c0   0x080050c0   0x00000012   Code   RO         2821    i.TIM_OC1PreloadConfig  stm32f10x_tim.o
    0x080050d2   0x080050d2   0x00000002   PAD
    0x080050d4   0x080050d4   0x000000a4   Code   RO         2823    i.TIM_OC2Init       stm32f10x_tim.o
    0x08005178   0x08005178   0x0000001a   Code   RO         2826    i.TIM_OC2PreloadConfig  stm32f10x_tim.o
    0x08005192   0x08005192   0x00000002   PAD
    0x08005194   0x08005194   0x000000a0   Code   RO         2828    i.TIM_OC3Init       stm32f10x_tim.o
    0x08005234   0x08005234   0x00000012   Code   RO         2831    i.TIM_OC3PreloadConfig  stm32f10x_tim.o
    0x08005246   0x08005246   0x00000002   PAD
    0x08005248   0x08005248   0x0000007c   Code   RO         2833    i.TIM_OC4Init       stm32f10x_tim.o
    0x080052c4   0x080052c4   0x0000001a   Code   RO         2835    i.TIM_OC4PreloadConfig  stm32f10x_tim.o
    0x080052de   0x080052de   0x00000002   PAD
    0x080052e0   0x080052e0   0x000000a4   Code   RO         2860    i.TIM_TimeBaseInit  stm32f10x_tim.o
    0x08005384   0x08005384   0x00000258   Code   RO         1392    i.TableToParams     paramsave.o
    0x080055dc   0x080055dc   0x000000b4   Code   RO         1162    i.Task_Schedule     system.o
    0x08005690   0x08005690   0x0000004c   Code   RO          162    i.USART1_IRQHandler  stm32f10x_it.o
    0x080056dc   0x080056dc   0x0000001e   Code   RO         3334    i.USART_ClearITPendingBit  stm32f10x_usart.o
    0x080056fa   0x080056fa   0x00000018   Code   RO         3337    i.USART_Cmd         stm32f10x_usart.o
    0x08005712   0x08005712   0x0000001a   Code   RO         3340    i.USART_GetFlagStatus  stm32f10x_usart.o
    0x0800572c   0x0800572c   0x00000054   Code   RO         3341    i.USART_GetITStatus  stm32f10x_usart.o
    0x08005780   0x08005780   0x0000004a   Code   RO         3343    i.USART_ITConfig    stm32f10x_usart.o
    0x080057ca   0x080057ca   0x00000002   PAD
    0x080057cc   0x080057cc   0x000000d8   Code   RO         3344    i.USART_Init        stm32f10x_usart.o
    0x080058a4   0x080058a4   0x00000008   Code   RO         3354    i.USART_SendData    stm32f10x_usart.o
    0x080058ac   0x080058ac   0x00000098   Code   RO          427    i.USART_init        usart.o
    0x08005944   0x08005944   0x00000020   Code   RO         1694    i.UnControl_Land    remotedata.o
    0x08005964   0x08005964   0x00000070   Code   RO          244    i.Write0            led.o
    0x080059d4   0x080059d4   0x00000068   Code   RO          245    i.Write1            led.o
    0x08005a3c   0x08005a3c   0x0000001c   Code   RO          246    i.Write24Bit        led.o
    0x08005a58   0x08005a58   0x00000080   Code   RO         1463    i.Yaw_Carefree      control.o
    0x08005ad8   0x08005ad8   0x00000010   Code   RO         3630    i.__0printf$bare    mc_w.l(printfb.o)
    0x08005ae8   0x08005ae8   0x00000028   Code   RO         3947    i.__ARM_fpclassify  m_ws.l(fpclassify.o)
    0x08005b10   0x08005b10   0x00000026   Code   RO         3949    i.__ARM_fpclassifyf  m_ws.l(fpclassifyf.o)
    0x08005b36   0x08005b36   0x000000aa   Code   RO         3965    i.__kernel_poly     m_ws.l(poly.o)
    0x08005be0   0x08005be0   0x00000006   Code   RO         3934    i.__mathlib_dbl_infnan  m_ws.l(dunder.o)
    0x08005be6   0x08005be6   0x00000004   Code   RO         3935    i.__mathlib_dbl_infnan2  m_ws.l(dunder.o)
    0x08005bea   0x08005bea   0x0000000c   Code   RO         3936    i.__mathlib_dbl_invalid  m_ws.l(dunder.o)
    0x08005bf6   0x08005bf6   0x00000002   PAD
    0x08005bf8   0x08005bf8   0x00000010   Code   RO         3939    i.__mathlib_dbl_underflow  m_ws.l(dunder.o)
    0x08005c08   0x08005c08   0x00000006   Code   RO         3952    i.__mathlib_flt_infnan  m_ws.l(funder.o)
    0x08005c0e   0x08005c0e   0x00000008   Code   RO         3954    i.__mathlib_flt_invalid  m_ws.l(funder.o)
    0x08005c16   0x08005c16   0x0000000a   Code   RO         3957    i.__mathlib_flt_underflow  m_ws.l(funder.o)
    0x08005c20   0x08005c20   0x00000168   Code   RO         3968    i.__mathlib_rredf2  m_ws.l(rredf.o)
    0x08005d88   0x08005d88   0x0000000e   Code   RO         4038    i.__scatterload_copy  mc_w.l(handlers.o)
    0x08005d96   0x08005d96   0x00000002   Code   RO         4039    i.__scatterload_null  mc_w.l(handlers.o)
    0x08005d98   0x08005d98   0x0000000e   Code   RO         4040    i.__scatterload_zeroinit  mc_w.l(handlers.o)
    0x08005da6   0x08005da6   0x00000002   PAD
    0x08005da8   0x08005da8   0x0000000c   Code   RO         4002    i.__set_errno       mc_w.l(errno.o)
    0x08005db4   0x08005db4   0x00000022   Code   RO         3637    i._printf_core      mc_w.l(printfb.o)
    0x08005dd6   0x08005dd6   0x00000002   PAD
    0x08005dd8   0x08005dd8   0x00000270   Code   RO         3576    i.asin              m_ws.l(asin.o)
    0x08006048   0x08006048   0x00000220   Code   RO         3924    i.atan              m_ws.l(atan.o)
    0x08006268   0x08006268   0x00000180   Code   RO         3586    i.atan2             m_ws.l(atan2.o)
    0x080063e8   0x080063e8   0x0000017c   Code   RO         3594    i.cosf              m_ws.l(cosf.o)
    0x08006564   0x08006564   0x00000024   Code   RO          428    i.fputc             usart.o
    0x08006588   0x08006588   0x0000004c   Code   RO         1291    i.invSqrt           imu.o
    0x080065d4   0x080065d4   0x0000000c   Code   RO            4    i.main              main.o
    0x080065e0   0x080065e0   0x00000188   Code   RO         3612    i.sinf              m_ws.l(sinf.o)
    0x08006768   0x08006768   0x0000004c   Code   RO         3972    i.sqrt              m_ws.l(sqrt.o)
    0x080067b4   0x080067b4   0x00000030   Code   RO          429    i.usart_send        usart.o
    0x080067e4   0x080067e4   0x00000024   Data   RO         1293    .constdata          imu.o
    0x08006808   0x08006808   0x00000050   Data   RO         3577    .constdata          m_ws.l(asin.o)
    0x08006858   0x08006858   0x00000098   Data   RO         3925    .constdata          m_ws.l(atan.o)
    0x080068f0   0x080068f0   0x00000008   Data   RO         3967    .constdata          m_ws.l(qnan.o)
    0x080068f8   0x080068f8   0x00000020   Data   RO         3969    .constdata          m_ws.l(rredf.o)
    0x08006918   0x08006918   0x00000020   Data   RO         4036    Region$$Table       anon$$obj.o


    Execution Region RW_IRAM1 (Exec base: 0x20000000, Load base: 0x08006938, Size: 0x00000f68, Max: 0x00005000, ABSOLUTE, COMPRESSED[0x00000068])

    Exec Addr    Load Addr    Size         Type   Attr      Idx    E Section Name        Object

    0x20000000   COMPRESSED   0x00000012   Data   RW          163    .data               stm32f10x_it.o
    0x20000012   COMPRESSED   0x00000002   PAD
    0x20000014   COMPRESSED   0x000001c6   Data   RW          247    .data               led.o
    0x200001da   COMPRESSED   0x00000004   Data   RW          392    .data               delay.o
    0x200001de   COMPRESSED   0x00000002   PAD
    0x200001e0   COMPRESSED   0x0000002a   Data   RW          838    .data               mpu6050.o
    0x2000020a   COMPRESSED   0x00000002   PAD
    0x2000020c   COMPRESSED   0x00000017   Data   RW         1000    .data               power.o
    0x20000223   COMPRESSED   0x0000000d   Data   RW         1065    .data               si24r1.o
    0x20000230   COMPRESSED   0x0000000e   Data   RW         1208    .data               filter.o
    0x2000023e   COMPRESSED   0x00000002   PAD
    0x20000240   COMPRESSED   0x00000021   Data   RW         1294    .data               imu.o
    0x20000261   COMPRESSED   0x00000003   PAD
    0x20000264   COMPRESSED   0x0000001c   Data   RW         1466    .data               control.o
    0x20000280   COMPRESSED   0x00000009   Data   RW         1602    .data               ano_dt.o
    0x20000289   COMPRESSED   0x00000001   PAD
    0x2000028a   COMPRESSED   0x0000000c   Data   RW         1695    .data               remotedata.o
    0x20000296   COMPRESSED   0x00000014   Data   RW         2437    .data               stm32f10x_rcc.o
    0x200002aa   COMPRESSED   0x00000002   PAD
    0x200002ac   COMPRESSED   0x00000014   Data   RW         3536    .data               system_stm32f10x.o
    0x200002c0   COMPRESSED   0x00000004   Data   RW         3623    .data               mc_w.l(rand.o)
    0x200002c4   COMPRESSED   0x00000004   Data   RW         3993    .data               mc_w.l(stdout.o)
    0x200002c8   COMPRESSED   0x00000004   Data   RW         4003    .data               mc_w.l(errno.o)
    0x200002cc        -       0x00000040   Zero   RW          719    .bss                fbm320.o
    0x2000030c        -       0x0000000e   Zero   RW          837    .bss                mpu6050.o
    0x2000031a        -       0x00000040   Zero   RW         1064    .bss                si24r1.o
    0x2000035a   COMPRESSED   0x00000002   PAD
    0x2000035c        -       0x00000500   Zero   RW         1207    .bss                filter.o
    0x2000085c        -       0x00000078   Zero   RW         1292    .bss                imu.o
    0x200008d4        -       0x0000003e   Zero   RW         1393    .bss                paramsave.o
    0x20000912   COMPRESSED   0x00000002   PAD
    0x20000914        -       0x000001e0   Zero   RW         1465    .bss                control.o
    0x20000af4        -       0x0000006e   Zero   RW         1601    .bss                ano_dt.o
    0x20000b62   COMPRESSED   0x00000006   PAD
    0x20000b68        -       0x00000400   Zero   RW         3522    STACK               startup_stm32f10x_md.o


==============================================================================

Image component sizes


      Code (inc. data)   RO Data    RW Data    ZI Data      Debug   Object Name

      4456        252          0          9        110      10486   ano_dt.o
       888        104          0         28        480       7834   control.o
       212         30          0          4          0       1859   delay.o
        80          6          0          0          0        568   exit.o
       450         30          0          0         64       9660   fbm320.o
       562         32          0         14       1280      12501   filter.o
       174         10          0          0          0       2545   flash.o
       854         52          0          0          0       8294   iic.o
      2032        116         36         33        120       8326   imu.o
       898         52          0        454          0       9165   led.o
        12          0          0          0          0     278515   main.o
       172         22          0          0          0       2245   misc.o
       368         16          0          0          0       1488   motor.o
       758         76          0         42         14      11197   mpu6050.o
        94          0          0          0          0        565   nvic.o
      1576        182          0          0         62       7999   paramsave.o
       400         62          0          0          0       5991   pid.o
       404         52          0         23          0       6805   power.o
       672         86          0         12          0       7442   remotedata.o
      1020        112          0         13         64       8880   si24r1.o
       184         14          0          0          0       1225   spi.o
        36          8        236          0       1024        852   startup_stm32f10x_md.o
       334         10          0          0          0       6112   stm32f10x_adc.o
       200         18          0          0          0       2292   stm32f10x_exti.o
       318         32          0          0          0       5146   stm32f10x_flash.o
       350          4          0          0          0       3870   stm32f10x_gpio.o
       464         68          0         18          0       2354   stm32f10x_it.o
       300         38          0         20          0       5189   stm32f10x_rcc.o
       112          0          0          0          0       4086   stm32f10x_spi.o
       934         92          0          0          0       9298   stm32f10x_tim.o
       462          6          0          0          0       6575   stm32f10x_usart.o
       288         68          0          0          0       1114   system.o
       328         28          0         20          0       2585   system_stm32f10x.o
        68          6          0          0          0        535   tim.o
       236         20          0          0          0       2342   usart.o

    ----------------------------------------------------------------------
     20724       1704        304        704       3228     455940   Object Totals
         0          0         32          0          0          0   (incl. Generated)
        28          0          0         14         10          0   (incl. Padding)

    ----------------------------------------------------------------------

      Code (inc. data)   RO Data    RW Data    ZI Data      Debug   Library Member Name

       624         52         80          0          0        168   asin.o
       544         70        152          0          0        124   atan.o
       384         38          0          0          0        144   atan2.o
       380         52          0          0          0        124   cosf.o
        38          6          0          0          0        272   dunder.o
        40          0          0          0          0         68   fpclassify.o
        38          0          0          0          0         68   fpclassifyf.o
        24          0          0          0          0        204   funder.o
       170          0          0          0          0         96   poly.o
         0          0          8          0          0          0   qnan.o
       360         16         32          0          0         88   rredf.o
       392         54          0          0          0        124   sinf.o
        76          0          0          0          0         84   sqrt.o
        86          0          0          0          0          0   __dczerorl2.o
         0          0          0          0          0          0   entry.o
         0          0          0          0          0          0   entry10a.o
         0          0          0          0          0          0   entry11a.o
         8          4          0          0          0          0   entry2.o
         4          0          0          0          0          0   entry5.o
         0          0          0          0          0          0   entry7b.o
         0          0          0          0          0          0   entry8b.o
         8          4          0          0          0          0   entry9a.o
        12          6          0          4          0         68   errno.o
        30          0          0          0          0          0   handlers.o
        36          8          0          0          0         68   init.o
         0          0          0          0          0          0   iusefp.o
        30          0          0          0          0         68   llshl.o
        36          0          0          0          0         68   llsshr.o
        32          0          0          0          0         68   llushr.o
        36          0          0          0          0         68   memcpya.o
        50          8          0          0          0        152   printfb.o
        36         10          0          4          0        136   rand.o
         0          0          0          4          0          0   stdout.o
        48          0          0          0          0         68   cdcmple.o
        48          0          0          0          0         68   cdrcmple.o
        20          0          0          0          0         68   cfcmple.o
        20          0          0          0          0         68   cfrcmple.o
        56          0          0          0          0         88   d2f.o
       334          0          0          0          0        148   dadd.o
       222          0          0          0          0        100   ddiv.o
       186          0          0          0          0        176   depilogue.o
        34          0          0          0          0         76   dflti.o
       228          0          0          0          0         96   dmul.o
        46          0          0          0          0         80   dscalb.o
       162          0          0          0          0        100   dsqrt.o
        38          0          0          0          0         68   f2d.o
       176          0          0          0          0        140   fadd.o
       124          0          0          0          0         88   fdiv.o
       110          0          0          0          0        168   fepilogue.o
        50          0          0          0          0         68   ffixi.o
        40          0          0          0          0         68   ffixui.o
        18          0          0          0          0         68   fflti.o
        10          0          0          0          0         68   ffltui.o
       100          0          0          0          0         76   fmul.o
        60          0          0          0          0         76   frnd.o
        24          0          0          0          0         68   fscalb.o

    ----------------------------------------------------------------------
      5636        328        272         12          0       4352   Library Totals
         8          0          0          0          0          0   (incl. Padding)

    ----------------------------------------------------------------------

      Code (inc. data)   RO Data    RW Data    ZI Data      Debug   Library Name

      3070        288        272          0          0       1564   m_ws.l
       404         40          0         12          0        696   mc_w.l
      2154          0          0          0          0       2092   mf_w.l

    ----------------------------------------------------------------------
      5636        328        272         12          0       4352   Library Totals

    ----------------------------------------------------------------------

==============================================================================


      Code (inc. data)   RO Data    RW Data    ZI Data      Debug   

     26360       2032        576        716       3228     449292   Grand Totals
     26360       2032        576        104       3228     449292   ELF Image Totals (compressed)
     26360       2032        576        104          0          0   ROM Totals

==============================================================================

    Total RO  Size (Code + RO Data)                26936 (  26.30kB)
    Total RW  Size (RW Data + ZI Data)              3944 (   3.85kB)
    Total ROM Size (Code + RO Data + RW Data)      27040 (  26.41kB)

==============================================================================

